Component: ARM Compiler 5.06 update 5 (build 528) Tool: armlink [4d35e2]

==============================================================================

Section Cross References

    delay.o(i.DelayInit) refers to system_stm32f10x.o(i.SystemCoreClockUpdate) for SystemCoreClockUpdate
    delay.o(i.DelayInit) refers to system_stm32f10x.o(.data) for SystemCoreClock
    delay.o(i.DelayInit) refers to delay.o(.data) for .data
    delay.o(i.DelayMs) refers to delay.o(.data) for .data
    delay.o(i.DelayUs) refers to delay.o(.data) for .data
    intrrupt_hndlrs.o(i.USART2_IRQHandler) refers to rt_cmsis.o(i.osSignalSet) for osSignalSet
    intrrupt_hndlrs.o(i.USART2_IRQHandler) refers to thread.o(.data) for tid_Uart_Read
    lcd16x2.o(i.lcd16x2_PutNum) refers to _printf_percent.o(.ARM.Collect$$_printf_percent$$00000000) for _printf_percent
    lcd16x2.o(i.lcd16x2_PutNum) refers to _printf_f.o(.ARM.Collect$$_printf_percent$$00000003) for _printf_f
    lcd16x2.o(i.lcd16x2_PutNum) refers to printf1.o(x$fpl$printf1) for _printf_fp_dec
    lcd16x2.o(i.lcd16x2_PutNum) refers to h1_alloc_mt.o(.text) for malloc
    lcd16x2.o(i.lcd16x2_PutNum) refers to f2d.o(x$fpl$f2d) for __aeabi_f2d
    lcd16x2.o(i.lcd16x2_PutNum) refers to noretval__2snprintf.o(.text) for __2snprintf
    lcd16x2.o(i.lcd16x2_PutNum) refers to lcd16x2.o(i.lcd16x2_puts) for lcd16x2_puts
    lcd16x2.o(i.lcd16x2_PutNum) refers to h1_free_mt.o(.text) for free
    lcd16x2.o(i.lcd16x2_blink_off) refers to lcd16x2.o(i.lcd16x2_write_command) for lcd16x2_write_command
    lcd16x2.o(i.lcd16x2_blink_off) refers to lcd16x2.o(.data) for .data
    lcd16x2.o(i.lcd16x2_blink_on) refers to lcd16x2.o(i.lcd16x2_write_command) for lcd16x2_write_command
    lcd16x2.o(i.lcd16x2_blink_on) refers to lcd16x2.o(.data) for .data
    lcd16x2.o(i.lcd16x2_clear_line) refers to lcd16x2.o(i.lcd16x2_wait_busy) for lcd16x2_wait_busy
    lcd16x2.o(i.lcd16x2_clear_line) refers to lcd16x2.o(i.lcd16x2_gotoxy) for lcd16x2_gotoxy
    lcd16x2.o(i.lcd16x2_clear_line) refers to lcd16x2.o(i.lcd16x2_puts) for lcd16x2_puts
    lcd16x2.o(i.lcd16x2_clrscr) refers to lcd16x2.o(i.lcd16x2_write_command) for lcd16x2_write_command
    lcd16x2.o(i.lcd16x2_create_custom_char) refers to lcd16x2.o(i.lcd16x2_write_command) for lcd16x2_write_command
    lcd16x2.o(i.lcd16x2_create_custom_char) refers to lcd16x2.o(i.lcd16x2_write_data) for lcd16x2_write_data
    lcd16x2.o(i.lcd16x2_cursor_off) refers to lcd16x2.o(i.lcd16x2_write_command) for lcd16x2_write_command
    lcd16x2.o(i.lcd16x2_cursor_off) refers to lcd16x2.o(.data) for .data
    lcd16x2.o(i.lcd16x2_cursor_on) refers to lcd16x2.o(i.lcd16x2_write_command) for lcd16x2_write_command
    lcd16x2.o(i.lcd16x2_cursor_on) refers to lcd16x2.o(.data) for .data
    lcd16x2.o(i.lcd16x2_cursor_shift_left) refers to lcd16x2.o(i.lcd16x2_write_command) for lcd16x2_write_command
    lcd16x2.o(i.lcd16x2_cursor_shift_right) refers to lcd16x2.o(i.lcd16x2_write_command) for lcd16x2_write_command
    lcd16x2.o(i.lcd16x2_display_off) refers to lcd16x2.o(i.lcd16x2_write_command) for lcd16x2_write_command
    lcd16x2.o(i.lcd16x2_display_off) refers to lcd16x2.o(.data) for .data
    lcd16x2.o(i.lcd16x2_display_on) refers to lcd16x2.o(i.lcd16x2_write_command) for lcd16x2_write_command
    lcd16x2.o(i.lcd16x2_display_on) refers to lcd16x2.o(.data) for .data
    lcd16x2.o(i.lcd16x2_display_shift_left) refers to lcd16x2.o(i.lcd16x2_write_command) for lcd16x2_write_command
    lcd16x2.o(i.lcd16x2_display_shift_right) refers to lcd16x2.o(i.lcd16x2_write_command) for lcd16x2_write_command
    lcd16x2.o(i.lcd16x2_entry_dec) refers to lcd16x2.o(i.lcd16x2_write_command) for lcd16x2_write_command
    lcd16x2.o(i.lcd16x2_entry_dec_shift) refers to lcd16x2.o(i.lcd16x2_write_command) for lcd16x2_write_command
    lcd16x2.o(i.lcd16x2_entry_inc) refers to lcd16x2.o(i.lcd16x2_write_command) for lcd16x2_write_command
    lcd16x2.o(i.lcd16x2_entry_inc_shift) refers to lcd16x2.o(i.lcd16x2_write_command) for lcd16x2_write_command
    lcd16x2.o(i.lcd16x2_getxy) refers to lcd16x2.o(i.lcd16x2_wait_busy) for lcd16x2_wait_busy
    lcd16x2.o(i.lcd16x2_gotoxy) refers to lcd16x2.o(i.lcd16x2_write_command) for lcd16x2_write_command
    lcd16x2.o(i.lcd16x2_home) refers to lcd16x2.o(i.lcd16x2_write_command) for lcd16x2_write_command
    lcd16x2.o(i.lcd16x2_init) refers to delay.o(i.DelayInit) for DelayInit
    lcd16x2.o(i.lcd16x2_init) refers to stm32f10x_rcc.o(i.RCC_APB2PeriphClockCmd) for RCC_APB2PeriphClockCmd
    lcd16x2.o(i.lcd16x2_init) refers to stm32f10x_gpio.o(i.GPIO_Init) for GPIO_Init
    lcd16x2.o(i.lcd16x2_init) refers to delay.o(i.DelayUs) for DelayUs
    lcd16x2.o(i.lcd16x2_init) refers to lcd16x2.o(i.lcd16x2_toggle_e) for lcd16x2_toggle_e
    lcd16x2.o(i.lcd16x2_init) refers to lcd16x2.o(i.lcd16x2_write_command) for lcd16x2_write_command
    lcd16x2.o(i.lcd16x2_init) refers to lcd16x2.o(.data) for .data
[...]
    _fp_trap_shutdown                         - Undefined Weak Reference
    _get_lc_collate                           - Undefined Weak Reference
    _get_lc_ctype                             - Undefined Weak Reference
    _get_lc_monetary                          - Undefined Weak Reference
    _get_lc_time                              - Undefined Weak Reference
    _getenv_init                              - Undefined Weak Reference
    _handle_redirection                       - Undefined Weak Reference
    _initio                                   - Undefined Weak Reference
    _mutex_free                               - Undefined Weak Reference
    _printf_post_padding                      - Undefined Weak Reference
    _printf_pre_padding                       - Undefined Weak Reference
    _rand_init                                - Undefined Weak Reference
    _signal_finish                            - Undefined Weak Reference
    _signal_init                              - Undefined Weak Reference
    _terminateio                              - Undefined Weak Reference
    __Vectors_Size                           0x000000ec   Number         0  startup_stm32f10x_md.o ABSOLUTE
    __RL_RTX_VER                             0x00000482   Number         0  rt_system.o ABSOLUTE
    __Vectors                                0x08000000   Data           4  startup_stm32f10x_md.o(RESET)
    __Vectors_End                            0x080000ec   Data           0  startup_stm32f10x_md.o(RESET)
    __main                                   0x080000ed   Thumb Code     8  __main.o(!!!main)
    __scatterload                            0x080000f5   Thumb Code     0  __scatter.o(!!!scatter)
    __scatterload_rt2                        0x080000f5   Thumb Code    44  __scatter.o(!!!scatter)
    __scatterload_rt2_thumb_only             0x080000f5   Thumb Code     0  __scatter.o(!!!scatter)
    __scatterload_null                       0x08000103   Thumb Code     0  __scatter.o(!!!scatter)
    __scatterload_copy                       0x08000129   Thumb Code    26  __scatter_copy.o(!!handler_copy)
    __scatterload_zeroinit                   0x08000145   Thumb Code    28  __scatter_zi.o(!!handler_zi)
    _printf_f                                0x08000161   Thumb Code     0  _printf_f.o(.ARM.Collect$$_printf_percent$$00000003)
    _printf_percent                          0x08000161   Thumb Code     0  _printf_percent.o(.ARM.Collect$$_printf_percent$$00000000)
    _printf_percent_end                      0x08000167   Thumb Code     0  _printf_percent_end.o(.ARM.Collect$$_printf_percent$$00000017)
    __rt_lib_init                            0x0800016b   Thumb Code     0  libinit.o(.ARM.Collect$$libinit$$00000000)
    __rt_lib_init_fp_1                       0x0800016d   Thumb Code     0  libinit2.o(.ARM.Collect$$libinit$$00000002)
    __rt_lib_init_heap_2                     0x0800016d   Thumb Code     0  libinit2.o(.ARM.Collect$$libinit$$00000005)
    __rt_lib_init_preinit_1                  0x0800016d   Thumb Code     0  libinit2.o(.ARM.Collect$$libinit$$00000004)
    __rt_lib_init_heap_1                     0x08000175   Thumb Code     0  libinit2.o(.ARM.Collect$$libinit$$0000000A)
    __rt_lib_init_lc_common                  0x08000175   Thumb Code     0  libinit2.o(.ARM.Collect$$libinit$$0000000F)
    __rt_lib_init_rand_1                     0x08000175   Thumb Code     0  libinit2.o(.ARM.Collect$$libinit$$0000000E)
    __rt_lib_init_user_alloc_1               0x08000175   Thumb Code     0  libinit2.o(.ARM.Collect$$libinit$$0000000C)
    __rt_lib_init_lc_collate_1               0x0800017b   Thumb Code     0  libinit2.o(.ARM.Collect$$libinit$$00000011)
    __rt_lib_init_lc_ctype_1                 0x0800017b   Thumb Code     0  libinit2.o(.ARM.Collect$$libinit$$00000013)
    __rt_lib_init_lc_monetary_1              0x0800017b   Thumb Code     0  libinit2.o(.ARM.Collect$$libinit$$00000015)
    __rt_lib_init_lc_numeric_2               0x0800017b   Thumb Code     0  libinit2.o(.ARM.Collect$$libinit$$00000016)
    __rt_lib_init_alloca_1                   0x08000185   Thumb Code     0  libinit2.o(.ARM.Collect$$libinit$$0000002E)
    __rt_lib_init_argv_1                     0x08000185   Thumb Code     0  libinit2.o(.ARM.Collect$$libinit$$0000002C)
    __rt_lib_init_atexit_1                   0x08000185   Thumb Code     0  libinit2.o(.ARM.Collect$$libinit$$0000001B)
    __rt_lib_init_clock_1                    0x08000185   Thumb Code     0  libinit2.o(.ARM.Collect$$libinit$$00000021)
    __rt_lib_init_cpp_1                      0x08000185   Thumb Code     0  libinit2.o(.ARM.Collect$$libinit$$00000032)
    __rt_lib_init_exceptions_1               0x08000185   Thumb Code     0  libinit2.o(.ARM.Collect$$libinit$$00000030)
    __rt_lib_init_fp_trap_1                  0x08000185   Thumb Code     0  libinit2.o(.ARM.Collect$$libinit$$0000001F)
    __rt_lib_init_getenv_1                   0x08000185   Thumb Code     0  libinit2.o(.ARM.Collect$$libinit$$00000023)
    __rt_lib_init_lc_numeric_1               0x08000185   Thumb Code     0  libinit2.o(.ARM.Collect$$libinit$$00000017)
    __rt_lib_init_lc_time_1                  0x08000185   Thumb Code     0  libinit2.o(.ARM.Collect$$libinit$$00000019)
    __rt_lib_init_return                     0x08000185   Thumb Code     0  libinit2.o(.ARM.Collect$$libinit$$00000033)
    __rt_lib_init_signal_1                   0x08000185   Thumb Code     0  libinit2.o(.ARM.Collect$$libinit$$0000001D)
    __rt_lib_init_stdio_1                    0x08000185   Thumb Code     0  libinit2.o(.ARM.Collect$$libinit$$00000025)
    __rt_lib_shutdown                        0x08000187   Thumb Code     0  libshutdown.o(.ARM.Collect$$libshutdown$$00000000)
    __rt_lib_shutdown_cpp_1                  0x08000189   Thumb Code     0  libshutdown2.o(.ARM.Collect$$libshutdown$$00000002)
    __rt_lib_shutdown_fp_trap_1              0x08000189   Thumb Code     0  libshutdown2.o(.ARM.Collect$$libshutdown$$00000007)
    __rt_lib_shutdown_heap_1                 0x08000189   Thumb Code     0  libshutdown2.o(.ARM.Collect$$libshutdown$$0000000F)
    __rt_lib_shutdown_return                 0x08000189   Thumb Code     0  libshutdown2.o(.ARM.Collect$$libshutdown$$00000010)
    __rt_lib_shutdown_signal_1               0x08000189   Thumb Code     0  libshutdown2.o(.ARM.Collect$$libshutdown$$0000000A)
    __rt_lib_shutdown_stdio_1                0x08000189   Thumb Code     0  libshutdown2.o(.ARM.Collect$$libshutdown$$00000004)
    __rt_lib_shutdown_user_alloc_1           0x08000189   Thumb Code     0  libshutdown2.o(.ARM.Collect$$libshutdown$$0000000C)
    __rt_entry                               0x0800018b   Thumb Code     0  __rtentry.o(.ARM.Collect$$rtentry$$00000000)
    __rt_entry_presh_1                       0x0800018b   Thumb Code     0  __rtentry2.o(.ARM.Collect$$rtentry$$00000002)
    __rt_entry_sh                            0x0800018b   Thumb Code     0  __rtentry4.o(.ARM.Collect$$rtentry$$00000004)
    __rt_entry_li                            0x08000191   Thumb Code     0  __rtentry2.o(.ARM.Collect$$rtentry$$0000000A)
    __rt_entry_postsh_1                      0x08000191   Thumb Code     0  __rtentry2.o(.ARM.Collect$$rtentry$$00000009)
    __rt_entry_postli_1                      0x08000195   Thumb Code     0  __rtentry2.o(.ARM.Collect$$rtentry$$0000000B)
    __rt_entry_main                          0x0800019d   Thumb Code     0  __rtentry2.o(.ARM.Collect$$rtentry$$0000000D)
    __rt_exit                                0x080001a5   Thumb Code     0  rtexit.o(.ARM.Collect$$rtexit$$00000000)
    __rt_exit_ls                             0x080001a7   Thumb Code     0  rtexit2.o(.ARM.Collect$$rtexit$$00000003)
    __rt_exit_prels_1                        0x080001a7   Thumb Code     0  rtexit2.o(.ARM.Collect$$rtexit$$00000002)
    __rt_exit_exit                           0x080001ab   Thumb Code     0  rtexit2.o(.ARM.Collect$$rtexit$$00000004)
    _platform_post_lib_init                  0x080001b1   Thumb Code    24  rtx_conf_cm.o(.emb_text)
    rt_set_PSP                               0x080001cd   Thumb Code     6  hal_cm3.o(.emb_text)
    rt_get_PSP                               0x080001d3   Thumb Code     6  hal_cm3.o(.emb_text)
    os_set_env                               0x080001d9   Thumb Code    24  hal_cm3.o(.emb_text)
    _alloc_box                               0x080001f5   Thumb Code    28  hal_cm3.o(.emb_text)
    _free_box                                0x08000215   Thumb Code    28  hal_cm3.o(.emb_text)
    SVC_Handler                              0x08000235   Thumb Code   108  hal_cm3.o(.emb_text)
    PendSV_Handler                           0x080002ad   Thumb Code    56  hal_cm3.o(.emb_text)
    SysTick_Handler                          0x080002e9   Thumb Code     8  hal_cm3.o(.emb_text)
    OS_Tick_Handler                          0x080002f1   Thumb Code    12  hal_cm3.o(.emb_text)
    Reset_Handler                            0x080002fd   Thumb Code     8  startup_stm32f10x_md.o(.text)
    _maybe_terminate_alloc                   0x080002fd   Thumb Code     0  maybetermalloc1.o(.emb_text)
    NMI_Handler                              0x08000305   Thumb Code     2  startup_stm32f10x_md.o(.text)
    HardFault_Handler                        0x08000307   Thumb Code     2  startup_stm32f10x_md.o(.text)
    MemManage_Handler                        0x08000309   Thumb Code     2  startup_stm32f10x_md.o(.text)
    BusFault_Handler                         0x0800030b   Thumb Code     2  startup_stm32f10x_md.o(.text)
    UsageFault_Handler                       0x0800030d   Thumb Code     2  startup_stm32f10x_md.o(.text)
    DebugMon_Handler                         0x08000311   Thumb Code     2  startup_stm32f10x_md.o(.text)
    ADC1_2_IRQHandler                        0x08000317   Thumb Code     0  startup_stm32f10x_md.o(.text)
    CAN1_RX1_IRQHandler                      0x08000317   Thumb Code     0  startup_stm32f10x_md.o(.text)
    CAN1_SCE_IRQHandler                      0x08000317   Thumb Code     0  startup_stm32f10x_md.o(.text)
    DMA1_Channel1_IRQHandler                 0x08000317   Thumb Code     0  startup_stm32f10x_md.o(.text)
    DMA1_Channel2_IRQHandler                 0x08000317   Thumb Code     0  startup_stm32f10x_md.o(.text)
    DMA1_Channel3_IRQHandler                 0x08000317   Thumb Code     0  startup_stm32f10x_md.o(.text)
    DMA1_Channel4_IRQHandler                 0x08000317   Thumb Code     0  startup_stm32f10x_md.o(.text)
    DMA1_Channel5_IRQHandler                 0x08000317   Thumb Code     0  startup_stm32f10x_md.o(.text)
    DMA1_Channel6_IRQHandler                 0x08000317   Thumb Code     0  startup_stm32f10x_md.o(.text)
    DMA1_Channel7_IRQHandler                 0x08000317   Thumb Code     0  startup_stm32f10x_md.o(.text)
    EXTI0_IRQHandler                         0x08000317   Thumb Code     0  startup_stm32f10x_md.o(.text)
    EXTI15_10_IRQHandler                     0x08000317   Thumb Code     0  startup_stm32f10x_md.o(.text)
    EXTI1_IRQHandler                         0x08000317   Thumb Code     0  startup_stm32f10x_md.o(.text)
    EXTI2_IRQHandler                         0x08000317   Thumb Code     0  startup_stm32f10x_md.o(.text)
    EXTI3_IRQHandler                         0x08000317   Thumb Code     0  startup_stm32f10x_md.o(.text)
    EXTI4_IRQHandler                         0x08000317   Thumb Code     0  startup_stm32f10x_md.o(.text)
    EXTI9_5_IRQHandler                       0x08000317   Thumb Code     0  startup_stm32f10x_md.o(.text)
    FLASH_IRQHandler                         0x08000317   Thumb Code     0  startup_stm32f10x_md.o(.text)
    I2C1_ER_IRQHandler                       0x08000317   Thumb Code     0  startup_stm32f10x_md.o(.text)
    I2C1_EV_IRQHandler                       0x08000317   Thumb Code     0  startup_stm32f10x_md.o(.text)
    I2C2_ER_IRQHandler                       0x08000317   Thumb Code     0  startup_stm32f10x_md.o(.text)
    I2C2_EV_IRQHandler                       0x08000317   Thumb Code     0  startup_stm32f10x_md.o(.text)
    PVD_IRQHandler                           0x08000317   Thumb Code     0  startup_stm32f10x_md.o(.text)
    RCC_IRQHandler                           0x08000317   Thumb Code     0  startup_stm32f10x_md.o(.text)
    RTCAlarm_IRQHandler                      0x08000317   Thumb Code     0  startup_stm32f10x_md.o(.text)
    RTC_IRQHandler                           0x08000317   Thumb Code     0  startup_stm32f10x_md.o(.text)
    SPI1_IRQHandler                          0x08000317   Thumb Code     0  startup_stm32f10x_md.o(.text)
    TAMPER_IRQHandler                        0x08000317   Thumb Code     0  startup_stm32f10x_md.o(.text)
    TIM1_BRK_IRQHandler                      0x08000317   Thumb Code     0  startup_stm32f10x_md.o(.text)
    TIM1_CC_IRQHandler                       0x08000317   Thumb Code     0  startup_stm32f10x_md.o(.text)
    TIM1_TRG_COM_IRQHandler                  0x08000317   Thumb Code     0  startup_stm32f10x_md.o(.text)
    TIM1_UP_IRQHandler                       0x08000317   Thumb Code     0  startup_stm32f10x_md.o(.text)
    TIM2_IRQHandler                          0x08000317   Thumb Code     0  startup_stm32f10x_md.o(.text)
    TIM3_IRQHandler                          0x08000317   Thumb Code     0  startup_stm32f10x_md.o(.text)
    TIM4_IRQHandler                          0x08000317   Thumb Code     0  startup_stm32f10x_md.o(.text)
    USART1_IRQHandler                        0x08000317   Thumb Code     0  startup_stm32f10x_md.o(.text)
    USART3_IRQHandler                        0x08000317   Thumb Code     0  startup_stm32f10x_md.o(.text)
    USBWakeUp_IRQHandler                     0x08000317   Thumb Code     0  startup_stm32f10x_md.o(.text)
    USB_HP_CAN1_TX_IRQHandler                0x08000317   Thumb Code     0  startup_stm32f10x_md.o(.text)
    USB_LP_CAN1_RX0_IRQHandler               0x08000317   Thumb Code     0  startup_stm32f10x_md.o(.text)
    WWDG_IRQHandler                          0x08000317   Thumb Code     0  startup_stm32f10x_md.o(.text)
    __user_initial_stackheap                 0x08000319   Thumb Code     0  startup_stm32f10x_md.o(.text)
    __user_libspace                          0x0800033d   Thumb Code     8  libspace.o(.text)
    __user_perproc_libspace                  0x0800033d   Thumb Code     0  libspace.o(.text)
    _malloc_internal                         0x0800034d   Thumb Code   130  h1_alloc_mt.o(.text)
    malloc                                   0x080003cf   Thumb Code    20  h1_alloc_mt.o(.text)
    _free_internal                           0x080003e3   Thumb Code    98  h1_free_mt.o(.text)
    free                                     0x08000445   Thumb Code    20  h1_free_mt.o(.text)
    __2snprintf                              0x08000459   Thumb Code    48  noretval__2snprintf.o(.text)
    __printf                                 0x0800048d   Thumb Code   104  __printf.o(.text)
    exit                                     0x080004f5   Thumb Code    18  exit.o(.text)
    __aeabi_memcpy                           0x08000507   Thumb Code     0  rt_memcpy_v6.o(.text)
    __rt_memcpy                              0x08000507   Thumb Code   138  rt_memcpy_v6.o(.text)
    _memcpy_lastbytes                        0x0800056d   Thumb Code     0  rt_memcpy_v6.o(.text)
    __aeabi_memcpy4                          0x08000591   Thumb Code     0  rt_memcpy_w.o(.text)
    __aeabi_memcpy8                          0x08000591   Thumb Code     0  rt_memcpy_w.o(.text)
    __rt_memcpy_w                            0x08000591   Thumb Code   100  rt_memcpy_w.o(.text)
    _memcpy_lastbytes_aligned                0x080005d9   Thumb Code     0  rt_memcpy_w.o(.text)
    __use_two_region_memory                  0x080005f5   Thumb Code     2  heapauxi.o(.text)
    __rt_heap_escrow                         0x080005f7   Thumb Code     2  heapauxi.o(.text)
    __rt_heap_expand                         0x080005f9   Thumb Code     2  heapauxi.o(.text)
    __rt_heap_descriptor                     0x080005fb   Thumb Code    10  rt_heap_descriptor_twolibspace.o(.text)
    __use_no_heap                            0x08000605   Thumb Code     2  hguard.o(.text)
    __heap$guard                             0x08000607   Thumb Code     2  hguard.o(.text)
    _terminate_user_alloc                    0x08000609   Thumb Code     2  init_alloc.o(.text)
    _init_user_alloc                         0x0800060b   Thumb Code     2  init_alloc.o(.text)
    __Heap_Full                              0x0800060d   Thumb Code    34  init_alloc.o(.text)
    __Heap_Broken                            0x0800062f   Thumb Code     6  init_alloc.o(.text)
    _init_alloc                              0x08000635   Thumb Code    94  init_alloc.o(.text)
    __Heap_Initialize                        0x08000693   Thumb Code    14  h1_init_mt.o(.text)
    __Heap_DescSize                          0x080006a1   Thumb Code     4  h1_init_mt.o(.text)
    __lib_sel_fp_printf                      0x080006a5   Thumb Code     2  _printf_fp_dec.o(.text)
    _printf_fp_dec_real                      0x08000857   Thumb Code   620  _printf_fp_dec.o(.text)
    _printf_char_common                      0x08000acf   Thumb Code    32  _printf_char_common.o(.text)
    _sputc                                   0x08000af5   Thumb Code    10  _sputc.o(.text)
    _snputc                                  0x08000aff   Thumb Code    16  _snputc.o(.text)
    __rt_locale                              0x08000b0f   Thumb Code    10  rt_locale_twolibspace.o(.text)
    __Heap_ProvideMemory                     0x08000b19   Thumb Code    62  h1_extend_mt.o(.text)
    _ll_udiv10                               0x08000b57   Thumb Code   138  lludiv10.o(.text)
    _printf_fp_infnan                        0x08000be1   Thumb Code   112  _printf_fp_infnan.o(.text)
    _btod_etento                             0x08000c61   Thumb Code   224  bigflt0.o(.text)
    __rt_SIGRTMEM                            0x08000d45   Thumb Code    14  defsig_rtmem_outer.o(.text)
    _sys_exit                                0x08000d55   Thumb Code     8  sys_exit.o(.text)
    __I$use$semihosting                      0x08000d61   Thumb Code     0  use_no_semi.o(.text)
    __use_no_semihosting_swi                 0x08000d61   Thumb Code     2  use_no_semi.o(.text)
    __semihosting_library_function           0x08000d63   Thumb Code     0  indicate_semi.o(.text)
    __user_setup_stackheap                   0x08000d63   Thumb Code    74  sys_stackheap_outer.o(.text)
    __sig_exit                               0x08000dad   Thumb Code    10  defsig_exit.o(.text)
    __rt_SIGRTMEM_inner                      0x08000db9   Thumb Code    22  defsig_rtmem_inner.o(.text)
    strcmp                                   0x08000e09   Thumb Code   128  strcmpv7m.o(.text)
    __default_signal_display                 0x08000e89   Thumb Code    50  defsig_general.o(.text)
    _ttywrch                                 0x08000ebb   Thumb Code    14  sys_wrch.o(.text)
    _btod_d2e                                0x08000ec9   Thumb Code    62  btod.o(CL$$btod_d2e)
    _d2e_denorm_low                          0x08000f07   Thumb Code    70  btod.o(CL$$btod_d2e_denorm_low)
    _d2e_norm_op1                            0x08000f4d   Thumb Code    96  btod.o(CL$$btod_d2e_norm_op1)
    __btod_div_common                        0x08000fad   Thumb Code   696  btod.o(CL$$btod_div_common)
    _e2e                                     0x080012e5   Thumb Code   220  btod.o(CL$$btod_e2e)
    _btod_ediv                               0x080013c1   Thumb Code    42  btod.o(CL$$btod_ediv)
    _btod_emul                               0x080013eb   Thumb Code    42  btod.o(CL$$btod_emul)
    __btod_mult_common                       0x08001415   Thumb Code   580  btod.o(CL$$btod_mult_common)
    SVC_Count                                0x08001658   Data           4  svc_table.o(SVC_TABLE)
    ADC1_Init                                0x0800165d   Thumb Code   140  system_parameters.o(i.ADC1_Init)
    SVC_Table                                0x0800165c   Data           0  svc_table.o(SVC_TABLE)
    ADC_Cmd                                  0x080016f1   Thumb Code    20  stm32f10x_adc.o(i.ADC_Cmd)
    ADC_GetCalibrationStatus                 0x08001705   Thumb Code    14  stm32f10x_adc.o(i.ADC_GetCalibrationStatus)
    ADC_GetResetCalibrationStatus            0x08001713   Thumb Code    14  stm32f10x_adc.o(i.ADC_GetResetCalibrationStatus)
    ADC_Init                                 0x08001721   Thumb Code    62  stm32f10x_adc.o(i.ADC_Init)
    ADC_RegularChannelConfig                 0x08001769   Thumb Code   116  stm32f10x_adc.o(i.ADC_RegularChannelConfig)
    ADC_ResetCalibration                     0x080017dd   Thumb Code    10  stm32f10x_adc.o(i.ADC_ResetCalibration)
    ADC_SoftwareStartConvCmd                 0x080017e7   Thumb Code    20  stm32f10x_adc.o(i.ADC_SoftwareStartConvCmd)
    ADC_StartCalibration                     0x080017fb   Thumb Code    10  stm32f10x_adc.o(i.ADC_StartCalibration)
    DelayInit                                0x08001805   Thumb Code    16  delay.o(i.DelayInit)
    DelayUs                                  0x0800181d   Thumb Code    18  delay.o(i.DelayUs)
    Fun_Adc_Read                             0x08001839   Thumb Code   134  thread.o(i.Fun_Adc_Read)
    Fun_Lcd                                  0x080018d1   Thumb Code   124  thread.o(i.Fun_Lcd)
    Fun_SPI_Read                             0x08001959   Thumb Code   148  thread.o(i.Fun_SPI_Read)
    Fun_SPI_Write                            0x080019f9   Thumb Code    24  thread.o(i.Fun_SPI_Write)
    Fun_Uart_Read                            0x08001a15   Thumb Code   158  thread.o(i.Fun_Uart_Read)
    Fun_Uart_Write                           0x08001ac5   Thumb Code    24  thread.o(i.Fun_Uart_Write)
    GPIO_Init                                0x08001ae1   Thumb Code   162  stm32f10x_gpio.o(i.GPIO_Init)
    Init_MailQueue                           0x08001b85   Thumb Code    18  mailqueue.o(i.Init_MailQueue)
    Init_Thread                              0x08001ba1   Thumb Code    96  thread.o(i.Init_Thread)
    Init_messageQue                          0x08001c09   Thumb Code    32  msgqueue.o(i.Init_messageQue)
    LCD_system_Init                          0x08001c31   Thumb Code    48  main.o(i.LCD_system_Init)
    NVIC_Init                                0x08001c6d   Thumb Code    94  misc.o(i.NVIC_Init)
    NVIC_PriorityGroupConfig                 0x08001cd1   Thumb Code    10  misc.o(i.NVIC_PriorityGroupConfig)
    RCC_ADCCLKConfig                         0x08001ce5   Thumb Code    14  stm32f10x_rcc.o(i.RCC_ADCCLKConfig)
    RCC_APB1PeriphClockCmd                   0x08001cf9   Thumb Code    18  stm32f10x_rcc.o(i.RCC_APB1PeriphClockCmd)
    RCC_APB2PeriphClockCmd                   0x08001d11   Thumb Code    18  stm32f10x_rcc.o(i.RCC_APB2PeriphClockCmd)
    RCC_GetClocksFreq                        0x08001d29   Thumb Code   128  stm32f10x_rcc.o(i.RCC_GetClocksFreq)
    SPI2_GetChar                             0x08001db9   Thumb Code     6  system_parameters.o(i.SPI2_GetChar)
    SPI2_IRQHandler                          0x08001dc5   Thumb Code    12  intrrupt_hndlrs.o(i.SPI2_IRQHandler)
    SPI2_Init                                0x08001dd5   Thumb Code   150  system_parameters.o(i.SPI2_Init)
    SPI_I2S_ReceiveData                      0x08001e75   Thumb Code     4  stm32f10x_spi.o(i.SPI_I2S_ReceiveData)
    SPI_Init                                 0x08001e79   Thumb Code    56  stm32f10x_spi.o(i.SPI_Init)
    SystemCoreClockUpdate                    0x08001f59   Thumb Code    84  system_stm32f10x.o(i.SystemCoreClockUpdate)
    SystemInit                               0x08001fbd   Thumb Code    64  system_stm32f10x.o(i.SystemInit)
    USART2_GetChar                           0x0800200d   Thumb Code     6  system_parameters.o(i.USART2_GetChar)
    USART2_IRQHandler                        0x08002019   Thumb Code    20  intrrupt_hndlrs.o(i.USART2_IRQHandler)
    USART2_Init                              0x08002035   Thumb Code   178  system_parameters.o(i.USART2_Init)
    USART2_PutChar                           0x080020f5   Thumb Code    30  system_parameters.o(i.USART2_PutChar)
    USART_Cmd                                0x08002119   Thumb Code    20  stm32f10x_usart.o(i.USART_Cmd)
    USART_GetFlagStatus                      0x0800212d   Thumb Code    14  stm32f10x_usart.o(i.USART_GetFlagStatus)
    USART_ITConfig                           0x0800213b   Thumb Code    48  stm32f10x_usart.o(i.USART_ITConfig)
    USART_Init                               0x0800216d   Thumb Code   166  stm32f10x_usart.o(i.USART_Init)
    USART_ReceiveData                        0x08002219   Thumb Code     8  stm32f10x_usart.o(i.USART_ReceiveData)
    USART_SendData                           0x08002221   Thumb Code     8  stm32f10x_usart.o(i.USART_SendData)
    __ARM_fpclassify                         0x08002229   Thumb Code    40  fpclassify.o(i.__ARM_fpclassify)
    _init_box                                0x08002251   Thumb Code    70  rt_membox.o(i._init_box)
    _mutex_acquire                           0x08002299   Thumb Code    22  rtx_conf_cm.o(i._mutex_acquire)
    _mutex_initialize                        0x080022b9   Thumb Code    34  rtx_conf_cm.o(i._mutex_initialize)
    _mutex_release                           0x080022e5   Thumb Code    18  rtx_conf_cm.o(i._mutex_release)
    dbg_init                                 0x08002301   Thumb Code    34  hal_cm.o(i.dbg_init)
    dbg_task_notify                          0x08002331   Thumb Code    32  hal_cm.o(i.dbg_task_notify)
    dbg_task_switch                          0x08002351   Thumb Code    16  hal_cm.o(i.dbg_task_switch)
    isrMessageGet                            0x08002361   Thumb Code    42  rt_cmsis.o(i.isrMessageGet)
    isrMessagePut                            0x0800238b   Thumb Code    44  rt_cmsis.o(i.isrMessagePut)
    isrSignalSet                             0x080023b7   Thumb Code    36  rt_cmsis.o(i.isrSignalSet)
    isr_evt_set                              0x080023dd   Thumb Code    34  rt_event.o(i.isr_evt_set)
    isr_mbx_receive                          0x08002405   Thumb Code    86  rt_mailbox.o(i.isr_mbx_receive)
    isr_mbx_send                             0x0800245b   Thumb Code    14  rt_mailbox.o(i.isr_mbx_send)
    lcd16x2_PutNum                           0x08002469   Thumb Code    50  lcd16x2.o(i.lcd16x2_PutNum)
    lcd16x2_clear_line                       0x080024a1   Thumb Code    32  lcd16x2.o(i.lcd16x2_clear_line)
    lcd16x2_gotoxy                           0x080024d5   Thumb Code    22  lcd16x2.o(i.lcd16x2_gotoxy)
    lcd16x2_init                             0x080024ed   Thumb Code   178  lcd16x2.o(i.lcd16x2_init)
    lcd16x2_putc                             0x080025ad   Thumb Code    68  lcd16x2.o(i.lcd16x2_putc)
    lcd16x2_puts                             0x080025f1   Thumb Code    20  lcd16x2.o(i.lcd16x2_puts)
    lcd16x2_write_command                    0x080027d5   Thumb Code    20  lcd16x2.o(i.lcd16x2_write_command)
    lcd16x2_write_data                       0x080027e9   Thumb Code    20  lcd16x2.o(i.lcd16x2_write_data)
    main                                     0x080027fd   Thumb Code    48  main.o(i.main)
    osDelay                                  0x0800282d   Thumb Code    18  rt_cmsis.o(i.osDelay)
    osKernelInitialize                       0x08002845   Thumb Code    30  rt_cmsis.o(i.osKernelInitialize)
    osKernelStart                            0x08002869   Thumb Code    98  rt_cmsis.o(i.osKernelStart)
    osMailAlloc                              0x080028d5   Thumb Code    22  rt_cmsis.o(i.osMailAlloc)
    osMailCreate                             0x080028f1   Thumb Code    36  rt_cmsis.o(i.osMailCreate)
    osMailFree                               0x0800291d   Thumb Code    22  rt_cmsis.o(i.osMailFree)
    osMailGet                                0x08002939   Thumb Code    22  rt_cmsis.o(i.osMailGet)
    osMailPut                                0x0800294f   Thumb Code    20  rt_cmsis.o(i.osMailPut)
    osMessageCreate                          0x08002965   Thumb Code    36  rt_cmsis.o(i.osMessageCreate)
    osMessageGet                             0x08002991   Thumb Code    18  rt_cmsis.o(i.osMessageGet)
    osMessagePut                             0x080029a9   Thumb Code    18  rt_cmsis.o(i.osMessagePut)
    osSignalClear                            0x080029c1   Thumb Code    20  rt_cmsis.o(i.osSignalClear)
    osSignalSet                              0x080029d9   Thumb Code    18  rt_cmsis.o(i.osSignalSet)
    osSignalWait                             0x080029f1   Thumb Code    18  rt_cmsis.o(i.osSignalWait)
    osThreadCreate                           0x08002a09   Thumb Code    36  rt_cmsis.o(i.osThreadCreate)
    osThreadExit                             0x08002a35   Thumb Code    14  rt_cmsis.o(i.osThreadExit)
    osTimerCall                              0x08002a4d   Thumb Code     8  rt_cmsis.o(i.osTimerCall)
    osTimerThread                            0x08002a59   Thumb Code    38  rt_cmsis.o(i.osTimerThread)
    os_error                                 0x08002a85   Thumb Code     2  rtx_conf_cm.o(i.os_error)
    os_idle_demon                            0x08002a87   Thumb Code     2  rtx_conf_cm.o(i.os_idle_demon)
    os_tick_init                             0x08002a89   Thumb Code    32  rt_system.o(i.os_tick_init)
    os_tick_irqack                           0x08002ab1   Thumb Code     2  rt_system.o(i.os_tick_irqack)
    rt_alloc_box                             0x08002ab3   Thumb Code    26  rt_membox.o(i.rt_alloc_box)
    rt_alloc_mem                             0x08002acd   Thumb Code    62  rt_memory.o(i.rt_alloc_mem)
    rt_block                                 0x08002b0d   Thumb Code    48  rt_task.o(i.rt_block)
    rt_chk_robin                             0x08002b45   Thumb Code    60  rt_robin.o(i.rt_chk_robin)
    rt_dec_dly                               0x08002b8d   Thumb Code   102  rt_list.o(i.rt_dec_dly)
    rt_dispatch                              0x08002bfd   Thumb Code    60  rt_task.o(i.rt_dispatch)
    rt_dly_wait                              0x08002c41   Thumb Code     6  rt_time.o(i.rt_dly_wait)
    rt_evt_clr                               0x08002c49   Thumb Code    22  rt_event.o(i.rt_evt_clr)
    rt_evt_psh                               0x08002c65   Thumb Code    76  rt_event.o(i.rt_evt_psh)
    rt_evt_set                               0x08002cb5   Thumb Code    88  rt_event.o(i.rt_evt_set)
    rt_evt_wait                              0x08002d11   Thumb Code    56  rt_event.o(i.rt_evt_wait)
    rt_free_box                              0x08002d4d   Thumb Code    44  rt_membox.o(i.rt_free_box)
    rt_free_mem                              0x08002d79   Thumb Code    40  rt_memory.o(i.rt_free_mem)
    rt_get_first                             0x08002da1   Thumb Code    40  rt_list.o(i.rt_get_first)
    rt_init_mem                              0x08002e19   Thumb Code    26  rt_memory.o(i.rt_init_mem)
    rt_init_robin                            0x08002e35   Thumb Code    14  rt_robin.o(i.rt_init_robin)
    rt_init_stack                            0x08002e4d   Thumb Code   118  hal_cm.o(i.rt_init_stack)
    rt_mbx_check                             0x08002ecd   Thumb Code     8  rt_mailbox.o(i.rt_mbx_check)
    rt_mbx_init                              0x08002ed5   Thumb Code    26  rt_mailbox.o(i.rt_mbx_init)
    rt_mbx_psh                               0x08002ef1   Thumb Code   236  rt_mailbox.o(i.rt_mbx_psh)
    rt_mbx_send                              0x08002fe1   Thumb Code   148  rt_mailbox.o(i.rt_mbx_send)
    rt_mbx_wait                              0x08003079   Thumb Code   174  rt_mailbox.o(i.rt_mbx_wait)
    rt_mut_init                              0x08003171   Thumb Code    16  rt_mutex.o(i.rt_mut_init)
    rt_mut_release                           0x08003181   Thumb Code   208  rt_mutex.o(i.rt_mut_release)
    rt_mut_wait                              0x08003259   Thumb Code   114  rt_mutex.o(i.rt_mut_wait)
    rt_pop_req                               0x080032d1   Thumb Code   112  rt_system.o(i.rt_pop_req)
    rt_psh_req                               0x0800334d   Thumb Code    22  rt_system.o(i.rt_psh_req)
    rt_psq_enq                               0x0800336d   Thumb Code    88  rt_list.o(i.rt_psq_enq)
    rt_put_dly                               0x080033c9   Thumb Code    68  rt_list.o(i.rt_put_dly)
    rt_put_prio                              0x08003411   Thumb Code    54  rt_list.o(i.rt_put_prio)
    rt_put_rdy_first                         0x08003449   Thumb Code    14  rt_list.o(i.rt_put_rdy_first)
    rt_resort_prio                           0x0800345d   Thumb Code    46  rt_list.o(i.rt_resort_prio)
    rt_ret_val                               0x08003491   Thumb Code     6  hal_cm.o(i.rt_ret_val)
    rt_ret_val2                              0x08003497   Thumb Code     8  hal_cm.o(i.rt_ret_val2)
    rt_rmv_dly                               0x0800349f   Thumb Code    40  rt_list.o(i.rt_rmv_dly)
    rt_rmv_list                              0x080034c9   Thumb Code    44  rt_list.o(i.rt_rmv_list)
    rt_sem_psh                               0x080034f9   Thumb Code    48  rt_semaphore.o(i.rt_sem_psh)
    rt_stk_check                             0x0800352d   Thumb Code    28  rt_system.o(i.rt_stk_check)
    rt_switch_req                            0x08003551   Thumb Code    30  rt_task.o(i.rt_switch_req)
    rt_sys_init                              0x08003579   Thumb Code   138  rt_task.o(i.rt_sys_init)
    rt_sys_start                             0x08003645   Thumb Code   110  rt_task.o(i.rt_sys_start)
    rt_systick                               0x080036bd   Thumb Code    50  rt_system.o(i.rt_systick)
    rt_tsk_create                            0x08003745   Thumb Code   118  rt_task.o(i.rt_tsk_create)
    rt_tsk_delete                            0x080037cd   Thumb Code   352  rt_task.o(i.rt_tsk_delete)
    rt_tsk_prio                              0x08003949   Thumb Code   108  rt_task.o(i.rt_tsk_prio)
    rt_tsk_self                              0x080039c5   Thumb Code    12  rt_task.o(i.rt_tsk_self)
    svcDelay                                 0x080039d5   Thumb Code    18  rt_cmsis.o(i.svcDelay)
    svcKernelInitialize                      0x080039e9   Thumb Code    80  rt_cmsis.o(i.svcKernelInitialize)
    svcKernelStart                           0x08003a59   Thumb Code    62  rt_cmsis.o(i.svcKernelStart)
    svcMailCreate                            0x08003aa1   Thumb Code    66  rt_cmsis.o(i.svcMailCreate)
    svcMessageCreate                         0x08003ae3   Thumb Code    36  rt_cmsis.o(i.svcMessageCreate)
    svcMessageGet                            0x08003b07   Thumb Code    58  rt_cmsis.o(i.svcMessageGet)
    svcMessagePut                            0x08003b41   Thumb Code    54  rt_cmsis.o(i.svcMessagePut)
    svcSignalClear                           0x08003b77   Thumb Code    36  rt_cmsis.o(i.svcSignalClear)
    svcSignalSet                             0x08003b9b   Thumb Code    36  rt_cmsis.o(i.svcSignalSet)
    svcSignalWait                            0x08003bc1   Thumb Code    80  rt_cmsis.o(i.svcSignalWait)
    svcThreadCreate                          0x08003c15   Thumb Code    96  rt_cmsis.o(i.svcThreadCreate)
    svcThreadGetId                           0x08003c81   Thumb Code    22  rt_cmsis.o(i.svcThreadGetId)
    svcThreadTerminate                       0x08003c9d   Thumb Code    50  rt_cmsis.o(i.svcThreadTerminate)
    svcTimerCall                             0x08003cd5   Thumb Code    24  rt_cmsis.o(i.svcTimerCall)
    sysMailAlloc                             0x08003ced   Thumb Code    84  rt_cmsis.o(i.sysMailAlloc)
    sysMailFree                              0x08003d45   Thumb Code    96  rt_cmsis.o(i.sysMailFree)
    sysTimerTick                             0x08003da5   Thumb Code    84  rt_cmsis.o(i.sysTimerTick)
    _get_lc_numeric                          0x08003e01   Thumb Code    44  lc_numeric_c.o(locale$$code)
    __aeabi_d2f                              0x08003e2d   Thumb Code     0  d2f.o(x$fpl$d2f)
    _d2f                                     0x08003e2d   Thumb Code    98  d2f.o(x$fpl$d2f)
    __fpl_dcheck_NaN1                        0x08003e91   Thumb Code    10  dcheck1.o(x$fpl$dcheck1)
    __fpl_dcmp_Inf                           0x08003ea1   Thumb Code    24  dcmpi.o(x$fpl$dcmpinf)
    __aeabi_i2d                              0x08003eb9   Thumb Code     0  dflt_clz.o(x$fpl$dflt)
    _dflt                                    0x08003eb9   Thumb Code    46  dflt_clz.o(x$fpl$dflt)
    __aeabi_ui2d                             0x08003ee7   Thumb Code     0  dflt_clz.o(x$fpl$dfltu)
    _dfltu                                   0x08003ee7   Thumb Code    38  dflt_clz.o(x$fpl$dfltu)
    __aeabi_cdcmple                          0x08003f0d   Thumb Code     0  dleqf.o(x$fpl$dleqf)
    _dcmple                                  0x08003f0d   Thumb Code   120  dleqf.o(x$fpl$dleqf)
    __fpl_dcmple_InfNaN                      0x08003f6f   Thumb Code     0  dleqf.o(x$fpl$dleqf)
    __aeabi_dmul                             0x08003f85   Thumb Code     0  dmul.o(x$fpl$dmul)
    _dmul                                    0x08003f85   Thumb Code   332  dmul.o(x$fpl$dmul)
    __fpl_dnaninf                            0x080040d9   Thumb Code   156  dnaninf.o(x$fpl$dnaninf)
    __fpl_dretinf                            0x08004175   Thumb Code    12  dretinf.o(x$fpl$dretinf)
    __aeabi_cdrcmple                         0x08004181   Thumb Code     0  drleqf.o(x$fpl$drleqf)
    _drcmple                                 0x08004181   Thumb Code   108  drleqf.o(x$fpl$drleqf)
    __aeabi_f2d                              0x080041ed   Thumb Code     0  f2d.o(x$fpl$f2d)
    _f2d                                     0x080041ed   Thumb Code    86  f2d.o(x$fpl$f2d)
    __fpl_fnaninf                            0x08004243   Thumb Code   140  fnaninf.o(x$fpl$fnaninf)
    __fpl_fretinf                            0x080042cf   Thumb Code    10  fretinf.o(x$fpl$fretinf)
    _printf_fp_dec                           0x080042d9   Thumb Code     4  printf1.o(x$fpl$printf1)
    __fpl_return_NaN                         0x080042dd   Thumb Code   100  retnan.o(x$fpl$retnan)
    __ARM_scalbn                             0x08004341   Thumb Code    92  scalbn.o(x$fpl$scalbn)
    __fpl_cmpreturn                          0x0800439d   Thumb Code    48  trapv.o(x$fpl$trapveneer)
    __I$use$fp                               0x080043cc   Number         0  usenofp.o(x$fpl$usenofp)
    os_mailQ_def_MailQueue                   0x080043cc   Data          12  mailqueue.o(.constdata)
    os_messageQ_def_mid_Uart_Write           0x080043d8   Data           8  msgqueue.o(.constdata)
    os_messageQ_def_mid_Spi_Write            0x080043e0   Data           8  msgqueue.o(.constdata)
    os_thread_def_Fun_Uart_Read              0x080043e8   Data          16  thread.o(.constdata)
    os_thread_def_Fun_Uart_Write             0x080043f8   Data          16  thread.o(.constdata)
    os_thread_def_Fun_Lcd                    0x08004408   Data          16  thread.o(.constdata)
    os_thread_def_Fun_SPI_Read               0x08004418   Data          16  thread.o(.constdata)
    os_thread_def_Fun_SPI_Write              0x08004428   Data          16  thread.o(.constdata)
    os_thread_def_Fun_Adc_Read               0x08004438   Data          16  thread.o(.constdata)
    os_maxtaskrun                            0x08004448   Data           2  rtx_conf_cm.o(.constdata)
    os_stackinfo                             0x0800444c   Data           4  rtx_conf_cm.o(.constdata)
    os_rrobin                                0x08004450   Data           4  rtx_conf_cm.o(.constdata)
    os_trv                                   0x08004454   Data           4  rtx_conf_cm.o(.constdata)
    os_flags                                 0x08004458   Data           1  rtx_conf_cm.o(.constdata)
    CMSIS_RTOS_API_Version                   0x0800445c   Data           4  rtx_conf_cm.o(.constdata)
    CMSIS_RTOS_RTX_Version                   0x08004460   Data           4  rtx_conf_cm.o(.constdata)
    os_clockrate                             0x08004464   Data           4  rtx_conf_cm.o(.constdata)
    os_timernum                              0x08004468   Data           4  rtx_conf_cm.o(.constdata)
    mp_tcb_size                              0x0800446c   Data           2  rtx_conf_cm.o(.constdata)
    mp_stk_size                              0x08004470   Data           4  rtx_conf_cm.o(.constdata)
    os_stack_sz                              0x08004474   Data           4  rtx_conf_cm.o(.constdata)
    os_fifo_size                             0x08004478   Data           1  rtx_conf_cm.o(.constdata)
    os_thread_def_osTimerThread              0x0800447c   Data          16  rtx_conf_cm.o(.constdata)
    os_messageQ_def_osTimerMessageQ          0x0800448c   Data           8  rtx_conf_cm.o(.constdata)
    mp_tmr_size                              0x08004494   Data           2  rtx_conf_cm.o(.constdata)
    os_thread_def_main                       0x08004498   Data          16  rtx_conf_cm.o(.constdata)
    Region$$Table$$Base                      0x0800453c   Number         0  anon$$obj.o(Region$$Table)
    Region$$Table$$Limit                     0x0800455c   Number         0  anon$$obj.o(Region$$Table)
    GPIO_InitStruct                          0x20000006   Data           4  lcd16x2.o(.data)
    os_mailQ_p_MailQueue                     0x2000000c   Data           8  mailqueue.o(.data)
    qid_Lcd                                  0x20000014   Data           4  mailqueue.o(.data)
    mid_Uart_Write                           0x20000018   Data           4  msgqueue.o(.data)
    mid_Spi_Write                            0x2000001c   Data           4  msgqueue.o(.data)
    tid_Uart_Read                            0x20000020   Data           4  thread.o(.data)
    tid_Lcd                                  0x20000024   Data           4  thread.o(.data)
    tid_Uart_Write                           0x20000028   Data           4  thread.o(.data)
    tid_SPI_Write                            0x2000002c   Data           4  thread.o(.data)
    tid_SPI_Read                             0x20000030   Data           4  thread.o(.data)
    tid_Adc_Read                             0x20000034   Data           4  thread.o(.data)
    m_tmr                                    0x20000038   Data           4  rtx_conf_cm.o(.data)
    osThreadId_osTimerThread                 0x2000003c   Data           4  rtx_conf_cm.o(.data)
    osMessageQId_osTimerMessageQ             0x20000040   Data           4  rtx_conf_cm.o(.data)
    SystemCoreClock                          0x2000005c   Data           4  system_stm32f10x.o(.data)
    AHBPrescTable                            0x20000060   Data          16  system_stm32f10x.o(.data)
    os_initialized                           0x20000070   Data           1  rt_cmsis.o(.data)
    os_running                               0x20000071   Data           1  rt_cmsis.o(.data)
    os_timer_head                            0x20000074   Data           4  rt_cmsis.o(.data)
    os_tsk                                   0x20000078   Data           8  rt_task.o(.data)
    os_tick_irqn                             0x20000084   Data           4  rt_system.o(.data)
    os_time                                  0x20000088   Data           4  rt_time.o(.data)
    os_robin                                 0x2000008c   Data           8  rt_robin.o(.data)
    dbg_msg                                  0x20000094   Data           1  hal_cm.o(.data)
    os_mailQ_q_MailQueue                     0x20000098   Data          64  mailqueue.o(.bss)
    os_mailQ_m_MailQueue                     0x200000d8   Data         252  mailqueue.o(.bss)
    os_messageQ_q_mid_Uart_Write             0x200001d4   Data          64  msgqueue.o(.bss)
    os_messageQ_q_mid_Spi_Write              0x20000214   Data          64  msgqueue.o(.bss)
    Buff                                     0x20000254   Data          14  thread.o(.bss)
    os_messageQ_q_osTimerMessageQ            0x20000264   Data          32  rtx_conf_cm.o(.bss)
    mp_tcb                                   0x20000284   Data         480  rtx_conf_cm.o(.bss)
    mp_stk                                   0x20000468   Data        3984  rtx_conf_cm.o(.bss)
    os_stack_mem                             0x200013f8   Data        1232  rtx_conf_cm.o(.bss)
    os_fifo                                  0x200018c8   Data         132  rtx_conf_cm.o(.bss)
    os_active_TCB                            0x2000194c   Data          36  rtx_conf_cm.o(.bss)
    os_idle_TCB                              0x20001d50   Data          52  rt_task.o(.bss)
    os_rdy                                   0x20001d84   Data          24  rt_list.o(.bss)
    os_dly                                   0x20001d9c   Data          24  rt_list.o(.bss)
    __libspace_start                         0x20001db4   Data          96  libspace.o(.bss)
    __temporary_stack_top$libspace           0x20001e14   Data           0  libspace.o(.bss)



==============================================================================

Memory Map of the image

  Image Entry point : 0x080000ed

  Load Region LR_IROM1 (Base: 0x08000000, Size: 0x00004610, Max: 0x00010000, ABSOLUTE)

    Execution Region ER_IROM1 (Exec base: 0x08000000, Load base: 0x08000000, Size: 0x00004578, Max: 0x00010000, ABSOLUTE)

    Exec Addr    Load Addr    Size         Type   Attr      Idx    E Section Name        Object

    0x08000000   0x08000000   0x000000ec   Data   RO         1634    RESET               startup_stm32f10x_md.o
    0x080000ec   0x080000ec   0x00000008   Code   RO         2993  * !!!main             c_w.l(__main.o)
    0x080000f4   0x080000f4   0x00000034   Code   RO         3291    !!!scatter          c_w.l(__scatter.o)
    0x08000128   0x08000128   0x0000001a   Code   RO         3293    !!handler_copy      c_w.l(__scatter_copy.o)
    0x08000142   0x08000142   0x00000002   PAD
    0x08000144   0x08000144   0x0000001c   Code   RO         3295    !!handler_zi        c_w.l(__scatter_zi.o)
    0x08000160   0x08000160   0x00000000   Code   RO         2984    .ARM.Collect$$_printf_percent$$00000000  c_w.l(_printf_percent.o)
    0x08000160   0x08000160   0x00000006   Code   RO         2983    .ARM.Collect$$_printf_percent$$00000003  c_w.l(_printf_f.o)
    0x08000166   0x08000166   0x00000004   Code   RO         3057    .ARM.Collect$$_printf_percent$$00000017  c_w.l(_printf_percent_end.o)
    0x0800016a   0x0800016a   0x00000002   Code   RO         3241    .ARM.Collect$$libinit$$00000000  c_w.l(libinit.o)
    0x0800016c   0x0800016c   0x00000000   Code   RO         3061    .ARM.Collect$$libinit$$00000002  c_w.l(libinit2.o)
    0x0800016c   0x0800016c   0x00000000   Code   RO         3063    .ARM.Collect$$libinit$$00000004  c_w.l(libinit2.o)
    0x0800016c   0x0800016c   0x00000008   Code   RO         3064    .ARM.Collect$$libinit$$00000005  c_w.l(libinit2.o)
    0x08000174   0x08000174   0x00000000   Code   RO         3066    .ARM.Collect$$libinit$$0000000A  c_w.l(libinit2.o)
    0x08000174   0x08000174   0x00000000   Code   RO         3068    .ARM.Collect$$libinit$$0000000C  c_w.l(libinit2.o)
    0x08000174   0x08000174   0x00000000   Code   RO         3070    .ARM.Collect$$libinit$$0000000E  c_w.l(libinit2.o)
    0x08000174   0x08000174   0x00000006   Code   RO         3071    .ARM.Collect$$libinit$$0000000F  c_w.l(libinit2.o)
    0x0800017a   0x0800017a   0x00000000   Code   RO         3073    .ARM.Collect$$libinit$$00000011  c_w.l(libinit2.o)
    0x0800017a   0x0800017a   0x00000000   Code   RO         3075    .ARM.Collect$$libinit$$00000013  c_w.l(libinit2.o)
    0x0800017a   0x0800017a   0x00000000   Code   RO         3077    .ARM.Collect$$libinit$$00000015  c_w.l(libinit2.o)
    0x0800017a   0x0800017a   0x0000000a   Code   RO         3078    .ARM.Collect$$libinit$$00000016  c_w.l(libinit2.o)
    0x08000184   0x08000184   0x00000000   Code   RO         3079    .ARM.Collect$$libinit$$00000017  c_w.l(libinit2.o)
    0x08000184   0x08000184   0x00000000   Code   RO         3081    .ARM.Collect$$libinit$$00000019  c_w.l(libinit2.o)
    0x08000184   0x08000184   0x00000000   Code   RO         3083    .ARM.Collect$$libinit$$0000001B  c_w.l(libinit2.o)
    0x08000184   0x08000184   0x00000000   Code   RO         3085    .ARM.Collect$$libinit$$0000001D  c_w.l(libinit2.o)
    0x08000184   0x08000184   0x00000000   Code   RO         3087    .ARM.Collect$$libinit$$0000001F  c_w.l(libinit2.o)
    0x08000184   0x08000184   0x00000000   Code   RO         3089    .ARM.Collect$$libinit$$00000021  c_w.l(libinit2.o)
    0x08000184   0x08000184   0x00000000   Code   RO         3091    .ARM.Collect$$libinit$$00000023  c_w.l(libinit2.o)
    0x08000184   0x08000184   0x00000000   Code   RO         3093    .ARM.Collect$$libinit$$00000025  c_w.l(libinit2.o)
    0x08000184   0x08000184   0x00000000   Code   RO         3097    .ARM.Collect$$libinit$$0000002C  c_w.l(libinit2.o)
    0x08000184   0x08000184   0x00000000   Code   RO         3099    .ARM.Collect$$libinit$$0000002E  c_w.l(libinit2.o)
    0x08000184   0x08000184   0x00000000   Code   RO         3101    .ARM.Collect$$libinit$$00000030  c_w.l(libinit2.o)
    0x08000184   0x08000184   0x00000000   Code   RO         3103    .ARM.Collect$$libinit$$00000032  c_w.l(libinit2.o)
    0x08000184   0x08000184   0x00000002   Code   RO         3104    .ARM.Collect$$libinit$$00000033  c_w.l(libinit2.o)
    0x08000186   0x08000186   0x00000002   Code   RO         3242    .ARM.Collect$$libshutdown$$00000000  c_w.l(libshutdown.o)
    0x08000188   0x08000188   0x00000000   Code   RO         3256    .ARM.Collect$$libshutdown$$00000002  c_w.l(libshutdown2.o)
    0x08000188   0x08000188   0x00000000   Code   RO         3258    .ARM.Collect$$libshutdown$$00000004  c_w.l(libshutdown2.o)
    0x08000188   0x08000188   0x00000000   Code   RO         3261    .ARM.Collect$$libshutdown$$00000007  c_w.l(libshutdown2.o)
    0x08000188   0x08000188   0x00000000   Code   RO         3264    .ARM.Collect$$libshutdown$$0000000A  c_w.l(libshutdown2.o)
    0x08000188   0x08000188   0x00000000   Code   RO         3266    .ARM.Collect$$libshutdown$$0000000C  c_w.l(libshutdown2.o)
    0x08000188   0x08000188   0x00000000   Code   RO         3269    .ARM.Collect$$libshutdown$$0000000F  c_w.l(libshutdown2.o)
    0x08000188   0x08000188   0x00000002   Code   RO         3270    .ARM.Collect$$libshutdown$$00000010  c_w.l(libshutdown2.o)
    0x0800018a   0x0800018a   0x00000000   Code   RO         3015    .ARM.Collect$$rtentry$$00000000  c_w.l(__rtentry.o)
    0x0800018a   0x0800018a   0x00000000   Code   RO         3121    .ARM.Collect$$rtentry$$00000002  c_w.l(__rtentry2.o)
    0x0800018a   0x0800018a   0x00000006   Code   RO         3133    .ARM.Collect$$rtentry$$00000004  c_w.l(__rtentry4.o)
    0x08000190   0x08000190   0x00000000   Code   RO         3123    .ARM.Collect$$rtentry$$00000009  c_w.l(__rtentry2.o)
    0x08000190   0x08000190   0x00000004   Code   RO         3124    .ARM.Collect$$rtentry$$0000000A  c_w.l(__rtentry2.o)
    0x08000194   0x08000194   0x00000008   Code   RO         3125    .ARM.Collect$$rtentry$$0000000B  c_w.l(__rtentry2.o)
    0x0800019c   0x0800019c   0x00000008   Code   RO         3127    .ARM.Collect$$rtentry$$0000000D  c_w.l(__rtentry2.o)
    0x080001a4   0x080001a4   0x00000002   Code   RO         3016    .ARM.Collect$$rtexit$$00000000  c_w.l(rtexit.o)
    0x080001a6   0x080001a6   0x00000000   Code   RO         3136    .ARM.Collect$$rtexit$$00000002  c_w.l(rtexit2.o)
    0x080001a6   0x080001a6   0x00000004   Code   RO         3137    .ARM.Collect$$rtexit$$00000003  c_w.l(rtexit2.o)
    0x080001aa   0x080001aa   0x00000006   Code   RO         3138    .ARM.Collect$$rtexit$$00000004  c_w.l(rtexit2.o)
    0x080001b0   0x080001b0   0x0000001c   Code   RO          580    .emb_text           rtx_conf_cm.o
    0x080001cc   0x080001cc   0x00000130   Code   RO         2875    .emb_text           RTX_CM3.lib(hal_cm3.o)
    0x080002fc   0x080002fc   0x00000000   Code   RO         3153    .emb_text           c_w.l(maybetermalloc1.o)
    0x080002fc   0x080002fc   0x00000040   Code   RO         1635    .text               startup_stm32f10x_md.o
    0x0800033c   0x0800033c   0x00000008   Code   RO         2890    .text               c_w.l(libspace.o)
    0x08000344   0x08000344   0x0000009e   Code   RO         2901    .text               c_w.l(h1_alloc_mt.o)
    0x080003e2   0x080003e2   0x00000076   Code   RO         2903    .text               c_w.l(h1_free_mt.o)
    0x08000458   0x08000458   0x00000034   Code   RO         2959    .text               c_w.l(noretval__2snprintf.o)
    0x0800048c   0x0800048c   0x00000068   Code   RO         2961    .text               c_w.l(__printf.o)
    0x080004f4   0x080004f4   0x00000012   Code   RO         2985    .text               c_w.l(exit.o)
    0x08000506   0x08000506   0x0000008a   Code   RO         2987    .text               c_w.l(rt_memcpy_v6.o)
    0x08000590   0x08000590   0x00000064   Code   RO         2989    .text               c_w.l(rt_memcpy_w.o)
    0x080005f4   0x080005f4   0x00000006   Code   RO         2991    .text               c_w.l(heapauxi.o)
    0x080005fa   0x080005fa   0x0000000a   Code   RO         3027    .text               c_w.l(rt_heap_descriptor_twolibspace.o)
    0x08000604   0x08000604   0x00000004   Code   RO         3029    .text               c_w.l(hguard.o)
    0x08000608   0x08000608   0x0000008a   Code   RO         3031    .text               c_w.l(init_alloc.o)
    0x08000692   0x08000692   0x00000012   Code   RO         3037    .text               c_w.l(h1_init_mt.o)
    0x080006a4   0x080006a4   0x0000041e   Code   RO         3049    .text               c_w.l(_printf_fp_dec.o)
    0x08000ac2   0x08000ac2   0x00000002   PAD
    0x08000ac4   0x08000ac4   0x00000030   Code   RO         3051    .text               c_w.l(_printf_char_common.o)
    0x08000af4   0x08000af4   0x0000000a   Code   RO         3053    .text               c_w.l(_sputc.o)
    0x08000afe   0x08000afe   0x00000010   Code   RO         3055    .text               c_w.l(_snputc.o)
    0x08000b0e   0x08000b0e   0x0000000a   Code   RO         3149    .text               c_w.l(rt_locale_twolibspace.o)
    0x08000b18   0x08000b18   0x0000003e   Code   RO         3157    .text               c_w.l(h1_extend_mt.o)
    0x08000b56   0x08000b56   0x0000008a   Code   RO         3159    .text               c_w.l(lludiv10.o)
    0x08000be0   0x08000be0   0x00000080   Code   RO         3161    .text               c_w.l(_printf_fp_infnan.o)
    0x08000c60   0x08000c60   0x000000e4   Code   RO         3165    .text               c_w.l(bigflt0.o)
    0x08000d44   0x08000d44   0x0000000e   Code   RO         3193    .text               c_w.l(defsig_rtmem_outer.o)
    0x08000d52   0x08000d52   0x00000002   PAD
    0x08000d54   0x08000d54   0x0000000c   Code   RO         3210    .text               c_w.l(sys_exit.o)
    0x08000d60   0x08000d60   0x00000002   Code   RO         3212    .text               c_w.l(use_no_semi.o)
    0x08000d62   0x08000d62   0x00000000   Code   RO         3214    .text               c_w.l(indicate_semi.o)
    0x08000d62   0x08000d62   0x0000004a   Code   RO         3215    .text               c_w.l(sys_stackheap_outer.o)
    0x08000dac   0x08000dac   0x0000000a   Code   RO         3221    .text               c_w.l(defsig_exit.o)
    0x08000db6   0x08000db6   0x00000002   PAD
    0x08000db8   0x08000db8   0x00000050   Code   RO         3227    .text               c_w.l(defsig_rtmem_inner.o)
    0x08000e08   0x08000e08   0x00000080   Code   RO         3229    .text               c_w.l(strcmpv7m.o)
    0x08000e88   0x08000e88   0x00000032   Code   RO         3251    .text               c_w.l(defsig_general.o)
    0x08000eba   0x08000eba   0x0000000e   Code   RO         3271    .text               c_w.l(sys_wrch.o)
    0x08000ec8   0x08000ec8   0x0000003e   Code   RO         3168    CL$$btod_d2e        c_w.l(btod.o)
    0x08000f06   0x08000f06   0x00000046   Code   RO         3170    CL$$btod_d2e_denorm_low  c_w.l(btod.o)
    0x08000f4c   0x08000f4c   0x00000060   Code   RO         3169    CL$$btod_d2e_norm_op1  c_w.l(btod.o)
    0x08000fac   0x08000fac   0x00000338   Code   RO         3178    CL$$btod_div_common  c_w.l(btod.o)
    0x080012e4   0x080012e4   0x000000dc   Code   RO         3175    CL$$btod_e2e        c_w.l(btod.o)
    0x080013c0   0x080013c0   0x0000002a   Code   RO         3172    CL$$btod_ediv       c_w.l(btod.o)
    0x080013ea   0x080013ea   0x0000002a   Code   RO         3171    CL$$btod_emul       c_w.l(btod.o)
    0x08001414   0x08001414   0x00000244   Code   RO         3177    CL$$btod_mult_common  c_w.l(btod.o)
    0x08001658   0x08001658   0x00000004   Code   RO         2885    SVC_TABLE           RTX_CM3.lib(svc_table.o)
    0x0800165c   0x0800165c   0x00000094   Code   RO          345    i.ADC1_Init         system_parameters.o
    0x080016f0   0x080016f0   0x00000014   Code   RO          721    i.ADC_Cmd           stm32f10x_adc.o
    0x08001704   0x08001704   0x0000000e   Code   RO          729    i.ADC_GetCalibrationStatus  stm32f10x_adc.o
    0x08001712   0x08001712   0x0000000e   Code   RO          735    i.ADC_GetResetCalibrationStatus  stm32f10x_adc.o
    0x08001720   0x08001720   0x00000048   Code   RO          739    i.ADC_Init          stm32f10x_adc.o
    0x08001768   0x08001768   0x00000074   Code   RO          743    i.ADC_RegularChannelConfig  stm32f10x_adc.o
    0x080017dc   0x080017dc   0x0000000a   Code   RO          744    i.ADC_ResetCalibration  stm32f10x_adc.o
    0x080017e6   0x080017e6   0x00000014   Code   RO          746    i.ADC_SoftwareStartConvCmd  stm32f10x_adc.o
    0x080017fa   0x080017fa   0x0000000a   Code   RO          748    i.ADC_StartCalibration  stm32f10x_adc.o
    0x08001804   0x08001804   0x00000018   Code   RO            4    i.DelayInit         delay.o
    0x0800181c   0x0800181c   0x0000001c   Code   RO            6    i.DelayUs           delay.o
    0x08001838   0x08001838   0x00000098   Code   RO          515    i.Fun_Adc_Read      thread.o
    0x080018d0   0x080018d0   0x00000088   Code   RO          516    i.Fun_Lcd           thread.o
    0x08001958   0x08001958   0x000000a0   Code   RO          517    i.Fun_SPI_Read      thread.o
    0x080019f8   0x080019f8   0x0000001c   Code   RO          518    i.Fun_SPI_Write     thread.o
    0x08001a14   0x08001a14   0x000000b0   Code   RO          519    i.Fun_Uart_Read     thread.o
    0x08001ac4   0x08001ac4   0x0000001c   Code   RO          520    i.Fun_Uart_Write    thread.o
    0x08001ae0   0x08001ae0   0x000000a2   Code   RO          955    i.GPIO_Init         stm32f10x_gpio.o
    0x08001b82   0x08001b82   0x00000002   PAD
    0x08001b84   0x08001b84   0x0000001c   Code   RO          420    i.Init_MailQueue    mailqueue.o
    0x08001ba0   0x08001ba0   0x00000068   Code   RO          521    i.Init_Thread       thread.o
    0x08001c08   0x08001c08   0x00000028   Code   RO          489    i.Init_messageQue   msgqueue.o
    0x08001c30   0x08001c30   0x0000003c   Code   RO          458    i.LCD_system_Init   main.o
    0x08001c6c   0x08001c6c   0x00000064   Code   RO          667    i.NVIC_Init         misc.o
    0x08001cd0   0x08001cd0   0x00000014   Code   RO          668    i.NVIC_PriorityGroupConfig  misc.o
    0x08001ce4   0x08001ce4   0x00000014   Code   RO         1075    i.RCC_ADCCLKConfig  stm32f10x_rcc.o
    0x08001cf8   0x08001cf8   0x00000018   Code   RO         1077    i.RCC_APB1PeriphClockCmd  stm32f10x_rcc.o
    0x08001d10   0x08001d10   0x00000018   Code   RO         1079    i.RCC_APB2PeriphClockCmd  stm32f10x_rcc.o
    0x08001d28   0x08001d28   0x00000090   Code   RO         1087    i.RCC_GetClocksFreq  stm32f10x_rcc.o
    0x08001db8   0x08001db8   0x0000000c   Code   RO          346    i.SPI2_GetChar      system_parameters.o
    0x08001dc4   0x08001dc4   0x00000010   Code   RO           95    i.SPI2_IRQHandler   intrrupt_hndlrs.o
    0x08001dd4   0x08001dd4   0x000000a0   Code   RO          347    i.SPI2_Init         system_parameters.o
    0x08001e74   0x08001e74   0x00000004   Code   RO         1303    i.SPI_I2S_ReceiveData  stm32f10x_spi.o
    0x08001e78   0x08001e78   0x00000038   Code   RO         1305    i.SPI_Init          stm32f10x_spi.o
    0x08001eb0   0x08001eb0   0x000000a8   Code   RO         1642    i.SetSysClockTo72   system_stm32f10x.o
    0x08001f58   0x08001f58   0x00000064   Code   RO         1643    i.SystemCoreClockUpdate  system_stm32f10x.o
    0x08001fbc   0x08001fbc   0x00000050   Code   RO         1644    i.SystemInit        system_stm32f10x.o
    0x0800200c   0x0800200c   0x0000000c   Code   RO          350    i.USART2_GetChar    system_parameters.o
    0x08002018   0x08002018   0x0000001c   Code   RO           96    i.USART2_IRQHandler  intrrupt_hndlrs.o
    0x08002034   0x08002034   0x000000c0   Code   RO          351    i.USART2_Init       system_parameters.o
    0x080020f4   0x080020f4   0x00000024   Code   RO          352    i.USART2_PutChar    system_parameters.o
    0x08002118   0x08002118   0x00000014   Code   RO         1447    i.USART_Cmd         stm32f10x_usart.o
    0x0800212c   0x0800212c   0x0000000e   Code   RO         1450    i.USART_GetFlagStatus  stm32f10x_usart.o
    0x0800213a   0x0800213a   0x00000030   Code   RO         1453    i.USART_ITConfig    stm32f10x_usart.o
    0x0800216a   0x0800216a   0x00000002   PAD
    0x0800216c   0x0800216c   0x000000ac   Code   RO         1454    i.USART_Init        stm32f10x_usart.o
    0x08002218   0x08002218   0x00000008   Code   RO         1461    i.USART_ReceiveData  stm32f10x_usart.o
    0x08002220   0x08002220   0x00000008   Code   RO         1464    i.USART_SendData    stm32f10x_usart.o
    0x08002228   0x08002228   0x00000028   Code   RO         3208    i.__ARM_fpclassify  m_ws.l(fpclassify.o)
    0x08002250   0x08002250   0x00000046   Code   RO         2774    i._init_box         RTX_CM3.lib(rt_membox.o)
    0x08002296   0x08002296   0x00000002   PAD
    0x08002298   0x08002298   0x00000020   Code   RO          582    i._mutex_acquire    rtx_conf_cm.o
    0x080022b8   0x080022b8   0x0000002c   Code   RO          583    i._mutex_initialize  rtx_conf_cm.o
    0x080022e4   0x080022e4   0x0000001c   Code   RO          584    i._mutex_release    rtx_conf_cm.o
    0x08002300   0x08002300   0x00000030   Code   RO         2827    i.dbg_init          RTX_CM3.lib(hal_cm.o)
    0x08002330   0x08002330   0x00000020   Code   RO         2828    i.dbg_task_notify   RTX_CM3.lib(hal_cm.o)
    0x08002350   0x08002350   0x00000010   Code   RO         2829    i.dbg_task_switch   RTX_CM3.lib(hal_cm.o)
    0x08002360   0x08002360   0x0000002a   Code   RO         1683    i.isrMessageGet     RTX_CM3.lib(rt_cmsis.o)
    0x0800238a   0x0800238a   0x0000002c   Code   RO         1684    i.isrMessagePut     RTX_CM3.lib(rt_cmsis.o)
    0x080023b6   0x080023b6   0x00000024   Code   RO         1686    i.isrSignalSet      RTX_CM3.lib(rt_cmsis.o)
    0x080023da   0x080023da   0x00000002   PAD
    0x080023dc   0x080023dc   0x00000028   Code   RO         2511    i.isr_evt_set       RTX_CM3.lib(rt_event.o)
    0x08002404   0x08002404   0x00000056   Code   RO         2629    i.isr_mbx_receive   RTX_CM3.lib(rt_mailbox.o)
    0x0800245a   0x0800245a   0x0000000e   Code   RO         2630    i.isr_mbx_send      RTX_CM3.lib(rt_mailbox.o)
    0x08002468   0x08002468   0x00000038   Code   RO          141    i.lcd16x2_PutNum    lcd16x2.o
    0x080024a0   0x080024a0   0x00000034   Code   RO          144    i.lcd16x2_clear_line  lcd16x2.o
    0x080024d4   0x080024d4   0x00000016   Code   RO          160    i.lcd16x2_gotoxy    lcd16x2.o
    0x080024ea   0x080024ea   0x00000002   PAD
    0x080024ec   0x080024ec   0x000000c0   Code   RO          162    i.lcd16x2_init      lcd16x2.o
    0x080025ac   0x080025ac   0x00000044   Code   RO          164    i.lcd16x2_putc      lcd16x2.o
    0x080025f0   0x080025f0   0x00000014   Code   RO          165    i.lcd16x2_puts      lcd16x2.o
    0x08002604   0x08002604   0x000000cc   Code   RO          166    i.lcd16x2_read      lcd16x2.o
    0x080026d0   0x080026d0   0x0000001c   Code   RO          167    i.lcd16x2_toggle_e  lcd16x2.o
    0x080026ec   0x080026ec   0x0000001c   Code   RO          168    i.lcd16x2_wait_busy  lcd16x2.o
    0x08002708   0x08002708   0x000000cc   Code   RO          169    i.lcd16x2_write     lcd16x2.o
    0x080027d4   0x080027d4   0x00000014   Code   RO          170    i.lcd16x2_write_command  lcd16x2.o
    0x080027e8   0x080027e8   0x00000014   Code   RO          171    i.lcd16x2_write_data  lcd16x2.o
    0x080027fc   0x080027fc   0x00000030   Code   RO          459    i.main              main.o
    0x0800282c   0x0800282c   0x00000018   Code   RO         1687    i.osDelay           RTX_CM3.lib(rt_cmsis.o)
    0x08002844   0x08002844   0x00000024   Code   RO         1688    i.osKernelInitialize  RTX_CM3.lib(rt_cmsis.o)
    0x08002868   0x08002868   0x0000006c   Code   RO         1690    i.osKernelStart     RTX_CM3.lib(rt_cmsis.o)
    0x080028d4   0x080028d4   0x0000001c   Code   RO         1692    i.osMailAlloc       RTX_CM3.lib(rt_cmsis.o)
    0x080028f0   0x080028f0   0x0000002c   Code   RO         1694    i.osMailCreate      RTX_CM3.lib(rt_cmsis.o)
    0x0800291c   0x0800291c   0x0000001c   Code   RO         1695    i.osMailFree        RTX_CM3.lib(rt_cmsis.o)
    0x08002938   0x08002938   0x00000016   Code   RO         1696    i.osMailGet         RTX_CM3.lib(rt_cmsis.o)
    0x0800294e   0x0800294e   0x00000014   Code   RO         1697    i.osMailPut         RTX_CM3.lib(rt_cmsis.o)
    0x08002962   0x08002962   0x00000002   PAD
    0x08002964   0x08002964   0x0000002c   Code   RO         1698    i.osMessageCreate   RTX_CM3.lib(rt_cmsis.o)
    0x08002990   0x08002990   0x00000018   Code   RO         1699    i.osMessageGet      RTX_CM3.lib(rt_cmsis.o)
    0x080029a8   0x080029a8   0x00000018   Code   RO         1700    i.osMessagePut      RTX_CM3.lib(rt_cmsis.o)
    0x080029c0   0x080029c0   0x00000018   Code   RO         1713    i.osSignalClear     RTX_CM3.lib(rt_cmsis.o)
    0x080029d8   0x080029d8   0x00000018   Code   RO         1714    i.osSignalSet       RTX_CM3.lib(rt_cmsis.o)
    0x080029f0   0x080029f0   0x00000018   Code   RO         1715    i.osSignalWait      RTX_CM3.lib(rt_cmsis.o)
    0x08002a08   0x08002a08   0x0000002c   Code   RO         1716    i.osThreadCreate    RTX_CM3.lib(rt_cmsis.o)
    0x08002a34   0x08002a34   0x00000018   Code   RO         1717    i.osThreadExit      RTX_CM3.lib(rt_cmsis.o)
    0x08002a4c   0x08002a4c   0x0000000c   Code   RO         1723    i.osTimerCall       RTX_CM3.lib(rt_cmsis.o)
    0x08002a58   0x08002a58   0x0000002c   Code   RO         1728    i.osTimerThread     RTX_CM3.lib(rt_cmsis.o)
    0x08002a84   0x08002a84   0x00000002   Code   RO          585    i.os_error          rtx_conf_cm.o
    0x08002a86   0x08002a86   0x00000002   Code   RO          586    i.os_idle_demon     rtx_conf_cm.o
    0x08002a88   0x08002a88   0x00000028   Code   RO         2421    i.os_tick_init      RTX_CM3.lib(rt_system.o)
    0x08002ab0   0x08002ab0   0x00000002   Code   RO         2422    i.os_tick_irqack    RTX_CM3.lib(rt_system.o)
    0x08002ab2   0x08002ab2   0x0000001a   Code   RO         2775    i.rt_alloc_box      RTX_CM3.lib(rt_membox.o)
    0x08002acc   0x08002acc   0x0000003e   Code   RO         2803    i.rt_alloc_mem      RTX_CM3.lib(rt_memory.o)
    0x08002b0a   0x08002b0a   0x00000002   PAD
    0x08002b0c   0x08002b0c   0x00000038   Code   RO         2302    i.rt_block          RTX_CM3.lib(rt_task.o)
    0x08002b44   0x08002b44   0x00000048   Code   RO         2752    i.rt_chk_robin      RTX_CM3.lib(rt_robin.o)
    0x08002b8c   0x08002b8c   0x00000070   Code   RO         2553    i.rt_dec_dly        RTX_CM3.lib(rt_list.o)
    0x08002bfc   0x08002bfc   0x00000044   Code   RO         2303    i.rt_dispatch       RTX_CM3.lib(rt_task.o)
    0x08002c40   0x08002c40   0x00000006   Code   RO         2719    i.rt_dly_wait       RTX_CM3.lib(rt_time.o)
    0x08002c46   0x08002c46   0x00000002   PAD
    0x08002c48   0x08002c48   0x0000001c   Code   RO         2512    i.rt_evt_clr        RTX_CM3.lib(rt_event.o)
    0x08002c64   0x08002c64   0x00000050   Code   RO         2514    i.rt_evt_psh        RTX_CM3.lib(rt_event.o)
    0x08002cb4   0x08002cb4   0x0000005c   Code   RO         2515    i.rt_evt_set        RTX_CM3.lib(rt_event.o)
    0x08002d10   0x08002d10   0x0000003c   Code   RO         2516    i.rt_evt_wait       RTX_CM3.lib(rt_event.o)
    0x08002d4c   0x08002d4c   0x0000002c   Code   RO         2776    i.rt_free_box       RTX_CM3.lib(rt_membox.o)
    0x08002d78   0x08002d78   0x00000028   Code   RO         2804    i.rt_free_mem       RTX_CM3.lib(rt_memory.o)
    0x08002da0   0x08002da0   0x00000028   Code   RO         2554    i.rt_get_first      RTX_CM3.lib(rt_list.o)
    0x08002dc8   0x08002dc8   0x00000008   Code   RO         1733    i.rt_id2obj         RTX_CM3.lib(rt_cmsis.o)
    0x08002dd0   0x08002dd0   0x00000048   Code   RO         2304    i.rt_init_context   RTX_CM3.lib(rt_task.o)
    0x08002e18   0x08002e18   0x0000001a   Code   RO         2805    i.rt_init_mem       RTX_CM3.lib(rt_memory.o)
    0x08002e32   0x08002e32   0x00000002   PAD
    0x08002e34   0x08002e34   0x00000018   Code   RO         2753    i.rt_init_robin     RTX_CM3.lib(rt_robin.o)
    0x08002e4c   0x08002e4c   0x00000080   Code   RO         2830    i.rt_init_stack     RTX_CM3.lib(hal_cm.o)
    0x08002ecc   0x08002ecc   0x00000008   Code   RO         2631    i.rt_mbx_check      RTX_CM3.lib(rt_mailbox.o)
    0x08002ed4   0x08002ed4   0x0000001a   Code   RO         2632    i.rt_mbx_init       RTX_CM3.lib(rt_mailbox.o)
    0x08002eee   0x08002eee   0x00000002   PAD
    0x08002ef0   0x08002ef0   0x000000f0   Code   RO         2633    i.rt_mbx_psh        RTX_CM3.lib(rt_mailbox.o)
    0x08002fe0   0x08002fe0   0x00000098   Code   RO         2634    i.rt_mbx_send       RTX_CM3.lib(rt_mailbox.o)
    0x08003078   0x08003078   0x000000b4   Code   RO         2635    i.rt_mbx_wait       RTX_CM3.lib(rt_mailbox.o)
    0x0800312c   0x0800312c   0x00000044   Code   RO         1734    i.rt_ms2tick        RTX_CM3.lib(rt_cmsis.o)
    0x08003170   0x08003170   0x00000010   Code   RO         2387    i.rt_mut_init       RTX_CM3.lib(rt_mutex.o)
    0x08003180   0x08003180   0x000000d8   Code   RO         2388    i.rt_mut_release    RTX_CM3.lib(rt_mutex.o)
    0x08003258   0x08003258   0x00000078   Code   RO         2389    i.rt_mut_wait       RTX_CM3.lib(rt_mutex.o)
    0x080032d0   0x080032d0   0x0000007c   Code   RO         2425    i.rt_pop_req        RTX_CM3.lib(rt_system.o)
    0x0800334c   0x0800334c   0x00000020   Code   RO         2426    i.rt_psh_req        RTX_CM3.lib(rt_system.o)
    0x0800336c   0x0800336c   0x0000005c   Code   RO         2556    i.rt_psq_enq        RTX_CM3.lib(rt_list.o)
    0x080033c8   0x080033c8   0x00000048   Code   RO         2557    i.rt_put_dly        RTX_CM3.lib(rt_list.o)
    0x08003410   0x08003410   0x00000036   Code   RO         2558    i.rt_put_prio       RTX_CM3.lib(rt_list.o)
    0x08003446   0x08003446   0x00000002   PAD
    0x08003448   0x08003448   0x00000014   Code   RO         2559    i.rt_put_rdy_first  RTX_CM3.lib(rt_list.o)
    0x0800345c   0x0800345c   0x00000034   Code   RO         2560    i.rt_resort_prio    RTX_CM3.lib(rt_list.o)
    0x08003490   0x08003490   0x00000006   Code   RO         2831    i.rt_ret_val        RTX_CM3.lib(hal_cm.o)
    0x08003496   0x08003496   0x00000008   Code   RO         2832    i.rt_ret_val2       RTX_CM3.lib(hal_cm.o)
    0x0800349e   0x0800349e   0x00000028   Code   RO         2561    i.rt_rmv_dly        RTX_CM3.lib(rt_list.o)
    0x080034c6   0x080034c6   0x00000002   PAD
    0x080034c8   0x080034c8   0x00000030   Code   RO         2562    i.rt_rmv_list       RTX_CM3.lib(rt_list.o)
    0x080034f8   0x080034f8   0x00000034   Code   RO         2680    i.rt_sem_psh        RTX_CM3.lib(rt_semaphore.o)
    0x0800352c   0x0800352c   0x00000024   Code   RO         2428    i.rt_stk_check      RTX_CM3.lib(rt_system.o)
    0x08003550   0x08003550   0x00000028   Code   RO         2305    i.rt_switch_req     RTX_CM3.lib(rt_task.o)
    0x08003578   0x08003578   0x000000cc   Code   RO         2306    i.rt_sys_init       RTX_CM3.lib(rt_task.o)
    0x08003644   0x08003644   0x00000078   Code   RO         2307    i.rt_sys_start      RTX_CM3.lib(rt_task.o)
    0x080036bc   0x080036bc   0x00000040   Code   RO         2430    i.rt_systick        RTX_CM3.lib(rt_system.o)
    0x080036fc   0x080036fc   0x00000012   Code   RO         1735    i.rt_tid2ptcb       RTX_CM3.lib(rt_cmsis.o)
    0x0800370e   0x0800370e   0x00000002   PAD
    0x08003710   0x08003710   0x00000034   Code   RO         1736    i.rt_timer_insert   RTX_CM3.lib(rt_cmsis.o)
    0x08003744   0x08003744   0x00000088   Code   RO         2308    i.rt_tsk_create     RTX_CM3.lib(rt_task.o)
    0x080037cc   0x080037cc   0x0000017c   Code   RO         2309    i.rt_tsk_delete     RTX_CM3.lib(rt_task.o)
    0x08003948   0x08003948   0x0000007c   Code   RO         2311    i.rt_tsk_prio       RTX_CM3.lib(rt_task.o)
    0x080039c4   0x080039c4   0x00000010   Code   RO         2312    i.rt_tsk_self       RTX_CM3.lib(rt_task.o)
    0x080039d4   0x080039d4   0x00000012   Code   RO         1738    i.svcDelay          RTX_CM3.lib(rt_cmsis.o)
    0x080039e6   0x080039e6   0x00000002   PAD
    0x080039e8   0x080039e8   0x00000070   Code   RO         1739    i.svcKernelInitialize  RTX_CM3.lib(rt_cmsis.o)
    0x08003a58   0x08003a58   0x00000048   Code   RO         1741    i.svcKernelStart    RTX_CM3.lib(rt_cmsis.o)
    0x08003aa0   0x08003aa0   0x00000042   Code   RO         1743    i.svcMailCreate     RTX_CM3.lib(rt_cmsis.o)
    0x08003ae2   0x08003ae2   0x00000024   Code   RO         1744    i.svcMessageCreate  RTX_CM3.lib(rt_cmsis.o)
    0x08003b06   0x08003b06   0x0000003a   Code   RO         1745    i.svcMessageGet     RTX_CM3.lib(rt_cmsis.o)
    0x08003b40   0x08003b40   0x00000036   Code   RO         1746    i.svcMessagePut     RTX_CM3.lib(rt_cmsis.o)
    0x08003b76   0x08003b76   0x00000024   Code   RO         1756    i.svcSignalClear    RTX_CM3.lib(rt_cmsis.o)
    0x08003b9a   0x08003b9a   0x00000024   Code   RO         1757    i.svcSignalSet      RTX_CM3.lib(rt_cmsis.o)
    0x08003bbe   0x08003bbe   0x00000002   PAD
    0x08003bc0   0x08003bc0   0x00000054   Code   RO         1758    i.svcSignalWait     RTX_CM3.lib(rt_cmsis.o)
    0x08003c14   0x08003c14   0x0000006c   Code   RO         1759    i.svcThreadCreate   RTX_CM3.lib(rt_cmsis.o)
    0x08003c80   0x08003c80   0x0000001c   Code   RO         1760    i.svcThreadGetId    RTX_CM3.lib(rt_cmsis.o)
    0x08003c9c   0x08003c9c   0x00000038   Code   RO         1763    i.svcThreadTerminate  RTX_CM3.lib(rt_cmsis.o)
    0x08003cd4   0x08003cd4   0x00000018   Code   RO         1765    i.svcTimerCall      RTX_CM3.lib(rt_cmsis.o)
    0x08003cec   0x08003cec   0x00000058   Code   RO         1770    i.sysMailAlloc      RTX_CM3.lib(rt_cmsis.o)
    0x08003d44   0x08003d44   0x00000060   Code   RO         1771    i.sysMailFree       RTX_CM3.lib(rt_cmsis.o)
    0x08003da4   0x08003da4   0x0000005c   Code   RO         1774    i.sysTimerTick      RTX_CM3.lib(rt_cmsis.o)
    0x08003e00   0x08003e00   0x0000002c   Code   RO         3191    locale$$code        c_w.l(lc_numeric_c.o)
    0x08003e2c   0x08003e2c   0x00000062   Code   RO         2995    x$fpl$d2f           fz_ws.l(d2f.o)
    0x08003e8e   0x08003e8e   0x00000002   PAD
    0x08003e90   0x08003e90   0x00000010   Code   RO         3105    x$fpl$dcheck1       fz_ws.l(dcheck1.o)
    0x08003ea0   0x08003ea0   0x00000018   Code   RO         3107    x$fpl$dcmpinf       fz_ws.l(dcmpi.o)
    0x08003eb8   0x08003eb8   0x0000002e   Code   RO         2998    x$fpl$dflt          fz_ws.l(dflt_clz.o)
    0x08003ee6   0x08003ee6   0x00000026   Code   RO         2997    x$fpl$dfltu         fz_ws.l(dflt_clz.o)
    0x08003f0c   0x08003f0c   0x00000078   Code   RO         3003    x$fpl$dleqf         fz_ws.l(dleqf.o)
    0x08003f84   0x08003f84   0x00000154   Code   RO         3005    x$fpl$dmul          fz_ws.l(dmul.o)
    0x080040d8   0x080040d8   0x0000009c   Code   RO         3109    x$fpl$dnaninf       fz_ws.l(dnaninf.o)
    0x08004174   0x08004174   0x0000000c   Code   RO         3111    x$fpl$dretinf       fz_ws.l(dretinf.o)
    0x08004180   0x08004180   0x0000006c   Code   RO         3007    x$fpl$drleqf        fz_ws.l(drleqf.o)
    0x080041ec   0x080041ec   0x00000056   Code   RO         3009    x$fpl$f2d           fz_ws.l(f2d.o)
    0x08004242   0x08004242   0x0000008c   Code   RO         3113    x$fpl$fnaninf       fz_ws.l(fnaninf.o)
    0x080042ce   0x080042ce   0x0000000a   Code   RO         3115    x$fpl$fretinf       fz_ws.l(fretinf.o)
    0x080042d8   0x080042d8   0x00000004   Code   RO         3011    x$fpl$printf1       fz_ws.l(printf1.o)
    0x080042dc   0x080042dc   0x00000064   Code   RO         3206    x$fpl$retnan        fz_ws.l(retnan.o)
    0x08004340   0x08004340   0x0000005c   Code   RO         3013    x$fpl$scalbn        fz_ws.l(scalbn.o)
    0x0800439c   0x0800439c   0x00000030   Code   RO         3243    x$fpl$trapveneer    fz_ws.l(trapv.o)
    0x080043cc   0x080043cc   0x00000000   Code   RO         3117    x$fpl$usenofp       fz_ws.l(usenofp.o)
    0x080043cc   0x080043cc   0x0000000c   Data   RO          423    .constdata          mailqueue.o
    0x080043d8   0x080043d8   0x00000010   Data   RO          493    .constdata          msgqueue.o
    0x080043e8   0x080043e8   0x00000060   Data   RO          523    .constdata          thread.o
    0x08004448   0x08004448   0x00000002   Data   RO          594    .constdata          rtx_conf_cm.o
    0x0800444a   0x0800444a   0x00000002   PAD
    0x0800444c   0x0800444c   0x00000004   Data   RO          595    .constdata          rtx_conf_cm.o
    0x08004450   0x08004450   0x00000004   Data   RO          596    .constdata          rtx_conf_cm.o
    0x08004454   0x08004454   0x00000004   Data   RO          600    .constdata          rtx_conf_cm.o
    0x08004458   0x08004458   0x00000001   Data   RO          601    .constdata          rtx_conf_cm.o
    0x08004459   0x08004459   0x00000003   PAD
    0x0800445c   0x0800445c   0x00000010   Data   RO          602    .constdata          rtx_conf_cm.o
    0x0800446c   0x0800446c   0x00000002   Data   RO          603    .constdata          rtx_conf_cm.o
    0x0800446e   0x0800446e   0x00000002   PAD
    0x08004470   0x08004470   0x00000004   Data   RO          604    .constdata          rtx_conf_cm.o
    0x08004474   0x08004474   0x00000004   Data   RO          605    .constdata          rtx_conf_cm.o
    0x08004478   0x08004478   0x00000001   Data   RO          606    .constdata          rtx_conf_cm.o
    0x08004479   0x08004479   0x00000003   PAD
    0x0800447c   0x0800447c   0x00000010   Data   RO          607    .constdata          rtx_conf_cm.o
    0x0800448c   0x0800448c   0x00000008   Data   RO          608    .constdata          rtx_conf_cm.o
    0x08004494   0x08004494   0x00000002   Data   RO          609    .constdata          rtx_conf_cm.o
    0x08004496   0x08004496   0x00000002   PAD
    0x08004498   0x08004498   0x00000010   Data   RO          610    .constdata          rtx_conf_cm.o
    0x080044a8   0x080044a8   0x00000094   Data   RO         3166    .constdata          c_w.l(bigflt0.o)
    0x0800453c   0x0800453c   0x00000020   Data   RO         3289    Region$$Table       anon$$obj.o
    0x0800455c   0x0800455c   0x0000001c   Data   RO         3190    locale$$data        c_w.l(lc_numeric_c.o)


    Execution Region RW_IRAM1 (Exec base: 0x20000000, Load base: 0x08004578, Size: 0x00002418, Max: 0x00005000, ABSOLUTE)

    Exec Addr    Load Addr    Size         Type   Attr      Idx    E Section Name        Object

    0x20000000   0x08004578   0x00000004   Data   RW            7    .data               delay.o
    0x20000004   0x0800457c   0x00000006   Data   RW          172    .data               lcd16x2.o
    0x2000000a   0x08004582   0x00000002   PAD
    0x2000000c   0x08004584   0x00000008   Data   RW          424    .data               mailqueue.o
    0x20000014   0x0800458c   0x00000004   Data   RW          425    .data               mailqueue.o
    0x20000018   0x08004590   0x00000008   Data   RW          494    .data               msgqueue.o
    0x20000020   0x08004598   0x00000018   Data   RW          524    .data               thread.o
    0x20000038   0x080045b0   0x00000004   Data   RW          612    .data               rtx_conf_cm.o
    0x2000003c   0x080045b4   0x00000004   Data   RW          613    .data               rtx_conf_cm.o
    0x20000040   0x080045b8   0x00000004   Data   RW          614    .data               rtx_conf_cm.o
    0x20000044   0x080045bc   0x00000004   Data   RW          615    .data               rtx_conf_cm.o
    0x20000048   0x080045c0   0x00000014   Data   RW         1107    .data               stm32f10x_rcc.o
    0x2000005c   0x080045d4   0x00000014   Data   RW         1645    .data               system_stm32f10x.o
    0x20000070   0x080045e8   0x00000008   Data   RW         1777    .data               RTX_CM3.lib(rt_cmsis.o)
    0x20000078   0x080045f0   0x00000008   Data   RW         2314    .data               RTX_CM3.lib(rt_task.o)
    0x20000080   0x080045f8   0x00000008   Data   RW         2433    .data               RTX_CM3.lib(rt_system.o)
    0x20000088   0x08004600   0x00000004   Data   RW         2723    .data               RTX_CM3.lib(rt_time.o)
    0x2000008c   0x08004604   0x00000008   Data   RW         2754    .data               RTX_CM3.lib(rt_robin.o)
    0x20000094   0x0800460c   0x00000001   Data   RW         2833    .data               RTX_CM3.lib(hal_cm.o)
    0x20000095   0x0800460d   0x00000003   PAD
    0x20000098        -       0x00000040   Zero   RW          421    .bss                mailqueue.o
    0x200000d8        -       0x000000fc   Zero   RW          422    .bss                mailqueue.o
    0x200001d4        -       0x00000040   Zero   RW          490    .bss                msgqueue.o
    0x20000214        -       0x00000040   Zero   RW          491    .bss                msgqueue.o
    0x20000254        -       0x0000000e   Zero   RW          522    .bss                thread.o
    0x20000262   0x0800460d   0x00000002   PAD
    0x20000264        -       0x00000020   Zero   RW          587    .bss                rtx_conf_cm.o
    0x20000284        -       0x000001e0   Zero   RW          588    .bss                rtx_conf_cm.o
    0x20000464   0x0800460d   0x00000004   PAD
    0x20000468        -       0x00000f90   Zero   RW          589    .bss                rtx_conf_cm.o
    0x200013f8        -       0x000004d0   Zero   RW          590    .bss                rtx_conf_cm.o
    0x200018c8        -       0x00000084   Zero   RW          591    .bss                rtx_conf_cm.o
    0x2000194c        -       0x00000024   Zero   RW          592    .bss                rtx_conf_cm.o
    0x20001970        -       0x000003e0   Zero   RW          593    .bss                rtx_conf_cm.o
    0x20001d50        -       0x00000034   Zero   RW         2313    .bss                RTX_CM3.lib(rt_task.o)
    0x20001d84        -       0x00000030   Zero   RW         2563    .bss                RTX_CM3.lib(rt_list.o)
    0x20001db4        -       0x00000060   Zero   RW         2891    .bss                c_w.l(libspace.o)
    0x20001e14   0x0800460d   0x00000004   PAD
    0x20001e18        -       0x00000200   Zero   RW         1633    HEAP                startup_stm32f10x_md.o
    0x20002018        -       0x00000400   Zero   RW         1632    STACK               startup_stm32f10x_md.o


==============================================================================

Image component sizes


      Code (inc. data)   RO Data    RW Data    ZI Data      Debug   Object Name

        52         18          0          4          0     249090   delay.o
        44         12          0          0          0       5643   intrrupt_hndlrs.o
       914         72          0          6          0       7608   lcd16x2.o
        28         10         12         12        316       1409   mailqueue.o
       108         12          0          0          0        989   main.o
       120         16          0          0          0       1659   misc.o
        40          8         16          8        128       1476   msgqueue.o
       136         36         84         16       6888       9843   rtx_conf_cm.o
        64         26        236          0       1536        844   startup_stm32f10x_md.o
       276         10          0          0          0       7272   stm32f10x_adc.o
       162          0          0          0          0       1988   stm32f10x_gpio.o
       212         34          0         20          0       5225   stm32f10x_rcc.o
        60          0          0          0          0       2285   stm32f10x_spi.o
       270          6          0          0          0       5709   stm32f10x_usart.o
       560         50          0          0          0      29055   system_parameters.o
       348         40          0         20          0       2669   system_stm32f10x.o
       784         76         96         24         14       5608   thread.o

    ----------------------------------------------------------------------
      4184        426        488        112       8888     338372   Object Totals
         0          0         32          0          0          0   (incl. Generated)
         6          0         12          2          6          0   (incl. Padding)

    ----------------------------------------------------------------------

      Code (inc. data)   RO Data    RW Data    ZI Data      Debug   Library Member Name

       238         24          0          1          0       3312   hal_cm.o
       304         36          0          0          0        768   hal_cm3.o
      1930        202          0          8          0      45200   rt_cmsis.o
       300         24          0          0          0       3183   rt_event.o
       530         34          0          0         48       8253   rt_list.o
       706         14          0          0          0       4787   rt_mailbox.o
       140          0          0          0          0       1925   rt_membox.o
       128          0          0          0          0       2307   rt_memory.o
       352         14          0          0          0       2105   rt_mutex.o
        96         22          0          8          0       1158   rt_robin.o
        52          4          0          0          0        573   rt_semaphore.o
       298         52          0          8          0       6223   rt_system.o
      1216        174          0          8         52       9649   rt_task.o
         6          0          0          4          0        652   rt_time.o
         4          4          0          0          0        208   svc_table.o
         8          0          0          0          0         68   __main.o
       104          0          0          0          0         84   __printf.o
         0          0          0          0          0          0   __rtentry.o
        20          0          0          0          0          0   __rtentry2.o
         6          0          0          0          0          0   __rtentry4.o
        52          8          0          0          0          0   __scatter.o
        26          0          0          0          0          0   __scatter_copy.o
        28          0          0          0          0          0   __scatter_zi.o
        48          6          0          0          0         96   _printf_char_common.o
         6          0          0          0          0          0   _printf_f.o
      1054          0          0          0          0        216   _printf_fp_dec.o
       128         16          0          0          0         84   _printf_fp_infnan.o
         0          0          0          0          0          0   _printf_percent.o
         4          0          0          0          0          0   _printf_percent_end.o
        16          0          0          0          0         68   _snputc.o
        10          0          0          0          0         68   _sputc.o
       228          4        148          0          0         96   bigflt0.o
      1936        128          0          0          0        672   btod.o
        10          0          0          0          0         68   defsig_exit.o
        50          0          0          0          0         88   defsig_general.o
        80         58          0          0          0         76   defsig_rtmem_inner.o
        14          0          0          0          0         80   defsig_rtmem_outer.o
        18          0          0          0          0         80   exit.o
       158          0          0          0          0        128   h1_alloc_mt.o
        62          0          0          0          0         80   h1_extend_mt.o
       118          0          0          0          0        108   h1_free_mt.o
        18          0          0          0          0         84   h1_init_mt.o
         6          0          0          0          0        152   heapauxi.o
         4          0          0          0          0        136   hguard.o
         0          0          0          0          0          0   indicate_semi.o
       138          0          0          0          0        168   init_alloc.o
        44         10         28          0          0         76   lc_numeric_c.o
         2          0          0          0          0          0   libinit.o
        26          0          0          0          0          0   libinit2.o
         2          0          0          0          0          0   libshutdown.o
         2          0          0          0          0          0   libshutdown2.o
         8          4          0          0         96         68   libspace.o
       138          0          0          0          0         80   lludiv10.o
         0          0          0          0          0          0   maybetermalloc1.o
        52          4          0          0          0         84   noretval__2snprintf.o
        10          0          0          0          0         76   rt_heap_descriptor_twolibspace.o
        10          0          0          0          0         76   rt_locale_twolibspace.o
       138          0          0          0          0         68   rt_memcpy_v6.o
       100          0          0          0          0         80   rt_memcpy_w.o
         2          0          0          0          0          0   rtexit.o
        10          0          0          0          0          0   rtexit2.o
       128          0          0          0          0         68   strcmpv7m.o
        12          4          0          0          0         68   sys_exit.o
        74          0          0          0          0         80   sys_stackheap_outer.o
        14          0          0          0          0         76   sys_wrch.o
         2          0          0          0          0         68   use_no_semi.o
        98          4          0          0          0         92   d2f.o
        16          4          0          0          0         68   dcheck1.o
        24          0          0          0          0         68   dcmpi.o
        84          0          0          0          0        136   dflt_clz.o
       120          4          0          0          0         92   dleqf.o
       340         12          0          0          0        104   dmul.o
       156          4          0          0          0         92   dnaninf.o
        12          0          0          0          0         68   dretinf.o
       108          0          0          0          0         80   drleqf.o
        86          4          0          0          0         84   f2d.o
       140          4          0          0          0         84   fnaninf.o
        10          0          0          0          0         68   fretinf.o
         4          0          0          0          0         68   printf1.o
       100          0          0          0          0         68   retnan.o
        92          0          0          0          0         68   scalbn.o
        48          0          0          0          0         68   trapv.o
         0          0          0          0          0          0   usenofp.o
        40          0          0          0          0         68   fpclassify.o

    ----------------------------------------------------------------------
     12936        882        176         40        200      95347   Library Totals
        34          0          0          3          4          0   (incl. Padding)

    ----------------------------------------------------------------------

      Code (inc. data)   RO Data    RW Data    ZI Data      Debug   Library Name

      6300        604          0         37        100      90303   RTX_CM3.lib
      5124        242        176          0         96       3668   c_w.l
      1438         36          0          0          0       1308   fz_ws.l
        40          0          0          0          0         68   m_ws.l

    ----------------------------------------------------------------------
     12936        882        176         40        200      95347   Library Totals

    ----------------------------------------------------------------------

==============================================================================


      Code (inc. data)   RO Data    RW Data    ZI Data      Debug   

     17120       1308        664        152       9088     422483   Grand Totals
     17120       1308        664        152       9088     422483   ELF Image Totals
     17120       1308        664        152          0          0   ROM Totals

==============================================================================

    Total RO  Size (Code + RO Data)                17784 (  17.37kB)
    Total RW  Size (RW Data + ZI Data)              9240 (   9.02kB)
    Total ROM Size (Code + RO Data + RW Data)      17936 (  17.52kB)

==============================================================================

