Component: ARM Compiler 5.06 update 6 (build 750) Tool: armlink [4d35ed]

==============================================================================

Section Cross References

    delay.o(i.DelayInit) refers to system_stm32f10x.o(i.SystemCoreClockUpdate) for SystemCoreClockUpdate
    delay.o(i.DelayInit) refers to system_stm32f10x.o(.data) for SystemCoreClock
    delay.o(i.DelayInit) refers to delay.o(.data) for sysclk
    delay.o(i.DelayMs) refers to delay.o(.data) for sysclk
    delay.o(i.DelayUs) refers to delay.o(.data) for sysclk
    lcd16x2.o(i.lcd16x2_PutNum) refers to _printf_percent.o(.ARM.Collect$$_printf_percent$$00000000) for _printf_percent
    lcd16x2.o(i.lcd16x2_PutNum) refers to _printf_f.o(.ARM.Collect$$_printf_percent$$00000003) for _printf_f
    lcd16x2.o(i.lcd16x2_PutNum) refers to printf1.o(x$fpl$printf1) for _printf_fp_dec
    lcd16x2.o(i.lcd16x2_PutNum) refers to h1_alloc_mt.o(.text) for malloc
    lcd16x2.o(i.lcd16x2_PutNum) refers to f2d.o(x$fpl$f2d) for __aeabi_f2d
    lcd16x2.o(i.lcd16x2_PutNum) refers to noretval__2snprintf.o(.text) for __2snprintf
    lcd16x2.o(i.lcd16x2_PutNum) refers to lcd16x2.o(i.lcd16x2_puts) for lcd16x2_puts
    lcd16x2.o(i.lcd16x2_PutNum) refers to h1_free_mt.o(.text) for free
    lcd16x2.o(i.lcd16x2_blink_off) refers to lcd16x2.o(i.lcd16x2_write_command) for lcd16x2_write_command
    lcd16x2.o(i.lcd16x2_blink_off) refers to lcd16x2.o(.data) for display_cursor_on_off_control
    lcd16x2.o(i.lcd16x2_blink_on) refers to lcd16x2.o(i.lcd16x2_write_command) for lcd16x2_write_command
    lcd16x2.o(i.lcd16x2_blink_on) refers to lcd16x2.o(.data) for display_cursor_on_off_control
    lcd16x2.o(i.lcd16x2_clear_line) refers to lcd16x2.o(i.lcd16x2_getxy) for lcd16x2_getxy
    lcd16x2.o(i.lcd16x2_clear_line) refers to lcd16x2.o(i.lcd16x2_gotoxy) for lcd16x2_gotoxy
    lcd16x2.o(i.lcd16x2_clear_line) refers to lcd16x2.o(i.lcd16x2_puts) for lcd16x2_puts
    lcd16x2.o(i.lcd16x2_clrscr) refers to lcd16x2.o(i.lcd16x2_write_command) for lcd16x2_write_command
    lcd16x2.o(i.lcd16x2_create_custom_char) refers to lcd16x2.o(i.lcd16x2_write_command) for lcd16x2_write_command
    lcd16x2.o(i.lcd16x2_create_custom_char) refers to lcd16x2.o(i.lcd16x2_write_data) for lcd16x2_write_data
    lcd16x2.o(i.lcd16x2_cursor_off) refers to lcd16x2.o(i.lcd16x2_write_command) for lcd16x2_write_command
    lcd16x2.o(i.lcd16x2_cursor_off) refers to lcd16x2.o(.data) for display_cursor_on_off_control
    lcd16x2.o(i.lcd16x2_cursor_on) refers to lcd16x2.o(i.lcd16x2_write_command) for lcd16x2_write_command
    lcd16x2.o(i.lcd16x2_cursor_on) refers to lcd16x2.o(.data) for display_cursor_on_off_control
    lcd16x2.o(i.lcd16x2_cursor_shift_left) refers to lcd16x2.o(i.lcd16x2_write_command) for lcd16x2_write_command
    lcd16x2.o(i.lcd16x2_cursor_shift_right) refers to lcd16x2.o(i.lcd16x2_write_command) for lcd16x2_write_command
    lcd16x2.o(i.lcd16x2_display_off) refers to lcd16x2.o(i.lcd16x2_write_command) for lcd16x2_write_command
    lcd16x2.o(i.lcd16x2_display_off) refers to lcd16x2.o(.data) for display_cursor_on_off_control
    lcd16x2.o(i.lcd16x2_display_on) refers to lcd16x2.o(i.lcd16x2_write_command) for lcd16x2_write_command
    lcd16x2.o(i.lcd16x2_display_on) refers to lcd16x2.o(.data) for display_cursor_on_off_control
    lcd16x2.o(i.lcd16x2_display_shift_left) refers to lcd16x2.o(i.lcd16x2_write_command) for lcd16x2_write_command
    lcd16x2.o(i.lcd16x2_display_shift_right) refers to lcd16x2.o(i.lcd16x2_write_command) for lcd16x2_write_command
    lcd16x2.o(i.lcd16x2_entry_dec) refers to lcd16x2.o(i.lcd16x2_write_command) for lcd16x2_write_command
    lcd16x2.o(i.lcd16x2_entry_dec_shift) refers to lcd16x2.o(i.lcd16x2_write_command) for lcd16x2_write_command
    lcd16x2.o(i.lcd16x2_entry_inc) refers to lcd16x2.o(i.lcd16x2_write_command) for lcd16x2_write_command
    lcd16x2.o(i.lcd16x2_entry_inc_shift) refers to lcd16x2.o(i.lcd16x2_write_command) for lcd16x2_write_command
    lcd16x2.o(i.lcd16x2_getxy) refers to lcd16x2.o(i.lcd16x2_wait_busy) for lcd16x2_wait_busy
    lcd16x2.o(i.lcd16x2_gotoxy) refers to lcd16x2.o(i.lcd16x2_write_command) for lcd16x2_write_command
    lcd16x2.o(i.lcd16x2_home) refers to lcd16x2.o(i.lcd16x2_write_command) for lcd16x2_write_command
    lcd16x2.o(i.lcd16x2_init) refers to delay.o(i.DelayInit) for DelayInit
    lcd16x2.o(i.lcd16x2_init) refers to stm32f10x_rcc.o(i.RCC_APB2PeriphClockCmd) for RCC_APB2PeriphClockCmd
    lcd16x2.o(i.lcd16x2_init) refers to stm32f10x_gpio.o(i.GPIO_Init) for GPIO_Init
    lcd16x2.o(i.lcd16x2_init) refers to delay.o(i.DelayUs) for DelayUs
    lcd16x2.o(i.lcd16x2_init) refers to lcd16x2.o(i.lcd16x2_toggle_e) for lcd16x2_toggle_e
    lcd16x2.o(i.lcd16x2_init) refers to lcd16x2.o(i.lcd16x2_write_command) for lcd16x2_write_command
    lcd16x2.o(i.lcd16x2_init) refers to lcd16x2.o(i.lcd16x2_clrscr) for lcd16x2_clrscr
    lcd16x2.o(i.lcd16x2_init) refers to lcd16x2.o(i.lcd16x2_entry_inc) for lcd16x2_entry_inc
[...]
    __ARM_exceptions_init                     - Undefined Weak Reference
    __alloca_initialize                       - Undefined Weak Reference
    __arm_preinit_                            - Undefined Weak Reference
    __cpp_initialize__aeabi_                  - Undefined Weak Reference
    __cxa_finalize                            - Undefined Weak Reference
    __sigvec_lookup                           - Undefined Weak Reference
    __user_heap_extent                        - Undefined Weak Reference
    _atexit_init                              - Undefined Weak Reference
    _call_atexit_fns                          - Undefined Weak Reference
    _clock_init                               - Undefined Weak Reference
    _fp_trap_init                             - Undefined Weak Reference
    _fp_trap_shutdown                         - Undefined Weak Reference
    _get_lc_collate                           - Undefined Weak Reference
    _get_lc_ctype                             - Undefined Weak Reference
    _get_lc_monetary                          - Undefined Weak Reference
    _get_lc_time                              - Undefined Weak Reference
    _getenv_init                              - Undefined Weak Reference
    _handle_redirection                       - Undefined Weak Reference
    _initio                                   - Undefined Weak Reference
    _mutex_free                               - Undefined Weak Reference
    _printf_post_padding                      - Undefined Weak Reference
    _printf_pre_padding                       - Undefined Weak Reference
    _rand_init                                - Undefined Weak Reference
    _signal_finish                            - Undefined Weak Reference
    _signal_init                              - Undefined Weak Reference
    _terminateio                              - Undefined Weak Reference
    __Vectors_Size                           0x000000ec   Number         0  startup_stm32f10x_md.o ABSOLUTE
    __RL_RTX_VER                             0x00000482   Number         0  rt_system.o ABSOLUTE
    __Vectors                                0x08000000   Data           4  startup_stm32f10x_md.o(RESET)
    __Vectors_End                            0x080000ec   Data           0  startup_stm32f10x_md.o(RESET)
    __main                                   0x080000ed   Thumb Code     8  __main.o(!!!main)
    __scatterload                            0x080000f5   Thumb Code     0  __scatter.o(!!!scatter)
    __scatterload_rt2                        0x080000f5   Thumb Code    44  __scatter.o(!!!scatter)
    __scatterload_rt2_thumb_only             0x080000f5   Thumb Code     0  __scatter.o(!!!scatter)
    __scatterload_null                       0x08000103   Thumb Code     0  __scatter.o(!!!scatter)
    __scatterload_copy                       0x08000129   Thumb Code    26  __scatter_copy.o(!!handler_copy)
    __scatterload_zeroinit                   0x08000145   Thumb Code    28  __scatter_zi.o(!!handler_zi)
    _printf_f                                0x08000161   Thumb Code     0  _printf_f.o(.ARM.Collect$$_printf_percent$$00000003)
    _printf_percent                          0x08000161   Thumb Code     0  _printf_percent.o(.ARM.Collect$$_printf_percent$$00000000)
    _printf_percent_end                      0x08000167   Thumb Code     0  _printf_percent_end.o(.ARM.Collect$$_printf_percent$$00000017)
    __rt_lib_init                            0x0800016b   Thumb Code     0  libinit.o(.ARM.Collect$$libinit$$00000000)
    __rt_lib_init_fp_1                       0x0800016d   Thumb Code     0  libinit2.o(.ARM.Collect$$libinit$$00000002)
    __rt_lib_init_heap_2                     0x0800016d   Thumb Code     0  libinit2.o(.ARM.Collect$$libinit$$00000005)
    __rt_lib_init_preinit_1                  0x0800016d   Thumb Code     0  libinit2.o(.ARM.Collect$$libinit$$00000004)
    __rt_lib_init_heap_1                     0x08000175   Thumb Code     0  libinit2.o(.ARM.Collect$$libinit$$0000000A)
    __rt_lib_init_lc_common                  0x08000175   Thumb Code     0  libinit2.o(.ARM.Collect$$libinit$$0000000F)
    __rt_lib_init_rand_1                     0x08000175   Thumb Code     0  libinit2.o(.ARM.Collect$$libinit$$0000000E)
    __rt_lib_init_user_alloc_1               0x08000175   Thumb Code     0  libinit2.o(.ARM.Collect$$libinit$$0000000C)
    __rt_lib_init_lc_collate_1               0x0800017b   Thumb Code     0  libinit2.o(.ARM.Collect$$libinit$$00000011)
    __rt_lib_init_lc_ctype_1                 0x0800017b   Thumb Code     0  libinit2.o(.ARM.Collect$$libinit$$00000013)
    __rt_lib_init_lc_monetary_1              0x0800017b   Thumb Code     0  libinit2.o(.ARM.Collect$$libinit$$00000015)
    __rt_lib_init_lc_numeric_2               0x0800017b   Thumb Code     0  libinit2.o(.ARM.Collect$$libinit$$00000016)
    __rt_lib_init_alloca_1                   0x08000185   Thumb Code     0  libinit2.o(.ARM.Collect$$libinit$$0000002E)
    __rt_lib_init_argv_1                     0x08000185   Thumb Code     0  libinit2.o(.ARM.Collect$$libinit$$0000002C)
    __rt_lib_init_atexit_1                   0x08000185   Thumb Code     0  libinit2.o(.ARM.Collect$$libinit$$0000001B)
    __rt_lib_init_clock_1                    0x08000185   Thumb Code     0  libinit2.o(.ARM.Collect$$libinit$$00000021)
    __rt_lib_init_cpp_1                      0x08000185   Thumb Code     0  libinit2.o(.ARM.Collect$$libinit$$00000032)
    __rt_lib_init_exceptions_1               0x08000185   Thumb Code     0  libinit2.o(.ARM.Collect$$libinit$$00000030)
    __rt_lib_init_fp_trap_1                  0x08000185   Thumb Code     0  libinit2.o(.ARM.Collect$$libinit$$0000001F)
    __rt_lib_init_getenv_1                   0x08000185   Thumb Code     0  libinit2.o(.ARM.Collect$$libinit$$00000023)
    __rt_lib_init_lc_numeric_1               0x08000185   Thumb Code     0  libinit2.o(.ARM.Collect$$libinit$$00000017)
    __rt_lib_init_lc_time_1                  0x08000185   Thumb Code     0  libinit2.o(.ARM.Collect$$libinit$$00000019)
    __rt_lib_init_return                     0x08000185   Thumb Code     0  libinit2.o(.ARM.Collect$$libinit$$00000033)
    __rt_lib_init_signal_1                   0x08000185   Thumb Code     0  libinit2.o(.ARM.Collect$$libinit$$0000001D)
    __rt_lib_init_stdio_1                    0x08000185   Thumb Code     0  libinit2.o(.ARM.Collect$$libinit$$00000025)
    __rt_lib_shutdown                        0x08000187   Thumb Code     0  libshutdown.o(.ARM.Collect$$libshutdown$$00000000)
    __rt_lib_shutdown_cpp_1                  0x08000189   Thumb Code     0  libshutdown2.o(.ARM.Collect$$libshutdown$$00000002)
    __rt_lib_shutdown_fp_trap_1              0x08000189   Thumb Code     0  libshutdown2.o(.ARM.Collect$$libshutdown$$00000007)
    __rt_lib_shutdown_heap_1                 0x08000189   Thumb Code     0  libshutdown2.o(.ARM.Collect$$libshutdown$$0000000F)
    __rt_lib_shutdown_return                 0x08000189   Thumb Code     0  libshutdown2.o(.ARM.Collect$$libshutdown$$00000010)
    __rt_lib_shutdown_signal_1               0x08000189   Thumb Code     0  libshutdown2.o(.ARM.Collect$$libshutdown$$0000000A)
    __rt_lib_shutdown_stdio_1                0x08000189   Thumb Code     0  libshutdown2.o(.ARM.Collect$$libshutdown$$00000004)
    __rt_lib_shutdown_user_alloc_1           0x08000189   Thumb Code     0  libshutdown2.o(.ARM.Collect$$libshutdown$$0000000C)
    __rt_entry                               0x0800018b   Thumb Code     0  __rtentry.o(.ARM.Collect$$rtentry$$00000000)
    __rt_entry_presh_1                       0x0800018b   Thumb Code     0  __rtentry2.o(.ARM.Collect$$rtentry$$00000002)
    __rt_entry_sh                            0x0800018b   Thumb Code     0  __rtentry4.o(.ARM.Collect$$rtentry$$00000004)
    __rt_entry_li                            0x08000191   Thumb Code     0  __rtentry2.o(.ARM.Collect$$rtentry$$0000000A)
    __rt_entry_postsh_1                      0x08000191   Thumb Code     0  __rtentry2.o(.ARM.Collect$$rtentry$$00000009)
    __rt_entry_postli_1                      0x08000195   Thumb Code     0  __rtentry2.o(.ARM.Collect$$rtentry$$0000000B)
    __rt_entry_main                          0x0800019d   Thumb Code     0  __rtentry2.o(.ARM.Collect$$rtentry$$0000000D)
    __rt_exit                                0x080001a5   Thumb Code     0  rtexit.o(.ARM.Collect$$rtexit$$00000000)
    __rt_exit_ls                             0x080001a7   Thumb Code     0  rtexit2.o(.ARM.Collect$$rtexit$$00000003)
    __rt_exit_prels_1                        0x080001a7   Thumb Code     0  rtexit2.o(.ARM.Collect$$rtexit$$00000002)
    __rt_exit_exit                           0x080001ab   Thumb Code     0  rtexit2.o(.ARM.Collect$$rtexit$$00000004)
    _platform_post_lib_init                  0x080001b1   Thumb Code    24  rtx_conf_cm.o(.emb_text)
    rt_set_PSP                               0x080001cd   Thumb Code     6  hal_cm3.o(.emb_text)
    rt_get_PSP                               0x080001d3   Thumb Code     6  hal_cm3.o(.emb_text)
    os_set_env                               0x080001d9   Thumb Code    24  hal_cm3.o(.emb_text)
    _alloc_box                               0x080001f5   Thumb Code    28  hal_cm3.o(.emb_text)
    _free_box                                0x08000215   Thumb Code    28  hal_cm3.o(.emb_text)
    SVC_Handler                              0x08000235   Thumb Code   108  hal_cm3.o(.emb_text)
    PendSV_Handler                           0x080002ad   Thumb Code    56  hal_cm3.o(.emb_text)
    SysTick_Handler                          0x080002e9   Thumb Code     8  hal_cm3.o(.emb_text)
    OS_Tick_Handler                          0x080002f1   Thumb Code    12  hal_cm3.o(.emb_text)
    Reset_Handler                            0x080002fd   Thumb Code     8  startup_stm32f10x_md.o(.text)
    _maybe_terminate_alloc                   0x080002fd   Thumb Code     0  maybetermalloc1.o(.emb_text)
    NMI_Handler                              0x08000305   Thumb Code     2  startup_stm32f10x_md.o(.text)
    HardFault_Handler                        0x08000307   Thumb Code     2  startup_stm32f10x_md.o(.text)
    MemManage_Handler                        0x08000309   Thumb Code     2  startup_stm32f10x_md.o(.text)
    BusFault_Handler                         0x0800030b   Thumb Code     2  startup_stm32f10x_md.o(.text)
    UsageFault_Handler                       0x0800030d   Thumb Code     2  startup_stm32f10x_md.o(.text)
    DebugMon_Handler                         0x08000311   Thumb Code     2  startup_stm32f10x_md.o(.text)
    ADC1_2_IRQHandler                        0x08000317   Thumb Code     0  startup_stm32f10x_md.o(.text)
    CAN1_RX1_IRQHandler                      0x08000317   Thumb Code     0  startup_stm32f10x_md.o(.text)
    CAN1_SCE_IRQHandler                      0x08000317   Thumb Code     0  startup_stm32f10x_md.o(.text)
    EXTI0_IRQHandler                         0x08000317   Thumb Code     0  startup_stm32f10x_md.o(.text)
    EXTI15_10_IRQHandler                     0x08000317   Thumb Code     0  startup_stm32f10x_md.o(.text)
    EXTI1_IRQHandler                         0x08000317   Thumb Code     0  startup_stm32f10x_md.o(.text)
    EXTI2_IRQHandler                         0x08000317   Thumb Code     0  startup_stm32f10x_md.o(.text)
    EXTI3_IRQHandler                         0x08000317   Thumb Code     0  startup_stm32f10x_md.o(.text)
    EXTI4_IRQHandler                         0x08000317   Thumb Code     0  startup_stm32f10x_md.o(.text)
    EXTI9_5_IRQHandler                       0x08000317   Thumb Code     0  startup_stm32f10x_md.o(.text)
    FLASH_IRQHandler                         0x08000317   Thumb Code     0  startup_stm32f10x_md.o(.text)
    I2C1_ER_IRQHandler                       0x08000317   Thumb Code     0  startup_stm32f10x_md.o(.text)
    I2C1_EV_IRQHandler                       0x08000317   Thumb Code     0  startup_stm32f10x_md.o(.text)
    I2C2_ER_IRQHandler                       0x08000317   Thumb Code     0  startup_stm32f10x_md.o(.text)
    I2C2_EV_IRQHandler                       0x08000317   Thumb Code     0  startup_stm32f10x_md.o(.text)
    PVD_IRQHandler                           0x08000317   Thumb Code     0  startup_stm32f10x_md.o(.text)
    RCC_IRQHandler                           0x08000317   Thumb Code     0  startup_stm32f10x_md.o(.text)
    RTCAlarm_IRQHandler                      0x08000317   Thumb Code     0  startup_stm32f10x_md.o(.text)
    RTC_IRQHandler                           0x08000317   Thumb Code     0  startup_stm32f10x_md.o(.text)
    SPI1_IRQHandler                          0x08000317   Thumb Code     0  startup_stm32f10x_md.o(.text)
    TAMPER_IRQHandler                        0x08000317   Thumb Code     0  startup_stm32f10x_md.o(.text)
    TIM1_BRK_IRQHandler                      0x08000317   Thumb Code     0  startup_stm32f10x_md.o(.text)
    TIM1_CC_IRQHandler                       0x08000317   Thumb Code     0  startup_stm32f10x_md.o(.text)
    TIM1_TRG_COM_IRQHandler                  0x08000317   Thumb Code     0  startup_stm32f10x_md.o(.text)
    TIM1_UP_IRQHandler                       0x08000317   Thumb Code     0  startup_stm32f10x_md.o(.text)
    TIM2_IRQHandler                          0x08000317   Thumb Code     0  startup_stm32f10x_md.o(.text)
    TIM3_IRQHandler                          0x08000317   Thumb Code     0  startup_stm32f10x_md.o(.text)
    TIM4_IRQHandler                          0x08000317   Thumb Code     0  startup_stm32f10x_md.o(.text)
    USART1_IRQHandler                        0x08000317   Thumb Code     0  startup_stm32f10x_md.o(.text)
    USART3_IRQHandler                        0x08000317   Thumb Code     0  startup_stm32f10x_md.o(.text)
    USBWakeUp_IRQHandler                     0x08000317   Thumb Code     0  startup_stm32f10x_md.o(.text)
    USB_HP_CAN1_TX_IRQHandler                0x08000317   Thumb Code     0  startup_stm32f10x_md.o(.text)
    USB_LP_CAN1_RX0_IRQHandler               0x08000317   Thumb Code     0  startup_stm32f10x_md.o(.text)
    WWDG_IRQHandler                          0x08000317   Thumb Code     0  startup_stm32f10x_md.o(.text)
    __user_initial_stackheap                 0x08000319   Thumb Code     0  startup_stm32f10x_md.o(.text)
    __user_libspace                          0x0800033d   Thumb Code     8  libspace.o(.text)
    __user_perproc_libspace                  0x0800033d   Thumb Code     0  libspace.o(.text)
    _malloc_internal                         0x0800034d   Thumb Code   130  h1_alloc_mt.o(.text)
    malloc                                   0x080003cf   Thumb Code    20  h1_alloc_mt.o(.text)
    _free_internal                           0x080003e3   Thumb Code    98  h1_free_mt.o(.text)
    free                                     0x08000445   Thumb Code    20  h1_free_mt.o(.text)
    __2snprintf                              0x08000459   Thumb Code    48  noretval__2snprintf.o(.text)
    __printf                                 0x0800048d   Thumb Code   104  __printf.o(.text)
    exit                                     0x080004f5   Thumb Code    18  exit.o(.text)
    __aeabi_memcpy                           0x08000507   Thumb Code     0  rt_memcpy_v6.o(.text)
    __rt_memcpy                              0x08000507   Thumb Code   138  rt_memcpy_v6.o(.text)
    _memcpy_lastbytes                        0x0800056d   Thumb Code     0  rt_memcpy_v6.o(.text)
    __aeabi_memcpy4                          0x08000591   Thumb Code     0  rt_memcpy_w.o(.text)
    __aeabi_memcpy8                          0x08000591   Thumb Code     0  rt_memcpy_w.o(.text)
    __rt_memcpy_w                            0x08000591   Thumb Code   100  rt_memcpy_w.o(.text)
    _memcpy_lastbytes_aligned                0x080005d9   Thumb Code     0  rt_memcpy_w.o(.text)
    strcmp                                   0x080005f5   Thumb Code   128  strcmpv7m.o(.text)
    __use_two_region_memory                  0x08000675   Thumb Code     2  heapauxi.o(.text)
    __rt_heap_escrow                         0x08000677   Thumb Code     2  heapauxi.o(.text)
    __rt_heap_expand                         0x08000679   Thumb Code     2  heapauxi.o(.text)
    __rt_heap_descriptor                     0x0800067b   Thumb Code    10  rt_heap_descriptor_twolibspace.o(.text)
    __use_no_heap                            0x08000685   Thumb Code     2  hguard.o(.text)
    __heap$guard                             0x08000687   Thumb Code     2  hguard.o(.text)
    _terminate_user_alloc                    0x08000689   Thumb Code     2  init_alloc.o(.text)
    _init_user_alloc                         0x0800068b   Thumb Code     2  init_alloc.o(.text)
    __Heap_Full                              0x0800068d   Thumb Code    34  init_alloc.o(.text)
    __Heap_Broken                            0x080006af   Thumb Code     6  init_alloc.o(.text)
    _init_alloc                              0x080006b5   Thumb Code    94  init_alloc.o(.text)
    __Heap_Initialize                        0x08000713   Thumb Code    14  h1_init_mt.o(.text)
    __Heap_DescSize                          0x08000721   Thumb Code     4  h1_init_mt.o(.text)
    __lib_sel_fp_printf                      0x08000725   Thumb Code     2  _printf_fp_dec.o(.text)
    _printf_fp_dec_real                      0x080008d7   Thumb Code   620  _printf_fp_dec.o(.text)
    _printf_char_common                      0x08000b4f   Thumb Code    32  _printf_char_common.o(.text)
    _sputc                                   0x08000b75   Thumb Code    10  _sputc.o(.text)
    _snputc                                  0x08000b7f   Thumb Code    16  _snputc.o(.text)
    __rt_locale                              0x08000b8f   Thumb Code    10  rt_locale_twolibspace.o(.text)
    __Heap_ProvideMemory                     0x08000b99   Thumb Code    62  h1_extend_mt.o(.text)
    _ll_udiv10                               0x08000bd7   Thumb Code   138  lludiv10.o(.text)
    _printf_fp_infnan                        0x08000c61   Thumb Code   112  _printf_fp_infnan.o(.text)
    _btod_etento                             0x08000ce1   Thumb Code   224  bigflt0.o(.text)
    __rt_SIGRTMEM                            0x08000dc5   Thumb Code    14  defsig_rtmem_outer.o(.text)
    _sys_exit                                0x08000dd5   Thumb Code     8  sys_exit.o(.text)
    __I$use$semihosting                      0x08000de1   Thumb Code     0  use_no_semi.o(.text)
    __use_no_semihosting_swi                 0x08000de1   Thumb Code     2  use_no_semi.o(.text)
    __semihosting_library_function           0x08000de3   Thumb Code     0  indicate_semi.o(.text)
    __user_setup_stackheap                   0x08000de3   Thumb Code    74  sys_stackheap_outer.o(.text)
    __sig_exit                               0x08000e2d   Thumb Code    10  defsig_exit.o(.text)
    __rt_SIGRTMEM_inner                      0x08000e39   Thumb Code    22  defsig_rtmem_inner.o(.text)
    __default_signal_display                 0x08000e89   Thumb Code    50  defsig_general.o(.text)
    _ttywrch                                 0x08000ebb   Thumb Code    14  sys_wrch.o(.text)
    _btod_d2e                                0x08000ec9   Thumb Code    62  btod.o(CL$$btod_d2e)
    _d2e_denorm_low                          0x08000f07   Thumb Code    70  btod.o(CL$$btod_d2e_denorm_low)
    _d2e_norm_op1                            0x08000f4d   Thumb Code    96  btod.o(CL$$btod_d2e_norm_op1)
    __btod_div_common                        0x08000fad   Thumb Code   696  btod.o(CL$$btod_div_common)
    _e2e                                     0x080012e5   Thumb Code   220  btod.o(CL$$btod_e2e)
    _btod_ediv                               0x080013c1   Thumb Code    42  btod.o(CL$$btod_ediv)
    _btod_emul                               0x080013eb   Thumb Code    42  btod.o(CL$$btod_emul)
    __btod_mult_common                       0x08001415   Thumb Code   580  btod.o(CL$$btod_mult_common)
    SVC_Count                                0x08001658   Data           4  svc_table.o(SVC_TABLE)
    ADC1_Init                                0x0800165d   Thumb Code   146  system_parameters.o(i.ADC1_Init)
    SVC_Table                                0x0800165c   Data           0  svc_table.o(SVC_TABLE)
    ADC_Cmd                                  0x080016f9   Thumb Code    22  stm32f10x_adc.o(i.ADC_Cmd)
    ADC_GetCalibrationStatus                 0x0800170f   Thumb Code    20  stm32f10x_adc.o(i.ADC_GetCalibrationStatus)
    ADC_GetResetCalibrationStatus            0x08001723   Thumb Code    20  stm32f10x_adc.o(i.ADC_GetResetCalibrationStatus)
    ADC_Init                                 0x08001739   Thumb Code    70  stm32f10x_adc.o(i.ADC_Init)
    ADC_RegularChannelConfig                 0x08001789   Thumb Code   184  stm32f10x_adc.o(i.ADC_RegularChannelConfig)
    ADC_ResetCalibration                     0x08001841   Thumb Code    10  stm32f10x_adc.o(i.ADC_ResetCalibration)
    ADC_SoftwareStartConvCmd                 0x0800184b   Thumb Code    22  stm32f10x_adc.o(i.ADC_SoftwareStartConvCmd)
    ADC_StartCalibration                     0x08001861   Thumb Code    10  stm32f10x_adc.o(i.ADC_StartCalibration)
    DMA1_Channel1_Event                      0x0800186b   Thumb Code     2  dma_stm32f10x.o(i.DMA1_Channel1_Event)
    DMA1_Channel1_IRQHandler                 0x0800186d   Thumb Code    22  dma_stm32f10x.o(i.DMA1_Channel1_IRQHandler)
    DMA1_Channel2_Event                      0x08001889   Thumb Code     2  dma_stm32f10x.o(i.DMA1_Channel2_Event)
    DMA1_Channel2_IRQHandler                 0x0800188d   Thumb Code    24  dma_stm32f10x.o(i.DMA1_Channel2_IRQHandler)
    DMA1_Channel3_Event                      0x080018a9   Thumb Code     2  dma_stm32f10x.o(i.DMA1_Channel3_Event)
    DMA1_Channel3_IRQHandler                 0x080018ad   Thumb Code    24  dma_stm32f10x.o(i.DMA1_Channel3_IRQHandler)
    DMA1_Channel4_Event                      0x080018c9   Thumb Code     2  dma_stm32f10x.o(i.DMA1_Channel4_Event)
    DMA1_Channel4_IRQHandler                 0x080018cd   Thumb Code    24  dma_stm32f10x.o(i.DMA1_Channel4_IRQHandler)
    DMA1_Channel5_Event                      0x080018e9   Thumb Code     2  dma_stm32f10x.o(i.DMA1_Channel5_Event)
    DMA1_Channel5_IRQHandler                 0x080018ed   Thumb Code    24  dma_stm32f10x.o(i.DMA1_Channel5_IRQHandler)
    DMA1_Channel6_Event                      0x08001909   Thumb Code     2  dma_stm32f10x.o(i.DMA1_Channel6_Event)
    DMA1_Channel6_IRQHandler                 0x0800190d   Thumb Code    24  dma_stm32f10x.o(i.DMA1_Channel6_IRQHandler)
    DMA1_Channel7_Event                      0x08001929   Thumb Code     2  dma_stm32f10x.o(i.DMA1_Channel7_Event)
    DMA1_Channel7_IRQHandler                 0x0800192d   Thumb Code    24  dma_stm32f10x.o(i.DMA1_Channel7_IRQHandler)
    DelayInit                                0x08001949   Thumb Code    16  delay.o(i.DelayInit)
    DelayUs                                  0x08001961   Thumb Code    26  delay.o(i.DelayUs)
    Fun_Adc_Read                             0x08001985   Thumb Code   138  thread.o(i.Fun_Adc_Read)
    Fun_Lcd                                  0x08001a21   Thumb Code   208  thread.o(i.Fun_Lcd)
    Fun_SPI_Read                             0x08001afd   Thumb Code   160  thread.o(i.Fun_SPI_Read)
    Fun_SPI_Write                            0x08001ba9   Thumb Code    46  thread.o(i.Fun_SPI_Write)
    Fun_Uart_Read                            0x08001bdd   Thumb Code   168  thread.o(i.Fun_Uart_Read)
    Fun_Uart_Write                           0x08001c95   Thumb Code    46  thread.o(i.Fun_Uart_Write)
    GPIO_Init                                0x08001cc9   Thumb Code   278  stm32f10x_gpio.o(i.GPIO_Init)
    Init_MailQueue                           0x08001de1   Thumb Code    18  mailqueue.o(i.Init_MailQueue)
    Init_Thread                              0x08001dfd   Thumb Code   102  thread.o(i.Init_Thread)
    Init_messageQue                          0x08001e95   Thumb Code    58  msgqueue.o(i.Init_messageQue)
    LCD_system_Init                          0x08001ee1   Thumb Code    50  main.o(i.LCD_system_Init)
    NVIC_Init                                0x08001f21   Thumb Code   100  misc.o(i.NVIC_Init)
    NVIC_PriorityGroupConfig                 0x08001f91   Thumb Code    10  misc.o(i.NVIC_PriorityGroupConfig)
    RCC_ADCCLKConfig                         0x08001fa5   Thumb Code    18  stm32f10x_rcc.o(i.RCC_ADCCLKConfig)
    RCC_APB1PeriphClockCmd                   0x08001fbd   Thumb Code    26  stm32f10x_rcc.o(i.RCC_APB1PeriphClockCmd)
    RCC_APB2PeriphClockCmd                   0x08001fdd   Thumb Code    26  stm32f10x_rcc.o(i.RCC_APB2PeriphClockCmd)
    RCC_GetClocksFreq                        0x08001ffd   Thumb Code   192  stm32f10x_rcc.o(i.RCC_GetClocksFreq)
    SPI2_GetChar                             0x080020d1   Thumb Code    10  system_parameters.o(i.SPI2_GetChar)
    SPI2_IRQHandler                          0x080020e1   Thumb Code    14  intrrupt_hndlrs.o(i.SPI2_IRQHandler)
    SPI2_Init                                0x080020f5   Thumb Code   162  system_parameters.o(i.SPI2_Init)
    SPI_I2S_ReceiveData                      0x080021a1   Thumb Code     6  stm32f10x_spi.o(i.SPI_I2S_ReceiveData)
    SPI_Init                                 0x080021a7   Thumb Code    60  stm32f10x_spi.o(i.SPI_Init)
    SystemCoreClockUpdate                    0x080022cd   Thumb Code   142  system_stm32f10x.o(i.SystemCoreClockUpdate)
    SystemInit                               0x08002371   Thumb Code    78  system_stm32f10x.o(i.SystemInit)
    USART2_GetChar                           0x080023d1   Thumb Code    10  system_parameters.o(i.USART2_GetChar)
    USART2_IRQHandler                        0x080023e1   Thumb Code    26  intrrupt_hndlrs.o(i.USART2_IRQHandler)
    USART2_Init                              0x08002405   Thumb Code   204  system_parameters.o(i.USART2_Init)
    USART2_PutChar                           0x080024e1   Thumb Code    28  system_parameters.o(i.USART2_PutChar)
    USART_Cmd                                0x08002501   Thumb Code    24  stm32f10x_usart.o(i.USART_Cmd)
    USART_GetFlagStatus                      0x08002519   Thumb Code    26  stm32f10x_usart.o(i.USART_GetFlagStatus)
    USART_ITConfig                           0x08002533   Thumb Code    74  stm32f10x_usart.o(i.USART_ITConfig)
    USART_Init                               0x0800257d   Thumb Code   210  stm32f10x_usart.o(i.USART_Init)
    USART_ReceiveData                        0x08002655   Thumb Code    10  stm32f10x_usart.o(i.USART_ReceiveData)
    USART_SendData                           0x0800265f   Thumb Code     8  stm32f10x_usart.o(i.USART_SendData)
    __ARM_fpclassify                         0x08002667   Thumb Code    40  fpclassify.o(i.__ARM_fpclassify)
    _init_box                                0x0800268f   Thumb Code    70  rt_membox.o(i._init_box)
    _mutex_acquire                           0x080026d5   Thumb Code    22  rtx_conf_cm.o(i._mutex_acquire)
    _mutex_initialize                        0x080026f5   Thumb Code    34  rtx_conf_cm.o(i._mutex_initialize)
    _mutex_release                           0x08002721   Thumb Code    18  rtx_conf_cm.o(i._mutex_release)
    dbg_init                                 0x0800273d   Thumb Code    34  hal_cm.o(i.dbg_init)
    dbg_task_notify                          0x0800276d   Thumb Code    32  hal_cm.o(i.dbg_task_notify)
    dbg_task_switch                          0x0800278d   Thumb Code    16  hal_cm.o(i.dbg_task_switch)
    isrMessageGet                            0x0800279d   Thumb Code    42  rt_cmsis.o(i.isrMessageGet)
    isrMessagePut                            0x080027c7   Thumb Code    44  rt_cmsis.o(i.isrMessagePut)
    isrSignalSet                             0x080027f3   Thumb Code    36  rt_cmsis.o(i.isrSignalSet)
    isr_evt_set                              0x08002819   Thumb Code    34  rt_event.o(i.isr_evt_set)
    isr_mbx_receive                          0x08002841   Thumb Code    86  rt_mailbox.o(i.isr_mbx_receive)
    isr_mbx_send                             0x08002897   Thumb Code    14  rt_mailbox.o(i.isr_mbx_send)
    lcd16x2_PutNum                           0x080028a5   Thumb Code    54  lcd16x2.o(i.lcd16x2_PutNum)
    lcd16x2_clear_line                       0x080028e1   Thumb Code    44  lcd16x2.o(i.lcd16x2_clear_line)
    lcd16x2_clrscr                           0x08002921   Thumb Code    10  lcd16x2.o(i.lcd16x2_clrscr)
    lcd16x2_entry_inc                        0x0800292b   Thumb Code    10  lcd16x2.o(i.lcd16x2_entry_inc)
    lcd16x2_getxy                            0x08002935   Thumb Code     8  lcd16x2.o(i.lcd16x2_getxy)
    lcd16x2_gotoxy                           0x0800293d   Thumb Code    36  lcd16x2.o(i.lcd16x2_gotoxy)
    lcd16x2_init                             0x08002961   Thumb Code   186  lcd16x2.o(i.lcd16x2_init)
    lcd16x2_putc                             0x08002a45   Thumb Code    56  lcd16x2.o(i.lcd16x2_putc)
    lcd16x2_puts                             0x08002a7d   Thumb Code    22  lcd16x2.o(i.lcd16x2_puts)
    lcd16x2_write_command                    0x08002cd9   Thumb Code    18  lcd16x2.o(i.lcd16x2_write_command)
    lcd16x2_write_data                       0x08002ceb   Thumb Code    18  lcd16x2.o(i.lcd16x2_write_data)
    main                                     0x08002cfd   Thumb Code    48  main.o(i.main)
    osDelay                                  0x08002d2d   Thumb Code    18  rt_cmsis.o(i.osDelay)
    osKernelInitialize                       0x08002d45   Thumb Code    30  rt_cmsis.o(i.osKernelInitialize)
    osKernelStart                            0x08002d69   Thumb Code    98  rt_cmsis.o(i.osKernelStart)
    osMailAlloc                              0x08002dd5   Thumb Code    22  rt_cmsis.o(i.osMailAlloc)
    osMailCreate                             0x08002df1   Thumb Code    36  rt_cmsis.o(i.osMailCreate)
    osMailFree                               0x08002e1d   Thumb Code    22  rt_cmsis.o(i.osMailFree)
    osMailGet                                0x08002e39   Thumb Code    22  rt_cmsis.o(i.osMailGet)
    osMailPut                                0x08002e4f   Thumb Code    20  rt_cmsis.o(i.osMailPut)
    osMessageCreate                          0x08002e65   Thumb Code    36  rt_cmsis.o(i.osMessageCreate)
    osMessageGet                             0x08002e91   Thumb Code    18  rt_cmsis.o(i.osMessageGet)
    osMessagePut                             0x08002ea9   Thumb Code    18  rt_cmsis.o(i.osMessagePut)
    osSignalClear                            0x08002ec1   Thumb Code    20  rt_cmsis.o(i.osSignalClear)
    osSignalSet                              0x08002ed9   Thumb Code    18  rt_cmsis.o(i.osSignalSet)
    osSignalWait                             0x08002ef1   Thumb Code    18  rt_cmsis.o(i.osSignalWait)
    osThreadCreate                           0x08002f09   Thumb Code    36  rt_cmsis.o(i.osThreadCreate)
    osThreadExit                             0x08002f35   Thumb Code    14  rt_cmsis.o(i.osThreadExit)
    osTimerCall                              0x08002f4d   Thumb Code     8  rt_cmsis.o(i.osTimerCall)
    osTimerThread                            0x08002f59   Thumb Code    38  rt_cmsis.o(i.osTimerThread)
    os_error                                 0x08002f85   Thumb Code    34  rtx_conf_cm.o(i.os_error)
    os_idle_demon                            0x08002fa7   Thumb Code     6  rtx_conf_cm.o(i.os_idle_demon)
    os_tick_init                             0x08002fad   Thumb Code    32  rt_system.o(i.os_tick_init)
    os_tick_irqack                           0x08002fd5   Thumb Code     2  rt_system.o(i.os_tick_irqack)
    rt_alloc_box                             0x08002fd7   Thumb Code    26  rt_membox.o(i.rt_alloc_box)
    rt_alloc_mem                             0x08002ff1   Thumb Code    62  rt_memory.o(i.rt_alloc_mem)
    rt_block                                 0x08003031   Thumb Code    48  rt_task.o(i.rt_block)
    rt_chk_robin                             0x08003069   Thumb Code    60  rt_robin.o(i.rt_chk_robin)
    rt_dec_dly                               0x080030b1   Thumb Code   102  rt_list.o(i.rt_dec_dly)
    rt_dispatch                              0x08003121   Thumb Code    60  rt_task.o(i.rt_dispatch)
    rt_dly_wait                              0x08003165   Thumb Code     6  rt_time.o(i.rt_dly_wait)
    rt_evt_clr                               0x0800316d   Thumb Code    22  rt_event.o(i.rt_evt_clr)
    rt_evt_psh                               0x08003189   Thumb Code    76  rt_event.o(i.rt_evt_psh)
    rt_evt_set                               0x080031d9   Thumb Code    88  rt_event.o(i.rt_evt_set)
    rt_evt_wait                              0x08003235   Thumb Code    56  rt_event.o(i.rt_evt_wait)
    rt_free_box                              0x08003271   Thumb Code    44  rt_membox.o(i.rt_free_box)
    rt_free_mem                              0x0800329d   Thumb Code    40  rt_memory.o(i.rt_free_mem)
    rt_get_first                             0x080032c5   Thumb Code    40  rt_list.o(i.rt_get_first)
    rt_init_mem                              0x0800333d   Thumb Code    26  rt_memory.o(i.rt_init_mem)
    rt_init_robin                            0x08003359   Thumb Code    14  rt_robin.o(i.rt_init_robin)
    rt_init_stack                            0x08003371   Thumb Code   118  hal_cm.o(i.rt_init_stack)
    rt_mbx_check                             0x080033f1   Thumb Code     8  rt_mailbox.o(i.rt_mbx_check)
    rt_mbx_init                              0x080033f9   Thumb Code    26  rt_mailbox.o(i.rt_mbx_init)
    rt_mbx_psh                               0x08003415   Thumb Code   236  rt_mailbox.o(i.rt_mbx_psh)
    rt_mbx_send                              0x08003505   Thumb Code   148  rt_mailbox.o(i.rt_mbx_send)
    rt_mbx_wait                              0x0800359d   Thumb Code   174  rt_mailbox.o(i.rt_mbx_wait)
    rt_mut_init                              0x08003695   Thumb Code    16  rt_mutex.o(i.rt_mut_init)
    rt_mut_release                           0x080036a5   Thumb Code   208  rt_mutex.o(i.rt_mut_release)
    rt_mut_wait                              0x0800377d   Thumb Code   114  rt_mutex.o(i.rt_mut_wait)
    rt_pop_req                               0x080037f5   Thumb Code   112  rt_system.o(i.rt_pop_req)
    rt_psh_req                               0x08003871   Thumb Code    22  rt_system.o(i.rt_psh_req)
    rt_psq_enq                               0x08003891   Thumb Code    88  rt_list.o(i.rt_psq_enq)
    rt_put_dly                               0x080038ed   Thumb Code    68  rt_list.o(i.rt_put_dly)
    rt_put_prio                              0x08003935   Thumb Code    54  rt_list.o(i.rt_put_prio)
    rt_put_rdy_first                         0x0800396d   Thumb Code    14  rt_list.o(i.rt_put_rdy_first)
    rt_resort_prio                           0x08003981   Thumb Code    46  rt_list.o(i.rt_resort_prio)
    rt_ret_val                               0x080039b5   Thumb Code     6  hal_cm.o(i.rt_ret_val)
    rt_ret_val2                              0x080039bb   Thumb Code     8  hal_cm.o(i.rt_ret_val2)
    rt_rmv_dly                               0x080039c3   Thumb Code    40  rt_list.o(i.rt_rmv_dly)
    rt_rmv_list                              0x080039ed   Thumb Code    44  rt_list.o(i.rt_rmv_list)
    rt_sem_psh                               0x08003a1d   Thumb Code    48  rt_semaphore.o(i.rt_sem_psh)
    rt_stk_check                             0x08003a51   Thumb Code    28  rt_system.o(i.rt_stk_check)
    rt_switch_req                            0x08003a75   Thumb Code    30  rt_task.o(i.rt_switch_req)
    rt_sys_init                              0x08003a9d   Thumb Code   138  rt_task.o(i.rt_sys_init)
    rt_sys_start                             0x08003b69   Thumb Code   110  rt_task.o(i.rt_sys_start)
    rt_systick                               0x08003be1   Thumb Code    50  rt_system.o(i.rt_systick)
    rt_tsk_create                            0x08003c69   Thumb Code   118  rt_task.o(i.rt_tsk_create)
    rt_tsk_delete                            0x08003cf1   Thumb Code   352  rt_task.o(i.rt_tsk_delete)
    rt_tsk_prio                              0x08003e6d   Thumb Code   108  rt_task.o(i.rt_tsk_prio)
    rt_tsk_self                              0x08003ee9   Thumb Code    12  rt_task.o(i.rt_tsk_self)
    svcDelay                                 0x08003ef9   Thumb Code    18  rt_cmsis.o(i.svcDelay)
    svcKernelInitialize                      0x08003f0d   Thumb Code    80  rt_cmsis.o(i.svcKernelInitialize)
    svcKernelStart                           0x08003f7d   Thumb Code    62  rt_cmsis.o(i.svcKernelStart)
    svcMailCreate                            0x08003fc5   Thumb Code    66  rt_cmsis.o(i.svcMailCreate)
    svcMessageCreate                         0x08004007   Thumb Code    36  rt_cmsis.o(i.svcMessageCreate)
    svcMessageGet                            0x0800402b   Thumb Code    58  rt_cmsis.o(i.svcMessageGet)
    svcMessagePut                            0x08004065   Thumb Code    54  rt_cmsis.o(i.svcMessagePut)
    svcSignalClear                           0x0800409b   Thumb Code    36  rt_cmsis.o(i.svcSignalClear)
    svcSignalSet                             0x080040bf   Thumb Code    36  rt_cmsis.o(i.svcSignalSet)
    svcSignalWait                            0x080040e5   Thumb Code    80  rt_cmsis.o(i.svcSignalWait)
    svcThreadCreate                          0x08004139   Thumb Code    96  rt_cmsis.o(i.svcThreadCreate)
    svcThreadGetId                           0x080041a5   Thumb Code    22  rt_cmsis.o(i.svcThreadGetId)
    svcThreadTerminate                       0x080041c1   Thumb Code    50  rt_cmsis.o(i.svcThreadTerminate)
    svcTimerCall                             0x080041f9   Thumb Code    24  rt_cmsis.o(i.svcTimerCall)
    sysMailAlloc                             0x08004211   Thumb Code    84  rt_cmsis.o(i.sysMailAlloc)
    sysMailFree                              0x08004269   Thumb Code    96  rt_cmsis.o(i.sysMailFree)
    sysTimerTick                             0x080042c9   Thumb Code    84  rt_cmsis.o(i.sysTimerTick)
    _get_lc_numeric                          0x08004325   Thumb Code    44  lc_numeric_c.o(locale$$code)
    __aeabi_d2f                              0x08004351   Thumb Code     0  d2f.o(x$fpl$d2f)
    _d2f                                     0x08004351   Thumb Code    98  d2f.o(x$fpl$d2f)
    __aeabi_ddiv                             0x080043b5   Thumb Code     0  ddiv.o(x$fpl$ddiv)
    _ddiv                                    0x080043b5   Thumb Code   552  ddiv.o(x$fpl$ddiv)
    __aeabi_ui2d                             0x08004665   Thumb Code     0  dflt_clz.o(x$fpl$dfltu)
    _dfltu                                   0x08004665   Thumb Code    38  dflt_clz.o(x$fpl$dfltu)
    __aeabi_dmul                             0x0800468d   Thumb Code     0  dmul.o(x$fpl$dmul)
    _dmul                                    0x0800468d   Thumb Code   332  dmul.o(x$fpl$dmul)
    __fpl_dnaninf                            0x080047e1   Thumb Code   156  dnaninf.o(x$fpl$dnaninf)
    __fpl_dretinf                            0x0800487d   Thumb Code    12  dretinf.o(x$fpl$dretinf)
    __aeabi_f2d                              0x08004889   Thumb Code     0  f2d.o(x$fpl$f2d)
    _f2d                                     0x08004889   Thumb Code    86  f2d.o(x$fpl$f2d)
    __fpl_fnaninf                            0x080048df   Thumb Code   140  fnaninf.o(x$fpl$fnaninf)
    __fpl_fretinf                            0x0800496b   Thumb Code    10  fretinf.o(x$fpl$fretinf)
    _printf_fp_dec                           0x08004975   Thumb Code     4  printf1.o(x$fpl$printf1)
    __I$use$fp                               0x08004978   Number         0  usenofp.o(x$fpl$usenofp)
    os_thread_def_Fun_Uart_Read              0x08004978   Data          16  thread.o(.constdata)
    os_thread_def_Fun_Uart_Write             0x08004988   Data          16  thread.o(.constdata)
    os_thread_def_Fun_Lcd                    0x08004998   Data          16  thread.o(.constdata)
    os_thread_def_Fun_SPI_Read               0x080049a8   Data          16  thread.o(.constdata)
    os_thread_def_Fun_SPI_Write              0x080049b8   Data          16  thread.o(.constdata)
    os_thread_def_Fun_Adc_Read               0x080049c8   Data          16  thread.o(.constdata)
    os_messageQ_def_mid_Uart_Write           0x080049d8   Data           8  msgqueue.o(.constdata)
    os_messageQ_def_mid_Spi_Write            0x080049e0   Data           8  msgqueue.o(.constdata)
    os_mailQ_def_MailQueue                   0x080049e8   Data          12  mailqueue.o(.constdata)
    os_maxtaskrun                            0x080049f4   Data           2  rtx_conf_cm.o(.constdata)
    os_stackinfo                             0x080049f8   Data           4  rtx_conf_cm.o(.constdata)
    os_rrobin                                0x080049fc   Data           4  rtx_conf_cm.o(.constdata)
    os_tickfreq                              0x08004a00   Data           4  rtx_conf_cm.o(.constdata)
    os_tickus_i                              0x08004a04   Data           2  rtx_conf_cm.o(.constdata)
    os_tickus_f                              0x08004a06   Data           2  rtx_conf_cm.o(.constdata)
    os_trv                                   0x08004a08   Data           4  rtx_conf_cm.o(.constdata)
    os_flags                                 0x08004a0c   Data           1  rtx_conf_cm.o(.constdata)
    CMSIS_RTOS_API_Version                   0x08004a10   Data           4  rtx_conf_cm.o(.constdata)
    CMSIS_RTOS_RTX_Version                   0x08004a14   Data           4  rtx_conf_cm.o(.constdata)
    os_clockrate                             0x08004a18   Data           4  rtx_conf_cm.o(.constdata)
    os_timernum                              0x08004a1c   Data           4  rtx_conf_cm.o(.constdata)
    mp_tcb_size                              0x08004a20   Data           2  rtx_conf_cm.o(.constdata)
    mp_stk_size                              0x08004a24   Data           4  rtx_conf_cm.o(.constdata)
    os_stack_sz                              0x08004a28   Data           4  rtx_conf_cm.o(.constdata)
    os_fifo_size                             0x08004a2c   Data           1  rtx_conf_cm.o(.constdata)
    os_thread_def_osTimerThread              0x08004a30   Data          16  rtx_conf_cm.o(.constdata)
    os_messageQ_def_osTimerMessageQ          0x08004a40   Data           8  rtx_conf_cm.o(.constdata)
    mp_tmr_size                              0x08004a48   Data           2  rtx_conf_cm.o(.constdata)
    os_thread_def_main                       0x08004a4c   Data          16  rtx_conf_cm.o(.constdata)
    Region$$Table$$Base                      0x08004af0   Number         0  anon$$obj.o(Region$$Table)
    Region$$Table$$Limit                     0x08004b10   Number         0  anon$$obj.o(Region$$Table)
    GPIO_InitStruct                          0x20000006   Data           4  lcd16x2.o(.data)
    tid_Uart_Read                            0x2000000c   Data           4  thread.o(.data)
    tid_Lcd                                  0x20000010   Data           4  thread.o(.data)
    tid_Uart_Write                           0x20000014   Data           4  thread.o(.data)
    tid_SPI_Write                            0x20000018   Data           4  thread.o(.data)
    tid_SPI_Read                             0x2000001c   Data           4  thread.o(.data)
    tid_Adc_Read                             0x20000020   Data           4  thread.o(.data)
    mid_Uart_Write                           0x20000024   Data           4  msgqueue.o(.data)
    mid_Spi_Write                            0x20000028   Data           4  msgqueue.o(.data)
    qid_Lcd                                  0x2000002c   Data           4  mailqueue.o(.data)
    os_mailQ_p_MailQueue                     0x20000030   Data           8  mailqueue.o(.data)
    osThreadId_osTimerThread                 0x20000038   Data           4  rtx_conf_cm.o(.data)
    osMessageQId_osTimerMessageQ             0x2000003c   Data           4  rtx_conf_cm.o(.data)
    os_tmr                                   0x20000040   Data           4  rtx_conf_cm.o(.data)
    m_tmr                                    0x20000044   Data           4  rtx_conf_cm.o(.data)
    SystemCoreClock                          0x20000060   Data           4  system_stm32f10x.o(.data)
    AHBPrescTable                            0x20000064   Data          16  system_stm32f10x.o(.data)
    os_initialized                           0x20000074   Data           1  rt_cmsis.o(.data)
    os_running                               0x20000075   Data           1  rt_cmsis.o(.data)
    os_timer_head                            0x20000078   Data           4  rt_cmsis.o(.data)
    os_tsk                                   0x2000007c   Data           8  rt_task.o(.data)
    os_tick_irqn                             0x20000088   Data           4  rt_system.o(.data)
    os_time                                  0x2000008c   Data           4  rt_time.o(.data)
    os_robin                                 0x20000090   Data           8  rt_robin.o(.data)
    dbg_msg                                  0x20000098   Data           1  hal_cm.o(.data)
    Buff                                     0x2000009c   Data          14  thread.o(.bss)
    Uart                                     0x200000ac   Data          12  msgqueue.o(.bss)
    os_messageQ_q_mid_Uart_Write             0x200000b8   Data          64  msgqueue.o(.bss)
    os_messageQ_q_mid_Spi_Write              0x200000f8   Data          64  msgqueue.o(.bss)
    os_mailQ_q_MailQueue                     0x20000138   Data          64  mailqueue.o(.bss)
    os_mailQ_m_MailQueue                     0x20000178   Data         252  mailqueue.o(.bss)
    mp_tcb                                   0x20000278   Data         480  rtx_conf_cm.o(.bss)
    mp_stk                                   0x20000458   Data        8016  rtx_conf_cm.o(.bss)
    os_stack_mem                             0x200023a8   Data         528  rtx_conf_cm.o(.bss)
    os_fifo                                  0x200025b8   Data         772  rtx_conf_cm.o(.bss)
    os_active_TCB                            0x200028bc   Data          36  rtx_conf_cm.o(.bss)
    os_messageQ_q_osTimerMessageQ            0x200028e0   Data          32  rtx_conf_cm.o(.bss)
    os_idle_TCB                              0x20002ce0   Data          52  rt_task.o(.bss)
    os_rdy                                   0x20002d14   Data          24  rt_list.o(.bss)
    os_dly                                   0x20002d2c   Data          24  rt_list.o(.bss)
    __libspace_start                         0x20002d44   Data          96  libspace.o(.bss)
    __temporary_stack_top$libspace           0x20002da4   Data           0  libspace.o(.bss)



==============================================================================

Memory Map of the image

  Image Entry point : 0x080000ed

  Load Region LR_IROM1 (Base: 0x08000000, Size: 0x00004bc8, Max: 0x00010000, ABSOLUTE)

    Execution Region ER_IROM1 (Exec base: 0x08000000, Load base: 0x08000000, Size: 0x00004b2c, Max: 0x00010000, ABSOLUTE)

    Exec Addr    Load Addr    Size         Type   Attr      Idx    E Section Name        Object

    0x08000000   0x08000000   0x000000ec   Data   RO         1904    RESET               startup_stm32f10x_md.o
    0x080000ec   0x080000ec   0x00000008   Code   RO         3270  * !!!main             c_w.l(__main.o)
    0x080000f4   0x080000f4   0x00000034   Code   RO         3556    !!!scatter          c_w.l(__scatter.o)
    0x08000128   0x08000128   0x0000001a   Code   RO         3558    !!handler_copy      c_w.l(__scatter_copy.o)
    0x08000142   0x08000142   0x00000002   PAD
    0x08000144   0x08000144   0x0000001c   Code   RO         3560    !!handler_zi        c_w.l(__scatter_zi.o)
    0x08000160   0x08000160   0x00000000   Code   RO         3259    .ARM.Collect$$_printf_percent$$00000000  c_w.l(_printf_percent.o)
    0x08000160   0x08000160   0x00000006   Code   RO         3258    .ARM.Collect$$_printf_percent$$00000003  c_w.l(_printf_f.o)
    0x08000166   0x08000166   0x00000004   Code   RO         3332    .ARM.Collect$$_printf_percent$$00000017  c_w.l(_printf_percent_end.o)
    0x0800016a   0x0800016a   0x00000002   Code   RO         3508    .ARM.Collect$$libinit$$00000000  c_w.l(libinit.o)
    0x0800016c   0x0800016c   0x00000000   Code   RO         3336    .ARM.Collect$$libinit$$00000002  c_w.l(libinit2.o)
    0x0800016c   0x0800016c   0x00000000   Code   RO         3338    .ARM.Collect$$libinit$$00000004  c_w.l(libinit2.o)
    0x0800016c   0x0800016c   0x00000008   Code   RO         3339    .ARM.Collect$$libinit$$00000005  c_w.l(libinit2.o)
    0x08000174   0x08000174   0x00000000   Code   RO         3341    .ARM.Collect$$libinit$$0000000A  c_w.l(libinit2.o)
    0x08000174   0x08000174   0x00000000   Code   RO         3343    .ARM.Collect$$libinit$$0000000C  c_w.l(libinit2.o)
    0x08000174   0x08000174   0x00000000   Code   RO         3345    .ARM.Collect$$libinit$$0000000E  c_w.l(libinit2.o)
    0x08000174   0x08000174   0x00000006   Code   RO         3346    .ARM.Collect$$libinit$$0000000F  c_w.l(libinit2.o)
    0x0800017a   0x0800017a   0x00000000   Code   RO         3348    .ARM.Collect$$libinit$$00000011  c_w.l(libinit2.o)
    0x0800017a   0x0800017a   0x00000000   Code   RO         3350    .ARM.Collect$$libinit$$00000013  c_w.l(libinit2.o)
    0x0800017a   0x0800017a   0x00000000   Code   RO         3352    .ARM.Collect$$libinit$$00000015  c_w.l(libinit2.o)
    0x0800017a   0x0800017a   0x0000000a   Code   RO         3353    .ARM.Collect$$libinit$$00000016  c_w.l(libinit2.o)
    0x08000184   0x08000184   0x00000000   Code   RO         3354    .ARM.Collect$$libinit$$00000017  c_w.l(libinit2.o)
    0x08000184   0x08000184   0x00000000   Code   RO         3356    .ARM.Collect$$libinit$$00000019  c_w.l(libinit2.o)
    0x08000184   0x08000184   0x00000000   Code   RO         3358    .ARM.Collect$$libinit$$0000001B  c_w.l(libinit2.o)
    0x08000184   0x08000184   0x00000000   Code   RO         3360    .ARM.Collect$$libinit$$0000001D  c_w.l(libinit2.o)
    0x08000184   0x08000184   0x00000000   Code   RO         3362    .ARM.Collect$$libinit$$0000001F  c_w.l(libinit2.o)
    0x08000184   0x08000184   0x00000000   Code   RO         3364    .ARM.Collect$$libinit$$00000021  c_w.l(libinit2.o)
    0x08000184   0x08000184   0x00000000   Code   RO         3366    .ARM.Collect$$libinit$$00000023  c_w.l(libinit2.o)
    0x08000184   0x08000184   0x00000000   Code   RO         3368    .ARM.Collect$$libinit$$00000025  c_w.l(libinit2.o)
    0x08000184   0x08000184   0x00000000   Code   RO         3372    .ARM.Collect$$libinit$$0000002C  c_w.l(libinit2.o)
    0x08000184   0x08000184   0x00000000   Code   RO         3374    .ARM.Collect$$libinit$$0000002E  c_w.l(libinit2.o)
    0x08000184   0x08000184   0x00000000   Code   RO         3376    .ARM.Collect$$libinit$$00000030  c_w.l(libinit2.o)
    0x08000184   0x08000184   0x00000000   Code   RO         3378    .ARM.Collect$$libinit$$00000032  c_w.l(libinit2.o)
    0x08000184   0x08000184   0x00000002   Code   RO         3379    .ARM.Collect$$libinit$$00000033  c_w.l(libinit2.o)
    0x08000186   0x08000186   0x00000002   Code   RO         3509    .ARM.Collect$$libshutdown$$00000000  c_w.l(libshutdown.o)
    0x08000188   0x08000188   0x00000000   Code   RO         3521    .ARM.Collect$$libshutdown$$00000002  c_w.l(libshutdown2.o)
    0x08000188   0x08000188   0x00000000   Code   RO         3523    .ARM.Collect$$libshutdown$$00000004  c_w.l(libshutdown2.o)
    0x08000188   0x08000188   0x00000000   Code   RO         3526    .ARM.Collect$$libshutdown$$00000007  c_w.l(libshutdown2.o)
    0x08000188   0x08000188   0x00000000   Code   RO         3529    .ARM.Collect$$libshutdown$$0000000A  c_w.l(libshutdown2.o)
    0x08000188   0x08000188   0x00000000   Code   RO         3531    .ARM.Collect$$libshutdown$$0000000C  c_w.l(libshutdown2.o)
    0x08000188   0x08000188   0x00000000   Code   RO         3534    .ARM.Collect$$libshutdown$$0000000F  c_w.l(libshutdown2.o)
    0x08000188   0x08000188   0x00000002   Code   RO         3535    .ARM.Collect$$libshutdown$$00000010  c_w.l(libshutdown2.o)
    0x0800018a   0x0800018a   0x00000000   Code   RO         3290    .ARM.Collect$$rtentry$$00000000  c_w.l(__rtentry.o)
    0x0800018a   0x0800018a   0x00000000   Code   RO         3392    .ARM.Collect$$rtentry$$00000002  c_w.l(__rtentry2.o)
    0x0800018a   0x0800018a   0x00000006   Code   RO         3404    .ARM.Collect$$rtentry$$00000004  c_w.l(__rtentry4.o)
    0x08000190   0x08000190   0x00000000   Code   RO         3394    .ARM.Collect$$rtentry$$00000009  c_w.l(__rtentry2.o)
    0x08000190   0x08000190   0x00000004   Code   RO         3395    .ARM.Collect$$rtentry$$0000000A  c_w.l(__rtentry2.o)
    0x08000194   0x08000194   0x00000008   Code   RO         3396    .ARM.Collect$$rtentry$$0000000B  c_w.l(__rtentry2.o)
    0x0800019c   0x0800019c   0x00000008   Code   RO         3398    .ARM.Collect$$rtentry$$0000000D  c_w.l(__rtentry2.o)
    0x080001a4   0x080001a4   0x00000002   Code   RO         3291    .ARM.Collect$$rtexit$$00000000  c_w.l(rtexit.o)
    0x080001a6   0x080001a6   0x00000000   Code   RO         3407    .ARM.Collect$$rtexit$$00000002  c_w.l(rtexit2.o)
    0x080001a6   0x080001a6   0x00000004   Code   RO         3408    .ARM.Collect$$rtexit$$00000003  c_w.l(rtexit2.o)
    0x080001aa   0x080001aa   0x00000006   Code   RO         3409    .ARM.Collect$$rtexit$$00000004  c_w.l(rtexit2.o)
    0x080001b0   0x080001b0   0x0000001c   Code   RO          591    .emb_text           rtx_conf_cm.o
    0x080001cc   0x080001cc   0x00000130   Code   RO         3150    .emb_text           RTX_CM3.lib(hal_cm3.o)
    0x080002fc   0x080002fc   0x00000000   Code   RO         3424    .emb_text           c_w.l(maybetermalloc1.o)
    0x080002fc   0x080002fc   0x00000040   Code   RO         1905    .text               startup_stm32f10x_md.o
    0x0800033c   0x0800033c   0x00000008   Code   RO         3165    .text               c_w.l(libspace.o)
    0x08000344   0x08000344   0x0000009e   Code   RO         3176    .text               c_w.l(h1_alloc_mt.o)
    0x080003e2   0x080003e2   0x00000076   Code   RO         3178    .text               c_w.l(h1_free_mt.o)
    0x08000458   0x08000458   0x00000034   Code   RO         3234    .text               c_w.l(noretval__2snprintf.o)
    0x0800048c   0x0800048c   0x00000068   Code   RO         3236    .text               c_w.l(__printf.o)
    0x080004f4   0x080004f4   0x00000012   Code   RO         3260    .text               c_w.l(exit.o)
    0x08000506   0x08000506   0x0000008a   Code   RO         3262    .text               c_w.l(rt_memcpy_v6.o)
    0x08000590   0x08000590   0x00000064   Code   RO         3264    .text               c_w.l(rt_memcpy_w.o)
    0x080005f4   0x080005f4   0x00000080   Code   RO         3266    .text               c_w.l(strcmpv7m.o)
    0x08000674   0x08000674   0x00000006   Code   RO         3268    .text               c_w.l(heapauxi.o)
    0x0800067a   0x0800067a   0x0000000a   Code   RO         3302    .text               c_w.l(rt_heap_descriptor_twolibspace.o)
    0x08000684   0x08000684   0x00000004   Code   RO         3304    .text               c_w.l(hguard.o)
    0x08000688   0x08000688   0x0000008a   Code   RO         3306    .text               c_w.l(init_alloc.o)
    0x08000712   0x08000712   0x00000012   Code   RO         3312    .text               c_w.l(h1_init_mt.o)
    0x08000724   0x08000724   0x0000041e   Code   RO         3324    .text               c_w.l(_printf_fp_dec.o)
    0x08000b42   0x08000b42   0x00000002   PAD
    0x08000b44   0x08000b44   0x00000030   Code   RO         3326    .text               c_w.l(_printf_char_common.o)
    0x08000b74   0x08000b74   0x0000000a   Code   RO         3328    .text               c_w.l(_sputc.o)
    0x08000b7e   0x08000b7e   0x00000010   Code   RO         3330    .text               c_w.l(_snputc.o)
    0x08000b8e   0x08000b8e   0x0000000a   Code   RO         3420    .text               c_w.l(rt_locale_twolibspace.o)
    0x08000b98   0x08000b98   0x0000003e   Code   RO         3428    .text               c_w.l(h1_extend_mt.o)
    0x08000bd6   0x08000bd6   0x0000008a   Code   RO         3430    .text               c_w.l(lludiv10.o)
    0x08000c60   0x08000c60   0x00000080   Code   RO         3432    .text               c_w.l(_printf_fp_infnan.o)
    0x08000ce0   0x08000ce0   0x000000e4   Code   RO         3436    .text               c_w.l(bigflt0.o)
    0x08000dc4   0x08000dc4   0x0000000e   Code   RO         3464    .text               c_w.l(defsig_rtmem_outer.o)
    0x08000dd2   0x08000dd2   0x00000002   PAD
    0x08000dd4   0x08000dd4   0x0000000c   Code   RO         3479    .text               c_w.l(sys_exit.o)
    0x08000de0   0x08000de0   0x00000002   Code   RO         3481    .text               c_w.l(use_no_semi.o)
    0x08000de2   0x08000de2   0x00000000   Code   RO         3483    .text               c_w.l(indicate_semi.o)
    0x08000de2   0x08000de2   0x0000004a   Code   RO         3484    .text               c_w.l(sys_stackheap_outer.o)
    0x08000e2c   0x08000e2c   0x0000000a   Code   RO         3490    .text               c_w.l(defsig_exit.o)
    0x08000e36   0x08000e36   0x00000002   PAD
    0x08000e38   0x08000e38   0x00000050   Code   RO         3496    .text               c_w.l(defsig_rtmem_inner.o)
    0x08000e88   0x08000e88   0x00000032   Code   RO         3516    .text               c_w.l(defsig_general.o)
    0x08000eba   0x08000eba   0x0000000e   Code   RO         3536    .text               c_w.l(sys_wrch.o)
    0x08000ec8   0x08000ec8   0x0000003e   Code   RO         3439    CL$$btod_d2e        c_w.l(btod.o)
    0x08000f06   0x08000f06   0x00000046   Code   RO         3441    CL$$btod_d2e_denorm_low  c_w.l(btod.o)
    0x08000f4c   0x08000f4c   0x00000060   Code   RO         3440    CL$$btod_d2e_norm_op1  c_w.l(btod.o)
    0x08000fac   0x08000fac   0x00000338   Code   RO         3449    CL$$btod_div_common  c_w.l(btod.o)
    0x080012e4   0x080012e4   0x000000dc   Code   RO         3446    CL$$btod_e2e        c_w.l(btod.o)
    0x080013c0   0x080013c0   0x0000002a   Code   RO         3443    CL$$btod_ediv       c_w.l(btod.o)
    0x080013ea   0x080013ea   0x0000002a   Code   RO         3442    CL$$btod_emul       c_w.l(btod.o)
    0x08001414   0x08001414   0x00000244   Code   RO         3448    CL$$btod_mult_common  c_w.l(btod.o)
    0x08001658   0x08001658   0x00000004   Code   RO         3160    SVC_TABLE           RTX_CM3.lib(svc_table.o)
    0x0800165c   0x0800165c   0x0000009c   Code   RO          310    i.ADC1_Init         system_parameters.o
    0x080016f8   0x080016f8   0x00000016   Code   RO          796    i.ADC_Cmd           stm32f10x_adc.o
    0x0800170e   0x0800170e   0x00000014   Code   RO          804    i.ADC_GetCalibrationStatus  stm32f10x_adc.o
    0x08001722   0x08001722   0x00000014   Code   RO          810    i.ADC_GetResetCalibrationStatus  stm32f10x_adc.o
    0x08001736   0x08001736   0x00000002   PAD
    0x08001738   0x08001738   0x00000050   Code   RO          814    i.ADC_Init          stm32f10x_adc.o
    0x08001788   0x08001788   0x000000b8   Code   RO          818    i.ADC_RegularChannelConfig  stm32f10x_adc.o
    0x08001840   0x08001840   0x0000000a   Code   RO          819    i.ADC_ResetCalibration  stm32f10x_adc.o
    0x0800184a   0x0800184a   0x00000016   Code   RO          821    i.ADC_SoftwareStartConvCmd  stm32f10x_adc.o
    0x08001860   0x08001860   0x0000000a   Code   RO          823    i.ADC_StartCalibration  stm32f10x_adc.o
    0x0800186a   0x0800186a   0x00000002   Code   RO         1710    i.DMA1_Channel1_Event  dma_stm32f10x.o
    0x0800186c   0x0800186c   0x0000001c   Code   RO         1711    i.DMA1_Channel1_IRQHandler  dma_stm32f10x.o
    0x08001888   0x08001888   0x00000002   Code   RO         1712    i.DMA1_Channel2_Event  dma_stm32f10x.o
    0x0800188a   0x0800188a   0x00000002   PAD
    0x0800188c   0x0800188c   0x0000001c   Code   RO         1713    i.DMA1_Channel2_IRQHandler  dma_stm32f10x.o
    0x080018a8   0x080018a8   0x00000002   Code   RO         1714    i.DMA1_Channel3_Event  dma_stm32f10x.o
    0x080018aa   0x080018aa   0x00000002   PAD
    0x080018ac   0x080018ac   0x0000001c   Code   RO         1715    i.DMA1_Channel3_IRQHandler  dma_stm32f10x.o
    0x080018c8   0x080018c8   0x00000002   Code   RO         1716    i.DMA1_Channel4_Event  dma_stm32f10x.o
    0x080018ca   0x080018ca   0x00000002   PAD
    0x080018cc   0x080018cc   0x0000001c   Code   RO         1717    i.DMA1_Channel4_IRQHandler  dma_stm32f10x.o
    0x080018e8   0x080018e8   0x00000002   Code   RO         1718    i.DMA1_Channel5_Event  dma_stm32f10x.o
    0x080018ea   0x080018ea   0x00000002   PAD
    0x080018ec   0x080018ec   0x0000001c   Code   RO         1719    i.DMA1_Channel5_IRQHandler  dma_stm32f10x.o
    0x08001908   0x08001908   0x00000002   Code   RO         1720    i.DMA1_Channel6_Event  dma_stm32f10x.o
    0x0800190a   0x0800190a   0x00000002   PAD
    0x0800190c   0x0800190c   0x0000001c   Code   RO         1721    i.DMA1_Channel6_IRQHandler  dma_stm32f10x.o
    0x08001928   0x08001928   0x00000002   Code   RO         1722    i.DMA1_Channel7_Event  dma_stm32f10x.o
    0x0800192a   0x0800192a   0x00000002   PAD
    0x0800192c   0x0800192c   0x0000001c   Code   RO         1723    i.DMA1_Channel7_IRQHandler  dma_stm32f10x.o
    0x08001948   0x08001948   0x00000018   Code   RO            4    i.DelayInit         delay.o
    0x08001960   0x08001960   0x00000024   Code   RO            6    i.DelayUs           delay.o
    0x08001984   0x08001984   0x0000009c   Code   RO          469    i.Fun_Adc_Read      thread.o
    0x08001a20   0x08001a20   0x000000dc   Code   RO          470    i.Fun_Lcd           thread.o
    0x08001afc   0x08001afc   0x000000ac   Code   RO          471    i.Fun_SPI_Read      thread.o
    0x08001ba8   0x08001ba8   0x00000034   Code   RO          472    i.Fun_SPI_Write     thread.o
    0x08001bdc   0x08001bdc   0x000000b8   Code   RO          473    i.Fun_Uart_Read     thread.o
    0x08001c94   0x08001c94   0x00000034   Code   RO          474    i.Fun_Uart_Write    thread.o
    0x08001cc8   0x08001cc8   0x00000116   Code   RO         1030    i.GPIO_Init         stm32f10x_gpio.o
    0x08001dde   0x08001dde   0x00000002   PAD
    0x08001de0   0x08001de0   0x0000001c   Code   RO          561    i.Init_MailQueue    mailqueue.o
    0x08001dfc   0x08001dfc   0x00000098   Code   RO          475    i.Init_Thread       thread.o
    0x08001e94   0x08001e94   0x0000004c   Code   RO          537    i.Init_messageQue   msgqueue.o
    0x08001ee0   0x08001ee0   0x00000040   Code   RO          432    i.LCD_system_Init   main.o
    0x08001f20   0x08001f20   0x00000070   Code   RO          742    i.NVIC_Init         misc.o
    0x08001f90   0x08001f90   0x00000014   Code   RO          743    i.NVIC_PriorityGroupConfig  misc.o
    0x08001fa4   0x08001fa4   0x00000018   Code   RO         1150    i.RCC_ADCCLKConfig  stm32f10x_rcc.o
    0x08001fbc   0x08001fbc   0x00000020   Code   RO         1152    i.RCC_APB1PeriphClockCmd  stm32f10x_rcc.o
    0x08001fdc   0x08001fdc   0x00000020   Code   RO         1154    i.RCC_APB2PeriphClockCmd  stm32f10x_rcc.o
    0x08001ffc   0x08001ffc   0x000000d4   Code   RO         1162    i.RCC_GetClocksFreq  stm32f10x_rcc.o
    0x080020d0   0x080020d0   0x00000010   Code   RO          311    i.SPI2_GetChar      system_parameters.o
    0x080020e0   0x080020e0   0x00000014   Code   RO          386    i.SPI2_IRQHandler   intrrupt_hndlrs.o
    0x080020f4   0x080020f4   0x000000ac   Code   RO          312    i.SPI2_Init         system_parameters.o
    0x080021a0   0x080021a0   0x00000006   Code   RO         1378    i.SPI_I2S_ReceiveData  stm32f10x_spi.o
    0x080021a6   0x080021a6   0x0000003c   Code   RO         1380    i.SPI_Init          stm32f10x_spi.o
    0x080021e2   0x080021e2   0x00000008   Code   RO         1912    i.SetSysClock       system_stm32f10x.o
    0x080021ea   0x080021ea   0x00000002   PAD
    0x080021ec   0x080021ec   0x000000e0   Code   RO         1913    i.SetSysClockTo72   system_stm32f10x.o
    0x080022cc   0x080022cc   0x000000a4   Code   RO         1914    i.SystemCoreClockUpdate  system_stm32f10x.o
    0x08002370   0x08002370   0x00000060   Code   RO         1915    i.SystemInit        system_stm32f10x.o
    0x080023d0   0x080023d0   0x00000010   Code   RO          315    i.USART2_GetChar    system_parameters.o
    0x080023e0   0x080023e0   0x00000024   Code   RO          387    i.USART2_IRQHandler  intrrupt_hndlrs.o
    0x08002404   0x08002404   0x000000dc   Code   RO          316    i.USART2_Init       system_parameters.o
    0x080024e0   0x080024e0   0x00000020   Code   RO          317    i.USART2_PutChar    system_parameters.o
    0x08002500   0x08002500   0x00000018   Code   RO         1522    i.USART_Cmd         stm32f10x_usart.o
    0x08002518   0x08002518   0x0000001a   Code   RO         1525    i.USART_GetFlagStatus  stm32f10x_usart.o
    0x08002532   0x08002532   0x0000004a   Code   RO         1528    i.USART_ITConfig    stm32f10x_usart.o
    0x0800257c   0x0800257c   0x000000d8   Code   RO         1529    i.USART_Init        stm32f10x_usart.o
    0x08002654   0x08002654   0x0000000a   Code   RO         1536    i.USART_ReceiveData  stm32f10x_usart.o
    0x0800265e   0x0800265e   0x00000008   Code   RO         1539    i.USART_SendData    stm32f10x_usart.o
    0x08002666   0x08002666   0x00000028   Code   RO         3477    i.__ARM_fpclassify  m_ws.l(fpclassify.o)
    0x0800268e   0x0800268e   0x00000046   Code   RO         3049    i._init_box         RTX_CM3.lib(rt_membox.o)
    0x080026d4   0x080026d4   0x00000020   Code   RO          593    i._mutex_acquire    rtx_conf_cm.o
    0x080026f4   0x080026f4   0x0000002c   Code   RO          594    i._mutex_initialize  rtx_conf_cm.o
    0x08002720   0x08002720   0x0000001c   Code   RO          595    i._mutex_release    rtx_conf_cm.o
    0x0800273c   0x0800273c   0x00000030   Code   RO         3102    i.dbg_init          RTX_CM3.lib(hal_cm.o)
    0x0800276c   0x0800276c   0x00000020   Code   RO         3103    i.dbg_task_notify   RTX_CM3.lib(hal_cm.o)
    0x0800278c   0x0800278c   0x00000010   Code   RO         3104    i.dbg_task_switch   RTX_CM3.lib(hal_cm.o)
    0x0800279c   0x0800279c   0x0000002a   Code   RO         1958    i.isrMessageGet     RTX_CM3.lib(rt_cmsis.o)
    0x080027c6   0x080027c6   0x0000002c   Code   RO         1959    i.isrMessagePut     RTX_CM3.lib(rt_cmsis.o)
    0x080027f2   0x080027f2   0x00000024   Code   RO         1961    i.isrSignalSet      RTX_CM3.lib(rt_cmsis.o)
    0x08002816   0x08002816   0x00000002   PAD
    0x08002818   0x08002818   0x00000028   Code   RO         2786    i.isr_evt_set       RTX_CM3.lib(rt_event.o)
    0x08002840   0x08002840   0x00000056   Code   RO         2904    i.isr_mbx_receive   RTX_CM3.lib(rt_mailbox.o)
    0x08002896   0x08002896   0x0000000e   Code   RO         2905    i.isr_mbx_send      RTX_CM3.lib(rt_mailbox.o)
    0x080028a4   0x080028a4   0x0000003c   Code   RO           95    i.lcd16x2_PutNum    lcd16x2.o
    0x080028e0   0x080028e0   0x00000040   Code   RO           98    i.lcd16x2_clear_line  lcd16x2.o
    0x08002920   0x08002920   0x0000000a   Code   RO           99    i.lcd16x2_clrscr    lcd16x2.o
    0x0800292a   0x0800292a   0x0000000a   Code   RO          111    i.lcd16x2_entry_inc  lcd16x2.o
    0x08002934   0x08002934   0x00000008   Code   RO          113    i.lcd16x2_getxy     lcd16x2.o
    0x0800293c   0x0800293c   0x00000024   Code   RO          114    i.lcd16x2_gotoxy    lcd16x2.o
    0x08002960   0x08002960   0x000000cc   Code   RO          116    i.lcd16x2_init      lcd16x2.o
    0x08002a2c   0x08002a2c   0x00000018   Code   RO          117    i.lcd16x2_new_line  lcd16x2.o
    0x08002a44   0x08002a44   0x00000038   Code   RO          119    i.lcd16x2_putc      lcd16x2.o
    0x08002a7c   0x08002a7c   0x00000016   Code   RO          120    i.lcd16x2_puts      lcd16x2.o
    0x08002a92   0x08002a92   0x00000002   PAD
    0x08002a94   0x08002a94   0x000000fc   Code   RO          121    i.lcd16x2_read      lcd16x2.o
    0x08002b90   0x08002b90   0x00000020   Code   RO          122    i.lcd16x2_toggle_e  lcd16x2.o
    0x08002bb0   0x08002bb0   0x00000020   Code   RO          123    i.lcd16x2_wait_busy  lcd16x2.o
    0x08002bd0   0x08002bd0   0x00000108   Code   RO          124    i.lcd16x2_write     lcd16x2.o
    0x08002cd8   0x08002cd8   0x00000012   Code   RO          125    i.lcd16x2_write_command  lcd16x2.o
    0x08002cea   0x08002cea   0x00000012   Code   RO          126    i.lcd16x2_write_data  lcd16x2.o
    0x08002cfc   0x08002cfc   0x00000030   Code   RO          433    i.main              main.o
    0x08002d2c   0x08002d2c   0x00000018   Code   RO         1962    i.osDelay           RTX_CM3.lib(rt_cmsis.o)
    0x08002d44   0x08002d44   0x00000024   Code   RO         1963    i.osKernelInitialize  RTX_CM3.lib(rt_cmsis.o)
    0x08002d68   0x08002d68   0x0000006c   Code   RO         1965    i.osKernelStart     RTX_CM3.lib(rt_cmsis.o)
    0x08002dd4   0x08002dd4   0x0000001c   Code   RO         1967    i.osMailAlloc       RTX_CM3.lib(rt_cmsis.o)
    0x08002df0   0x08002df0   0x0000002c   Code   RO         1969    i.osMailCreate      RTX_CM3.lib(rt_cmsis.o)
    0x08002e1c   0x08002e1c   0x0000001c   Code   RO         1970    i.osMailFree        RTX_CM3.lib(rt_cmsis.o)
    0x08002e38   0x08002e38   0x00000016   Code   RO         1971    i.osMailGet         RTX_CM3.lib(rt_cmsis.o)
    0x08002e4e   0x08002e4e   0x00000014   Code   RO         1972    i.osMailPut         RTX_CM3.lib(rt_cmsis.o)
    0x08002e62   0x08002e62   0x00000002   PAD
    0x08002e64   0x08002e64   0x0000002c   Code   RO         1973    i.osMessageCreate   RTX_CM3.lib(rt_cmsis.o)
    0x08002e90   0x08002e90   0x00000018   Code   RO         1974    i.osMessageGet      RTX_CM3.lib(rt_cmsis.o)
    0x08002ea8   0x08002ea8   0x00000018   Code   RO         1975    i.osMessagePut      RTX_CM3.lib(rt_cmsis.o)
    0x08002ec0   0x08002ec0   0x00000018   Code   RO         1988    i.osSignalClear     RTX_CM3.lib(rt_cmsis.o)
    0x08002ed8   0x08002ed8   0x00000018   Code   RO         1989    i.osSignalSet       RTX_CM3.lib(rt_cmsis.o)
    0x08002ef0   0x08002ef0   0x00000018   Code   RO         1990    i.osSignalWait      RTX_CM3.lib(rt_cmsis.o)
    0x08002f08   0x08002f08   0x0000002c   Code   RO         1991    i.osThreadCreate    RTX_CM3.lib(rt_cmsis.o)
    0x08002f34   0x08002f34   0x00000018   Code   RO         1992    i.osThreadExit      RTX_CM3.lib(rt_cmsis.o)
    0x08002f4c   0x08002f4c   0x0000000c   Code   RO         1998    i.osTimerCall       RTX_CM3.lib(rt_cmsis.o)
    0x08002f58   0x08002f58   0x0000002c   Code   RO         2003    i.osTimerThread     RTX_CM3.lib(rt_cmsis.o)
    0x08002f84   0x08002f84   0x00000022   Code   RO          596    i.os_error          rtx_conf_cm.o
    0x08002fa6   0x08002fa6   0x00000006   Code   RO          597    i.os_idle_demon     rtx_conf_cm.o
    0x08002fac   0x08002fac   0x00000028   Code   RO         2696    i.os_tick_init      RTX_CM3.lib(rt_system.o)
    0x08002fd4   0x08002fd4   0x00000002   Code   RO         2697    i.os_tick_irqack    RTX_CM3.lib(rt_system.o)
    0x08002fd6   0x08002fd6   0x0000001a   Code   RO         3050    i.rt_alloc_box      RTX_CM3.lib(rt_membox.o)
    0x08002ff0   0x08002ff0   0x0000003e   Code   RO         3078    i.rt_alloc_mem      RTX_CM3.lib(rt_memory.o)
    0x0800302e   0x0800302e   0x00000002   PAD
    0x08003030   0x08003030   0x00000038   Code   RO         2577    i.rt_block          RTX_CM3.lib(rt_task.o)
    0x08003068   0x08003068   0x00000048   Code   RO         3027    i.rt_chk_robin      RTX_CM3.lib(rt_robin.o)
    0x080030b0   0x080030b0   0x00000070   Code   RO         2828    i.rt_dec_dly        RTX_CM3.lib(rt_list.o)
    0x08003120   0x08003120   0x00000044   Code   RO         2578    i.rt_dispatch       RTX_CM3.lib(rt_task.o)
    0x08003164   0x08003164   0x00000006   Code   RO         2994    i.rt_dly_wait       RTX_CM3.lib(rt_time.o)
    0x0800316a   0x0800316a   0x00000002   PAD
    0x0800316c   0x0800316c   0x0000001c   Code   RO         2787    i.rt_evt_clr        RTX_CM3.lib(rt_event.o)
    0x08003188   0x08003188   0x00000050   Code   RO         2789    i.rt_evt_psh        RTX_CM3.lib(rt_event.o)
    0x080031d8   0x080031d8   0x0000005c   Code   RO         2790    i.rt_evt_set        RTX_CM3.lib(rt_event.o)
    0x08003234   0x08003234   0x0000003c   Code   RO         2791    i.rt_evt_wait       RTX_CM3.lib(rt_event.o)
    0x08003270   0x08003270   0x0000002c   Code   RO         3051    i.rt_free_box       RTX_CM3.lib(rt_membox.o)
    0x0800329c   0x0800329c   0x00000028   Code   RO         3079    i.rt_free_mem       RTX_CM3.lib(rt_memory.o)
    0x080032c4   0x080032c4   0x00000028   Code   RO         2829    i.rt_get_first      RTX_CM3.lib(rt_list.o)
    0x080032ec   0x080032ec   0x00000008   Code   RO         2008    i.rt_id2obj         RTX_CM3.lib(rt_cmsis.o)
    0x080032f4   0x080032f4   0x00000048   Code   RO         2579    i.rt_init_context   RTX_CM3.lib(rt_task.o)
    0x0800333c   0x0800333c   0x0000001a   Code   RO         3080    i.rt_init_mem       RTX_CM3.lib(rt_memory.o)
    0x08003356   0x08003356   0x00000002   PAD
    0x08003358   0x08003358   0x00000018   Code   RO         3028    i.rt_init_robin     RTX_CM3.lib(rt_robin.o)
    0x08003370   0x08003370   0x00000080   Code   RO         3105    i.rt_init_stack     RTX_CM3.lib(hal_cm.o)
    0x080033f0   0x080033f0   0x00000008   Code   RO         2906    i.rt_mbx_check      RTX_CM3.lib(rt_mailbox.o)
    0x080033f8   0x080033f8   0x0000001a   Code   RO         2907    i.rt_mbx_init       RTX_CM3.lib(rt_mailbox.o)
    0x08003412   0x08003412   0x00000002   PAD
    0x08003414   0x08003414   0x000000f0   Code   RO         2908    i.rt_mbx_psh        RTX_CM3.lib(rt_mailbox.o)
    0x08003504   0x08003504   0x00000098   Code   RO         2909    i.rt_mbx_send       RTX_CM3.lib(rt_mailbox.o)
    0x0800359c   0x0800359c   0x000000b4   Code   RO         2910    i.rt_mbx_wait       RTX_CM3.lib(rt_mailbox.o)
    0x08003650   0x08003650   0x00000044   Code   RO         2009    i.rt_ms2tick        RTX_CM3.lib(rt_cmsis.o)
    0x08003694   0x08003694   0x00000010   Code   RO         2662    i.rt_mut_init       RTX_CM3.lib(rt_mutex.o)
    0x080036a4   0x080036a4   0x000000d8   Code   RO         2663    i.rt_mut_release    RTX_CM3.lib(rt_mutex.o)
    0x0800377c   0x0800377c   0x00000078   Code   RO         2664    i.rt_mut_wait       RTX_CM3.lib(rt_mutex.o)
    0x080037f4   0x080037f4   0x0000007c   Code   RO         2700    i.rt_pop_req        RTX_CM3.lib(rt_system.o)
    0x08003870   0x08003870   0x00000020   Code   RO         2701    i.rt_psh_req        RTX_CM3.lib(rt_system.o)
    0x08003890   0x08003890   0x0000005c   Code   RO         2831    i.rt_psq_enq        RTX_CM3.lib(rt_list.o)
    0x080038ec   0x080038ec   0x00000048   Code   RO         2832    i.rt_put_dly        RTX_CM3.lib(rt_list.o)
    0x08003934   0x08003934   0x00000036   Code   RO         2833    i.rt_put_prio       RTX_CM3.lib(rt_list.o)
    0x0800396a   0x0800396a   0x00000002   PAD
    0x0800396c   0x0800396c   0x00000014   Code   RO         2834    i.rt_put_rdy_first  RTX_CM3.lib(rt_list.o)
    0x08003980   0x08003980   0x00000034   Code   RO         2835    i.rt_resort_prio    RTX_CM3.lib(rt_list.o)
    0x080039b4   0x080039b4   0x00000006   Code   RO         3106    i.rt_ret_val        RTX_CM3.lib(hal_cm.o)
    0x080039ba   0x080039ba   0x00000008   Code   RO         3107    i.rt_ret_val2       RTX_CM3.lib(hal_cm.o)
    0x080039c2   0x080039c2   0x00000028   Code   RO         2836    i.rt_rmv_dly        RTX_CM3.lib(rt_list.o)
    0x080039ea   0x080039ea   0x00000002   PAD
    0x080039ec   0x080039ec   0x00000030   Code   RO         2837    i.rt_rmv_list       RTX_CM3.lib(rt_list.o)
    0x08003a1c   0x08003a1c   0x00000034   Code   RO         2955    i.rt_sem_psh        RTX_CM3.lib(rt_semaphore.o)
    0x08003a50   0x08003a50   0x00000024   Code   RO         2703    i.rt_stk_check      RTX_CM3.lib(rt_system.o)
    0x08003a74   0x08003a74   0x00000028   Code   RO         2580    i.rt_switch_req     RTX_CM3.lib(rt_task.o)
    0x08003a9c   0x08003a9c   0x000000cc   Code   RO         2581    i.rt_sys_init       RTX_CM3.lib(rt_task.o)
    0x08003b68   0x08003b68   0x00000078   Code   RO         2582    i.rt_sys_start      RTX_CM3.lib(rt_task.o)
    0x08003be0   0x08003be0   0x00000040   Code   RO         2705    i.rt_systick        RTX_CM3.lib(rt_system.o)
    0x08003c20   0x08003c20   0x00000012   Code   RO         2010    i.rt_tid2ptcb       RTX_CM3.lib(rt_cmsis.o)
    0x08003c32   0x08003c32   0x00000002   PAD
    0x08003c34   0x08003c34   0x00000034   Code   RO         2011    i.rt_timer_insert   RTX_CM3.lib(rt_cmsis.o)
    0x08003c68   0x08003c68   0x00000088   Code   RO         2583    i.rt_tsk_create     RTX_CM3.lib(rt_task.o)
    0x08003cf0   0x08003cf0   0x0000017c   Code   RO         2584    i.rt_tsk_delete     RTX_CM3.lib(rt_task.o)
    0x08003e6c   0x08003e6c   0x0000007c   Code   RO         2586    i.rt_tsk_prio       RTX_CM3.lib(rt_task.o)
    0x08003ee8   0x08003ee8   0x00000010   Code   RO         2587    i.rt_tsk_self       RTX_CM3.lib(rt_task.o)
    0x08003ef8   0x08003ef8   0x00000012   Code   RO         2013    i.svcDelay          RTX_CM3.lib(rt_cmsis.o)
    0x08003f0a   0x08003f0a   0x00000002   PAD
    0x08003f0c   0x08003f0c   0x00000070   Code   RO         2014    i.svcKernelInitialize  RTX_CM3.lib(rt_cmsis.o)
    0x08003f7c   0x08003f7c   0x00000048   Code   RO         2016    i.svcKernelStart    RTX_CM3.lib(rt_cmsis.o)
    0x08003fc4   0x08003fc4   0x00000042   Code   RO         2018    i.svcMailCreate     RTX_CM3.lib(rt_cmsis.o)
    0x08004006   0x08004006   0x00000024   Code   RO         2019    i.svcMessageCreate  RTX_CM3.lib(rt_cmsis.o)
    0x0800402a   0x0800402a   0x0000003a   Code   RO         2020    i.svcMessageGet     RTX_CM3.lib(rt_cmsis.o)
    0x08004064   0x08004064   0x00000036   Code   RO         2021    i.svcMessagePut     RTX_CM3.lib(rt_cmsis.o)
    0x0800409a   0x0800409a   0x00000024   Code   RO         2031    i.svcSignalClear    RTX_CM3.lib(rt_cmsis.o)
    0x080040be   0x080040be   0x00000024   Code   RO         2032    i.svcSignalSet      RTX_CM3.lib(rt_cmsis.o)
    0x080040e2   0x080040e2   0x00000002   PAD
    0x080040e4   0x080040e4   0x00000054   Code   RO         2033    i.svcSignalWait     RTX_CM3.lib(rt_cmsis.o)
    0x08004138   0x08004138   0x0000006c   Code   RO         2034    i.svcThreadCreate   RTX_CM3.lib(rt_cmsis.o)
    0x080041a4   0x080041a4   0x0000001c   Code   RO         2035    i.svcThreadGetId    RTX_CM3.lib(rt_cmsis.o)
    0x080041c0   0x080041c0   0x00000038   Code   RO         2038    i.svcThreadTerminate  RTX_CM3.lib(rt_cmsis.o)
    0x080041f8   0x080041f8   0x00000018   Code   RO         2040    i.svcTimerCall      RTX_CM3.lib(rt_cmsis.o)
    0x08004210   0x08004210   0x00000058   Code   RO         2045    i.sysMailAlloc      RTX_CM3.lib(rt_cmsis.o)
    0x08004268   0x08004268   0x00000060   Code   RO         2046    i.sysMailFree       RTX_CM3.lib(rt_cmsis.o)
    0x080042c8   0x080042c8   0x0000005c   Code   RO         2049    i.sysTimerTick      RTX_CM3.lib(rt_cmsis.o)
    0x08004324   0x08004324   0x0000002c   Code   RO         3462    locale$$code        c_w.l(lc_numeric_c.o)
    0x08004350   0x08004350   0x00000062   Code   RO         3272    x$fpl$d2f           fz_ws.l(d2f.o)
    0x080043b2   0x080043b2   0x00000002   PAD
    0x080043b4   0x080043b4   0x000002b0   Code   RO         3275    x$fpl$ddiv          fz_ws.l(ddiv.o)
    0x08004664   0x08004664   0x00000026   Code   RO         3278    x$fpl$dfltu         fz_ws.l(dflt_clz.o)
    0x0800468a   0x0800468a   0x00000002   PAD
    0x0800468c   0x0800468c   0x00000154   Code   RO         3284    x$fpl$dmul          fz_ws.l(dmul.o)
    0x080047e0   0x080047e0   0x0000009c   Code   RO         3380    x$fpl$dnaninf       fz_ws.l(dnaninf.o)
    0x0800487c   0x0800487c   0x0000000c   Code   RO         3382    x$fpl$dretinf       fz_ws.l(dretinf.o)
    0x08004888   0x08004888   0x00000056   Code   RO         3286    x$fpl$f2d           fz_ws.l(f2d.o)
    0x080048de   0x080048de   0x0000008c   Code   RO         3384    x$fpl$fnaninf       fz_ws.l(fnaninf.o)
    0x0800496a   0x0800496a   0x0000000a   Code   RO         3386    x$fpl$fretinf       fz_ws.l(fretinf.o)
    0x08004974   0x08004974   0x00000004   Code   RO         3288    x$fpl$printf1       fz_ws.l(printf1.o)
    0x08004978   0x08004978   0x00000000   Code   RO         3388    x$fpl$usenofp       fz_ws.l(usenofp.o)
    0x08004978   0x08004978   0x00000060   Data   RO          477    .constdata          thread.o
    0x080049d8   0x080049d8   0x00000010   Data   RO          539    .constdata          msgqueue.o
    0x080049e8   0x080049e8   0x0000000c   Data   RO          563    .constdata          mailqueue.o
    0x080049f4   0x080049f4   0x00000068   Data   RO          599    .constdata          rtx_conf_cm.o
    0x08004a5c   0x08004a5c   0x00000094   Data   RO         3437    .constdata          c_w.l(bigflt0.o)
    0x08004af0   0x08004af0   0x00000020   Data   RO         3554    Region$$Table       anon$$obj.o
    0x08004b10   0x08004b10   0x0000001c   Data   RO         3461    locale$$data        c_w.l(lc_numeric_c.o)


    Execution Region RW_IRAM1 (Exec base: 0x20000000, Load base: 0x08004b2c, Size: 0x000033a8, Max: 0x00005000, ABSOLUTE)

    Exec Addr    Load Addr    Size         Type   Attr      Idx    E Section Name        Object

    0x20000000   0x08004b2c   0x00000004   Data   RW            7    .data               delay.o
    0x20000004   0x08004b30   0x00000006   Data   RW          127    .data               lcd16x2.o
    0x2000000a   0x08004b36   0x00000002   PAD
    0x2000000c   0x08004b38   0x00000018   Data   RW          478    .data               thread.o
    0x20000024   0x08004b50   0x00000008   Data   RW          540    .data               msgqueue.o
    0x2000002c   0x08004b58   0x0000000c   Data   RW          564    .data               mailqueue.o
    0x20000038   0x08004b64   0x00000014   Data   RW          600    .data               rtx_conf_cm.o
    0x2000004c   0x08004b78   0x00000014   Data   RW         1182    .data               stm32f10x_rcc.o
    0x20000060   0x08004b8c   0x00000014   Data   RW         1916    .data               system_stm32f10x.o
    0x20000074   0x08004ba0   0x00000008   Data   RW         2052    .data               RTX_CM3.lib(rt_cmsis.o)
    0x2000007c   0x08004ba8   0x00000008   Data   RW         2589    .data               RTX_CM3.lib(rt_task.o)
    0x20000084   0x08004bb0   0x00000008   Data   RW         2708    .data               RTX_CM3.lib(rt_system.o)
    0x2000008c   0x08004bb8   0x00000004   Data   RW         2998    .data               RTX_CM3.lib(rt_time.o)
    0x20000090   0x08004bbc   0x00000008   Data   RW         3029    .data               RTX_CM3.lib(rt_robin.o)
    0x20000098   0x08004bc4   0x00000001   Data   RW         3108    .data               RTX_CM3.lib(hal_cm.o)
    0x20000099   0x08004bc5   0x00000003   PAD
    0x2000009c        -       0x0000000e   Zero   RW          476    .bss                thread.o
    0x200000aa   0x08004bc5   0x00000002   PAD
    0x200000ac        -       0x0000008c   Zero   RW          538    .bss                msgqueue.o
    0x20000138        -       0x0000013c   Zero   RW          562    .bss                mailqueue.o
    0x20000274   0x08004bc5   0x00000004   PAD
    0x20000278        -       0x00002a68   Zero   RW          598    .bss                rtx_conf_cm.o
    0x20002ce0        -       0x00000034   Zero   RW         2588    .bss                RTX_CM3.lib(rt_task.o)
    0x20002d14        -       0x00000030   Zero   RW         2838    .bss                RTX_CM3.lib(rt_list.o)
    0x20002d44        -       0x00000060   Zero   RW         3166    .bss                c_w.l(libspace.o)
    0x20002da4   0x08004bc5   0x00000004   PAD
    0x20002da8        -       0x00000200   Zero   RW         1903    HEAP                startup_stm32f10x_md.o
    0x20002fa8        -       0x00000400   Zero   RW         1902    STACK               startup_stm32f10x_md.o


==============================================================================

Image component sizes


      Code (inc. data)   RO Data    RW Data    ZI Data      Debug   Object Name

        60         18          0          4          0     249134   delay.o
       210         30          0          0          0       7203   dma_stm32f10x.o
        56         16          0          0          0       5719   intrrupt_hndlrs.o
      1110         74          0          6          0       8924   lcd16x2.o
        28         10         12         12        316       1449   mailqueue.o
       112         14          0          0          0       1029   main.o
       132         22          0          0          0       1675   misc.o
        76         18         16          8        140       1560   msgqueue.o
       172         36        104         20      10856       9995   rtx_conf_cm.o
        64         26        236          0       1536        860   startup_stm32f10x_md.o
       368         10          0          0          0       7204   stm32f10x_adc.o
       278          0          0          0          0       2072   stm32f10x_gpio.o
       300         38          0         20          0       5173   stm32f10x_rcc.o
        66          0          0          0          0       2297   stm32f10x_spi.o
       358          6          0          0          0       5689   stm32f10x_usart.o
       612         52          0          0          0      28694   system_parameters.o
       492         50          0         20          0       3153   system_stm32f10x.o
       988        120         96         24         14       5888   thread.o

    ----------------------------------------------------------------------
      5502        540        496        116      12868     347718   Object Totals
         0          0         32          0          0          0   (incl. Generated)
        20          0          0          2          6          0   (incl. Padding)

    ----------------------------------------------------------------------

      Code (inc. data)   RO Data    RW Data    ZI Data      Debug   Library Member Name

       238         24          0          1          0       3312   hal_cm.o
       304         36          0          0          0        768   hal_cm3.o
      1930        202          0          8          0      45200   rt_cmsis.o
       300         24          0          0          0       3183   rt_event.o
       530         34          0          0         48       8253   rt_list.o
       706         14          0          0          0       4787   rt_mailbox.o
       140          0          0          0          0       1925   rt_membox.o
       128          0          0          0          0       2307   rt_memory.o
       352         14          0          0          0       2105   rt_mutex.o
        96         22          0          8          0       1158   rt_robin.o
        52          4          0          0          0        573   rt_semaphore.o
       298         52          0          8          0       6223   rt_system.o
      1216        174          0          8         52       9649   rt_task.o
         6          0          0          4          0        652   rt_time.o
         4          4          0          0          0        208   svc_table.o
         8          0          0          0          0         68   __main.o
       104          0          0          0          0         84   __printf.o
         0          0          0          0          0          0   __rtentry.o
        20          0          0          0          0          0   __rtentry2.o
         6          0          0          0          0          0   __rtentry4.o
        52          8          0          0          0          0   __scatter.o
        26          0          0          0          0          0   __scatter_copy.o
        28          0          0          0          0          0   __scatter_zi.o
        48          6          0          0          0         96   _printf_char_common.o
         6          0          0          0          0          0   _printf_f.o
      1054          0          0          0          0        216   _printf_fp_dec.o
       128         16          0          0          0         84   _printf_fp_infnan.o
         0          0          0          0          0          0   _printf_percent.o
         4          0          0          0          0          0   _printf_percent_end.o
        16          0          0          0          0         68   _snputc.o
        10          0          0          0          0         68   _sputc.o
       228          4        148          0          0         96   bigflt0.o
      1936        128          0          0          0        672   btod.o
        10          0          0          0          0         68   defsig_exit.o
        50          0          0          0          0         88   defsig_general.o
        80         58          0          0          0         76   defsig_rtmem_inner.o
        14          0          0          0          0         80   defsig_rtmem_outer.o
        18          0          0          0          0         80   exit.o
       158          0          0          0          0        128   h1_alloc_mt.o
        62          0          0          0          0         80   h1_extend_mt.o
       118          0          0          0          0        108   h1_free_mt.o
        18          0          0          0          0         84   h1_init_mt.o
         6          0          0          0          0        152   heapauxi.o
         4          0          0          0          0        136   hguard.o
         0          0          0          0          0          0   indicate_semi.o
       138          0          0          0          0        168   init_alloc.o
        44         10         28          0          0         76   lc_numeric_c.o
         2          0          0          0          0          0   libinit.o
        26          0          0          0          0          0   libinit2.o
         2          0          0          0          0          0   libshutdown.o
         2          0          0          0          0          0   libshutdown2.o
         8          4          0          0         96         68   libspace.o
       138          0          0          0          0         80   lludiv10.o
         0          0          0          0          0          0   maybetermalloc1.o
        52          4          0          0          0         84   noretval__2snprintf.o
        10          0          0          0          0         76   rt_heap_descriptor_twolibspace.o
        10          0          0          0          0         76   rt_locale_twolibspace.o
       138          0          0          0          0         68   rt_memcpy_v6.o
       100          0          0          0          0         80   rt_memcpy_w.o
         2          0          0          0          0          0   rtexit.o
        10          0          0          0          0          0   rtexit2.o
       128          0          0          0          0         68   strcmpv7m.o
        12          4          0          0          0         68   sys_exit.o
        74          0          0          0          0         80   sys_stackheap_outer.o
        14          0          0          0          0         76   sys_wrch.o
         2          0          0          0          0         68   use_no_semi.o
        98          4          0          0          0         92   d2f.o
       688        140          0          0          0        208   ddiv.o
        38          0          0          0          0         68   dflt_clz.o
       340         12          0          0          0        104   dmul.o
       156          4          0          0          0         92   dnaninf.o
        12          0          0          0          0         68   dretinf.o
        86          4          0          0          0         84   f2d.o
       140          4          0          0          0         84   fnaninf.o
        10          0          0          0          0         68   fretinf.o
         4          0          0          0          0         68   printf1.o
         0          0          0          0          0          0   usenofp.o
        40          0          0          0          0         68   fpclassify.o

    ----------------------------------------------------------------------
     13070       1014        176         40        200      94975   Library Totals
        34          0          0          3          4          0   (incl. Padding)

    ----------------------------------------------------------------------

      Code (inc. data)   RO Data    RW Data    ZI Data      Debug   Library Name

      6300        604          0         37        100      90303   RTX_CM3.lib
      5124        242        176          0         96       3668   c_w.l
      1572        168          0          0          0        936   fz_ws.l
        40          0          0          0          0         68   m_ws.l

    ----------------------------------------------------------------------
     13070       1014        176         40        200      94975   Library Totals

    ----------------------------------------------------------------------

==============================================================================


      Code (inc. data)   RO Data    RW Data    ZI Data      Debug   

     18572       1554        672        156      13068     431041   Grand Totals
     18572       1554        672        156      13068     431041   ELF Image Totals
     18572       1554        672        156          0          0   ROM Totals

==============================================================================

    Total RO  Size (Code + RO Data)                19244 (  18.79kB)
    Total RW  Size (RW Data + ZI Data)             13224 (  12.91kB)
    Total ROM Size (Code + RO Data + RW Data)      19400 (  18.95kB)

==============================================================================

